Archive member included to satisfy reference by file (symbol)

/usr/lib/gcc/arm-none-eabi/10.3.1/thumb/v6-m/nofp/libgcc.a(_udivsi3.o)
                              Main_code/Main_GS/gs_main.o (__aeabi_uidiv)
/usr/lib/gcc/arm-none-eabi/10.3.1/thumb/v6-m/nofp/libgcc.a(_divsi3.o)
                              core/system_stm32wlxx.o (__aeabi_idiv)
/usr/lib/gcc/arm-none-eabi/10.3.1/thumb/v6-m/nofp/libgcc.a(_dvmd_tls.o)
                              /usr/lib/gcc/arm-none-eabi/10.3.1/thumb/v6-m/nofp/libgcc.a(_udivsi3.o) (__aeabi_idiv0)
/usr/lib/gcc/arm-none-eabi/10.3.1/thumb/v6-m/nofp/libgcc.a(_aeabi_ldivmod.o)
                              core/timer_if.o (__aeabi_ldivmod)
/usr/lib/gcc/arm-none-eabi/10.3.1/thumb/v6-m/nofp/libgcc.a(_aeabi_uldivmod.o)
                              core/timer_if.o (__aeabi_uldivmod)
/usr/lib/gcc/arm-none-eabi/10.3.1/thumb/v6-m/nofp/libgcc.a(_muldi3.o)
                              core/timer_if.o (__aeabi_lmul)
/usr/lib/gcc/arm-none-eabi/10.3.1/thumb/v6-m/nofp/libgcc.a(_fixunssfsi.o)
                              ipc/Sring_buffer.o (__aeabi_f2uiz)
/usr/lib/gcc/arm-none-eabi/10.3.1/thumb/v6-m/nofp/libgcc.a(_udivmoddi4.o)
                              /usr/lib/gcc/arm-none-eabi/10.3.1/thumb/v6-m/nofp/libgcc.a(_aeabi_uldivmod.o) (__udivmoddi4)
/usr/lib/gcc/arm-none-eabi/10.3.1/thumb/v6-m/nofp/libgcc.a(bpabi.o)
                              /usr/lib/gcc/arm-none-eabi/10.3.1/thumb/v6-m/nofp/libgcc.a(_aeabi_ldivmod.o) (__gnu_ldivmod_helper)
/usr/lib/gcc/arm-none-eabi/10.3.1/thumb/v6-m/nofp/libgcc.a(divsf3.o)
                              ipc/Sring_buffer.o (__aeabi_fdiv)
/usr/lib/gcc/arm-none-eabi/10.3.1/thumb/v6-m/nofp/libgcc.a(mulsf3.o)
                              ipc/Sring_buffer.o (__aeabi_fmul)
/usr/lib/gcc/arm-none-eabi/10.3.1/thumb/v6-m/nofp/libgcc.a(subsf3.o)
                              /usr/lib/gcc/arm-none-eabi/10.3.1/thumb/v6-m/nofp/libgcc.a(_fixunssfsi.o) (__aeabi_fsub)
/usr/lib/gcc/arm-none-eabi/10.3.1/thumb/v6-m/nofp/libgcc.a(fixsfsi.o)
                              ipc/Sring_buffer.o (__aeabi_f2iz)
/usr/lib/gcc/arm-none-eabi/10.3.1/thumb/v6-m/nofp/libgcc.a(floatsisf.o)
                              ipc/Sring_buffer.o (__aeabi_i2f)
/usr/lib/gcc/arm-none-eabi/10.3.1/thumb/v6-m/nofp/libgcc.a(floatunsisf.o)
                              ipc/Sring_buffer.o (__aeabi_ui2f)
/usr/lib/gcc/arm-none-eabi/10.3.1/thumb/v6-m/nofp/libgcc.a(_arm_cmpsf2.o)
                              /usr/lib/gcc/arm-none-eabi/10.3.1/thumb/v6-m/nofp/libgcc.a(_fixunssfsi.o) (__aeabi_fcmpge)
/usr/lib/gcc/arm-none-eabi/10.3.1/thumb/v6-m/nofp/libgcc.a(_clzsi2.o)
                              /usr/lib/gcc/arm-none-eabi/10.3.1/thumb/v6-m/nofp/libgcc.a(divsf3.o) (__clzsi2)
/usr/lib/gcc/arm-none-eabi/10.3.1/thumb/v6-m/nofp/libgcc.a(_clzdi2.o)
                              /usr/lib/gcc/arm-none-eabi/10.3.1/thumb/v6-m/nofp/libgcc.a(_udivmoddi4.o) (__clzdi2)
/usr/lib/gcc/arm-none-eabi/10.3.1/thumb/v6-m/nofp/libgcc.a(_divdi3.o)
                              /usr/lib/gcc/arm-none-eabi/10.3.1/thumb/v6-m/nofp/libgcc.a(bpabi.o) (__divdi3)
/usr/lib/gcc/arm-none-eabi/10.3.1/thumb/v6-m/nofp/libgcc.a(eqsf2.o)
                              /usr/lib/gcc/arm-none-eabi/10.3.1/thumb/v6-m/nofp/libgcc.a(_arm_cmpsf2.o) (__eqsf2)
/usr/lib/gcc/arm-none-eabi/10.3.1/thumb/v6-m/nofp/libgcc.a(gesf2.o)
                              /usr/lib/gcc/arm-none-eabi/10.3.1/thumb/v6-m/nofp/libgcc.a(_arm_cmpsf2.o) (__gesf2)
/usr/lib/gcc/arm-none-eabi/10.3.1/thumb/v6-m/nofp/libgcc.a(lesf2.o)
                              /usr/lib/gcc/arm-none-eabi/10.3.1/thumb/v6-m/nofp/libgcc.a(_arm_cmpsf2.o) (__lesf2)
/usr/lib/gcc/arm-none-eabi/10.3.1/../../../arm-none-eabi/lib/thumb/v6-m/nofp/libc_nano.a(lib_a-ctype_.o)
                              protocol/ax25/ax25.o (_ctype_)
/usr/lib/gcc/arm-none-eabi/10.3.1/../../../arm-none-eabi/lib/thumb/v6-m/nofp/libc_nano.a(lib_a-memcpy-stub.o)
                              Main_code/Main_GS/gs_main.o (memcpy)
/usr/lib/gcc/arm-none-eabi/10.3.1/../../../arm-none-eabi/lib/thumb/v6-m/nofp/libc_nano.a(lib_a-memset.o)
                              Main_code/Main_GS/gs_main.o (memset)
/usr/lib/gcc/arm-none-eabi/10.3.1/../../../arm-none-eabi/lib/thumb/v6-m/nofp/libc_nano.a(lib_a-snprintf.o)
                              Main_code/Main_GS/gs_main.o (snprintf)
/usr/lib/gcc/arm-none-eabi/10.3.1/../../../arm-none-eabi/lib/thumb/v6-m/nofp/libc_nano.a(lib_a-strcmp.o)
                              Main_code/Main_GS/gs_main.o (strcmp)
/usr/lib/gcc/arm-none-eabi/10.3.1/../../../arm-none-eabi/lib/thumb/v6-m/nofp/libc_nano.a(lib_a-strlen-stub.o)
                              protocol/ax25/ax25.o (strlen)
/usr/lib/gcc/arm-none-eabi/10.3.1/../../../arm-none-eabi/lib/thumb/v6-m/nofp/libc_nano.a(lib_a-strncpy.o)
                              ipc/Sring_buffer.o (strncpy)
/usr/lib/gcc/arm-none-eabi/10.3.1/../../../arm-none-eabi/lib/thumb/v6-m/nofp/libc_nano.a(lib_a-vsnprintf.o)
                              uart/uart_debug.o (vsnprintf)
[...]
Memory Configuration

Name             Origin             Length             Attributes
FLASH            0x0000000008032000 0x000000000000e000 xr
RAM              0x0000000020009000 0x0000000000007000 xrw
*default*        0x0000000000000000 0xffffffffffffffff

Linker script and memory map

LOAD Main_code/Main_GS/gs_main.o
LOAD uart/uart_debug.o
LOAD ipc/Sring_buffer.o
LOAD protocol/ax25/ax25.o
LOAD protocol/ax25/crc16.o
LOAD protocol/g3ruh/g3ruh.o
LOAD Mission/protocol.o
LOAD Mission/radio_app.o
LOAD protocol/stm32wlxx_it.o
LOAD protocol/stm32_seq.o
LOAD protocol/stm32_lpm.o
LOAD core/stm32_mem.o
LOAD core/system_stm32wlxx.o
LOAD core/timer_if.o
LOAD core/rtc.o
LOAD core/error_handler.o
LOAD core/stm32_adv_trace.o
LOAD core/stm32_tiny_vsnprintf.o
LOAD core/stm32_trace_driver.o
LOAD radio_driver/radio.o
LOAD radio_driver/radio_driver.o
LOAD radio_driver/radio_fw.o
LOAD radio_driver/stm32_timer.o
LOAD radio_driver/sys_app.o
LOAD target/radio_board_if.o
LOAD subghz/subghz.o
LOAD hal/Src/stm32wlxx_hal.o
LOAD hal/Src/stm32wlxx_hal_subghz.o
LOAD hal/Src/stm32wlxx_hal_rtc.o
LOAD hal/Src/stm32wlxx_hal_rtc_ex.o
LOAD hal/Src/stm32wlxx_hal_rcc.o
LOAD hal/Src/stm32wlxx_hal_rcc_ex.o
LOAD hal/Src/stm32wlxx_hal_gpio.o
LOAD hal/Src/stm32wlxx_hal_cortex.o
LOAD hal/Src/stm32wlxx_hal_pwr.o
LOAD hal/Src/stm32wlxx_hal_pwr_ex.o
LOAD bsp/stm32wlxx_nucleo_radio.o
LOAD startup_cm0p.o
START GROUP
LOAD /usr/lib/gcc/arm-none-eabi/10.3.1/thumb/v6-m/nofp/libgcc.a
LOAD /usr/lib/gcc/arm-none-eabi/10.3.1/../../../arm-none-eabi/lib/thumb/v6-m/nofp/libc_nano.a
END GROUP
START GROUP
LOAD /usr/lib/gcc/arm-none-eabi/10.3.1/thumb/v6-m/nofp/libgcc.a
LOAD /usr/lib/gcc/arm-none-eabi/10.3.1/../../../arm-none-eabi/lib/thumb/v6-m/nofp/libc_nano.a
LOAD /usr/lib/gcc/arm-none-eabi/10.3.1/../../../arm-none-eabi/lib/thumb/v6-m/nofp/libnosys.a
END GROUP
START GROUP
LOAD /usr/lib/gcc/arm-none-eabi/10.3.1/thumb/v6-m/nofp/libgcc.a
LOAD /usr/lib/gcc/arm-none-eabi/10.3.1/../../../arm-none-eabi/lib/thumb/v6-m/nofp/libc_nano.a
LOAD /usr/lib/gcc/arm-none-eabi/10.3.1/../../../arm-none-eabi/lib/thumb/v6-m/nofp/libnosys.a
END GROUP
                0x0000000020010000                _estack = (ORIGIN (RAM) + LENGTH (RAM))
                0x0000000000000200                _Min_Heap_Size = 0x200
                0x0000000000000400                _Min_Stack_Size = 0x400

.isr_vector     0x0000000008032000       0xc0
                0x0000000008032000                . = ALIGN (0x4)
 *(.isr_vector)
 .isr_vector    0x0000000008032000       0xc0 startup_cm0p.o
                0x00000000080320c0                . = ALIGN (0x4)

.text           0x00000000080320c0     0x8db8
                0x00000000080320c0                . = ALIGN (0x4)
 *(.text)
 .text          0x00000000080320c0      0x114 /usr/lib/gcc/arm-none-eabi/10.3.1/thumb/v6-m/nofp/libgcc.a(_udivsi3.o)
                0x00000000080320c0                __udivsi3
                0x00000000080320c0                __aeabi_uidiv
                0x00000000080321cc                __aeabi_uidivmod
 .text          0x00000000080321d4      0x1d4 /usr/lib/gcc/arm-none-eabi/10.3.1/thumb/v6-m/nofp/libgcc.a(_divsi3.o)
                0x00000000080321d4                __aeabi_idiv
                0x00000000080321d4                __divsi3
                0x00000000080323a0                __aeabi_idivmod
 .text          0x00000000080323a8        0x4 /usr/lib/gcc/arm-none-eabi/10.3.1/thumb/v6-m/nofp/libgcc.a(_dvmd_tls.o)
                0x00000000080323a8                __aeabi_ldiv0
                0x00000000080323a8                __aeabi_idiv0
 .text          0x00000000080323ac       0x40 /usr/lib/gcc/arm-none-eabi/10.3.1/thumb/v6-m/nofp/libgcc.a(_aeabi_uldivmod.o)
                0x00000000080323ac                __aeabi_uldivmod
 .text          0x00000000080323ec       0x5c /usr/lib/gcc/arm-none-eabi/10.3.1/thumb/v6-m/nofp/libgcc.a(_muldi3.o)
                0x00000000080323ec                __aeabi_lmul
                0x00000000080323ec                __muldi3
 .text          0x0000000008032448      0x198 /usr/lib/gcc/arm-none-eabi/10.3.1/thumb/v6-m/nofp/libgcc.a(_udivmoddi4.o)
                0x0000000008032448                __udivmoddi4
 .text          0x00000000080325e0       0x3c /usr/lib/gcc/arm-none-eabi/10.3.1/thumb/v6-m/nofp/libgcc.a(_clzsi2.o)
                0x00000000080325e0                __clzsi2
 .text          0x000000000803261c       0x18 /usr/lib/gcc/arm-none-eabi/10.3.1/thumb/v6-m/nofp/libgcc.a(_clzdi2.o)
                0x000000000803261c                __clzdi2
 .text          0x0000000008032634       0xa4 /usr/lib/gcc/arm-none-eabi/10.3.1/../../../arm-none-eabi/lib/thumb/v6-m/nofp/libc_nano.a(lib_a-memcpy-stub.o)
                0x0000000008032634                memcpy
 .text          0x00000000080326d8       0xa8 /usr/lib/gcc/arm-none-eabi/10.3.1/../../../arm-none-eabi/lib/thumb/v6-m/nofp/libc_nano.a(lib_a-memset.o)
                0x00000000080326d8                memset
 .text          0x0000000008032780      0x100 /usr/lib/gcc/arm-none-eabi/10.3.1/../../../arm-none-eabi/lib/thumb/v6-m/nofp/libc_nano.a(lib_a-snprintf.o)
                0x0000000008032780                _sniprintf_r
                0x0000000008032780                _snprintf_r
                0x00000000080327fc                snprintf
                0x00000000080327fc                sniprintf
 .text          0x0000000008032880       0x88 /usr/lib/gcc/arm-none-eabi/10.3.1/../../../arm-none-eabi/lib/thumb/v6-m/nofp/libc_nano.a(lib_a-strcmp.o)
                0x0000000008032880                strcmp
 .text          0x0000000008032908       0x5c /usr/lib/gcc/arm-none-eabi/10.3.1/../../../arm-none-eabi/lib/thumb/v6-m/nofp/libc_nano.a(lib_a-strlen-stub.o)
                0x0000000008032908                strlen
 .text          0x0000000008032964       0xdc /usr/lib/gcc/arm-none-eabi/10.3.1/../../../arm-none-eabi/lib/thumb/v6-m/nofp/libc_nano.a(lib_a-vsnprintf.o)
                0x0000000008032964                vsnprintf
                0x0000000008032964                vsniprintf
                0x00000000080329d0                _vsnprintf_r
                0x00000000080329d0                _vsniprintf_r
 .text          0x0000000008032a40      0x428 /usr/lib/gcc/arm-none-eabi/10.3.1/../../../arm-none-eabi/lib/thumb/v6-m/nofp/libc_nano.a(lib_a-nano-svfprintf.o)
                0x0000000008032a40                __ssputs_r
                0x0000000008032b18                __ssprint_r
                0x0000000008032c2c                _svfprintf_r
                0x0000000008032c2c                _svfiprintf_r
 .text          0x0000000008032e68      0x3c4 /usr/lib/gcc/arm-none-eabi/10.3.1/../../../arm-none-eabi/lib/thumb/v6-m/nofp/libc_nano.a(lib_a-nano-vfprintf_i.o)
                0x0000000008032e68                _printf_common
                0x0000000008032fa4                _printf_i
 .text          0x000000000803322c       0x74 /usr/lib/gcc/arm-none-eabi/10.3.1/../../../arm-none-eabi/lib/thumb/v6-m/nofp/libc_nano.a(lib_a-memchr-stub.o)
                0x000000000803322c                memchr
 .text          0x00000000080332a0       0xac /usr/lib/gcc/arm-none-eabi/10.3.1/../../../arm-none-eabi/lib/thumb/v6-m/nofp/libc_nano.a(lib_a-memmove.o)
                0x00000000080332a0                memmove
 .text          0x000000000803334c       0xc0 /usr/lib/gcc/arm-none-eabi/10.3.1/../../../arm-none-eabi/lib/thumb/v6-m/nofp/libc_nano.a(lib_a-nano-freer.o)
                0x000000000803334c                _free_r
 .text          0x000000000803340c       0xc4 /usr/lib/gcc/arm-none-eabi/10.3.1/../../../arm-none-eabi/lib/thumb/v6-m/nofp/libc_nano.a(lib_a-nano-mallocr.o)
                0x000000000803340c                _malloc_r
 .text          0x00000000080334d0       0x50 /usr/lib/gcc/arm-none-eabi/10.3.1/../../../arm-none-eabi/lib/thumb/v6-m/nofp/libc_nano.a(lib_a-nano-reallocr.o)
                0x00000000080334d0                _realloc_r
 .text          0x0000000008033520       0x24 /usr/lib/gcc/arm-none-eabi/10.3.1/../../../arm-none-eabi/lib/thumb/v6-m/nofp/libc_nano.a(lib_a-sbrkr.o)
                0x0000000008033520                _sbrk_r
 .text          0x0000000008033544        0x8 /usr/lib/gcc/arm-none-eabi/10.3.1/../../../arm-none-eabi/lib/thumb/v6-m/nofp/libc_nano.a(lib_a-mlock.o)
                0x0000000008033544                __malloc_lock
                0x0000000008033548                __malloc_unlock
 .text          0x000000000803354c       0x14 /usr/lib/gcc/arm-none-eabi/10.3.1/../../../arm-none-eabi/lib/thumb/v6-m/nofp/libc_nano.a(lib_a-nano-msizer.o)
                0x000000000803354c                _malloc_usable_size_r
 .text          0x0000000008033560       0x1c /usr/lib/gcc/arm-none-eabi/10.3.1/../../../arm-none-eabi/lib/thumb/v6-m/nofp/libnosys.a(sbrk.o)
                0x0000000008033560                _sbrk
 *(.text*)
 .text.OnTxDone
                0x000000000803357c        0xc Main_code/Main_GS/gs_main.o
                0x000000000803357c                OnTxDone
 .text.OnRxTimeout
                0x0000000008033588        0xc Main_code/Main_GS/gs_main.o
                0x0000000008033588                OnRxTimeout
 .text.OnRxError
                0x0000000008033594        0xc Main_code/Main_GS/gs_main.o
                0x0000000008033594                OnRxError
 .text.OnRxDone
                0x00000000080335a0       0x2c Main_code/Main_GS/gs_main.o
                0x00000000080335a0                OnRxDone
 .text.Process_Received_Frame
                0x00000000080335cc      0x440 Main_code/Main_GS/gs_main.o
 .text.OnTxTimeout
                0x0000000008033a0c        0xc Main_code/Main_GS/gs_main.o
                0x0000000008033a0c                OnTxTimeout
 .text.startup.main
                0x0000000008033a18      0x3c8 Main_code/Main_GS/gs_main.o
                0x0000000008033a18                main
 .text.uart1_init
                0x0000000008033de0      0x238 uart/uart_debug.o
                0x0000000008033de0                uart1_init
 .text.uart1_putc
                0x0000000008034018       0xc0 uart/uart_debug.o
                0x0000000008034018                uart1_putc
 .text.uart2_init
                0x00000000080340d8        0x8 uart/uart_debug.o
                0x00000000080340d8                uart2_init
 .text.uart2_putc
                0x00000000080340e0        0x8 uart/uart_debug.o
                0x00000000080340e0                uart2_putc
 .text.uart2_puts
                0x00000000080340e8       0x24 uart/uart_debug.o
                0x00000000080340e8                uart2_puts
 .text.uart2_printf
                0x000000000803410c       0x50 uart/uart_debug.o
                0x000000000803410c                uart2_printf
 .text.uart2_try_getc
                0x000000000803415c       0x24 uart/uart_debug.o
                0x000000000803415c                uart2_try_getc
 .text.AX25_EncodeAddress
                0x0000000008034180       0xbc protocol/ax25/ax25.o
                0x0000000008034180                AX25_EncodeAddress
 .text.AX25_DecodeAddress
                0x000000000803423c       0x34 protocol/ax25/ax25.o
                0x000000000803423c                AX25_DecodeAddress
 .text.AX25_BuildFrame
                0x0000000008034270      0x138 protocol/ax25/ax25.o
                0x0000000008034270                AX25_BuildFrame
 .text.AX25_VerifyCRC_Method1
                0x00000000080343a8       0x4c protocol/ax25/ax25.o
                0x00000000080343a8                AX25_VerifyCRC_Method1
 .text.AX25_VerifyCRC_Method2
                0x00000000080343f4       0x90 protocol/ax25/ax25.o
                0x00000000080343f4                AX25_VerifyCRC_Method2
 .text.PutStuffedBit
                0x0000000008034484       0x48 Mission/protocol.o
 .text.Protocol_CreatePacket
                0x00000000080344cc      0x290 Mission/protocol.o
                0x00000000080344cc                Protocol_CreatePacket
 .text.Protocol_ExtractFrame
                0x000000000803475c      0x230 Mission/protocol.o
                0x000000000803475c                Protocol_ExtractFrame
 .text.RadioApp_Send
                0x000000000803498c      0x104 Mission/radio_app.o
                0x000000000803498c                RadioApp_Send
 .text.RadioApp_ForceOpenGfskParams
                0x0000000008034a90       0x98 Mission/radio_app.o
                0x0000000008034a90                RadioApp_ForceOpenGfskParams
 .text.RadioApp_Init
                0x0000000008034b28      0x124 Mission/radio_app.o
                0x0000000008034b28                RadioApp_Init
 .text.RadioApp_StartRx
                0x0000000008034c4c       0x40 Mission/radio_app.o
                0x0000000008034c4c                RadioApp_StartRx
 .text.uart1_direct_puts
                0x0000000008034c8c       0x28 protocol/stm32wlxx_it.o
 .text.uart1_direct_hex32
                0x0000000008034cb4       0x48 protocol/stm32wlxx_it.o
 .text.SysTick_Handler
                0x0000000008034cfc       0x14 protocol/stm32wlxx_it.o
                0x0000000008034cfc                SysTick_Handler
 .text.SysTick_Init_CPU2
                0x0000000008034d10       0x20 protocol/stm32wlxx_it.o
                0x0000000008034d10                SysTick_Init_CPU2
 .text.CPU2_Delay_Ms
                0x0000000008034d30       0x30 protocol/stm32wlxx_it.o
                0x0000000008034d30                CPU2_Delay_Ms
 .text.NMI_Handler
                0x0000000008034d60        0x4 protocol/stm32wlxx_it.o
                0x0000000008034d60                NMI_Handler
 .text.HardFault_Handler_C
                0x0000000008034d64       0xf8 protocol/stm32wlxx_it.o
                0x0000000008034d64                HardFault_Handler_C
 .text.HardFault_Handler
                0x0000000008034e5c       0x14 protocol/stm32wlxx_it.o
                0x0000000008034e5c                HardFault_Handler
 .text.SVC_Handler
                0x0000000008034e70        0x4 protocol/stm32wlxx_it.o
                0x0000000008034e70                SVC_Handler
 .text.PendSV_Handler
                0x0000000008034e74        0x4 protocol/stm32wlxx_it.o
                0x0000000008034e74                PendSV_Handler
 .text.IPCC_C2_RX_IRQHandler
                0x0000000008034e78       0x10 protocol/stm32wlxx_it.o
                0x0000000008034e78                IPCC_C2_RX_IRQHandler
 .text.SUBGHZ_Radio_IRQHandler
                0x0000000008034e88       0x10 protocol/stm32wlxx_it.o
                0x0000000008034e88                SUBGHZ_Radio_IRQHandler
 .text.UTIL_LPM_SetStopMode
                0x0000000008034e98       0x2c protocol/stm32_lpm.o
                0x0000000008034e98                UTIL_LPM_SetStopMode
 .text.UTIL_MEM_cpy_8
                0x0000000008034ec4       0x18 core/stm32_mem.o
                0x0000000008034ec4                UTIL_MEM_cpy_8
 .text.UTIL_MEM_set_8
                0x0000000008034edc        0xc core/stm32_mem.o
                0x0000000008034edc                UTIL_MEM_set_8
 .text.SystemInit
                0x0000000008034ee8        0x4 core/system_stm32wlxx.o
                0x0000000008034ee8                SystemInit
 .text.TIMER_IF_GetTimerContext
                0x0000000008034eec        0xc core/timer_if.o
                0x0000000008034eec                TIMER_IF_GetTimerContext
 .text.TIMER_IF_GetMinimumTimeout
                0x0000000008034ef8        0x4 core/timer_if.o
                0x0000000008034ef8                TIMER_IF_GetMinimumTimeout
 .text.TIMER_IF_Convert_ms2Tick
                0x0000000008034efc       0x14 core/timer_if.o
                0x0000000008034efc                TIMER_IF_Convert_ms2Tick
 .text.TIMER_IF_Convert_Tick2ms
                0x0000000008034f10       0x18 core/timer_if.o
                0x0000000008034f10                TIMER_IF_Convert_Tick2ms
 .text.TIMER_IF_SetTimerContext
                0x0000000008034f28       0x38 core/timer_if.o
                0x0000000008034f28                TIMER_IF_SetTimerContext
 .text.TIMER_IF_GetTimerElapsedTime
                0x0000000008034f60       0x40 core/timer_if.o
                0x0000000008034f60                TIMER_IF_GetTimerElapsedTime
 .text.TIMER_IF_GetTimerValue
                0x0000000008034fa0       0x28 core/timer_if.o
                0x0000000008034fa0                TIMER_IF_GetTimerValue
 .text.TIMER_IF_StopTimer
                0x0000000008034fc8       0x38 core/timer_if.o
                0x0000000008034fc8                TIMER_IF_StopTimer
 .text.TIMER_IF_StartTimer
                0x0000000008035000       0x7c core/timer_if.o
                0x0000000008035000                TIMER_IF_StartTimer
 .text.TIMER_IF_Init
                0x000000000803507c       0x9c core/timer_if.o
                0x000000000803507c                TIMER_IF_Init
 .text.MX_RTC_Init
                0x0000000008035118       0x8c core/rtc.o
                0x0000000008035118                MX_RTC_Init
 .text.HAL_RTC_MspInit
                0x00000000080351a4       0x74 core/rtc.o
                0x00000000080351a4                HAL_RTC_MspInit
 .text.Error_Handler
                0x0000000008035218        0x4 core/error_handler.o
                0x0000000008035218                Error_Handler
 .text.TRACE_AllocateBufer
                0x000000000803521c       0x64 core/stm32_adv_trace.o
 .text.TRACE_Send
                0x0000000008035280       0xb4 core/stm32_adv_trace.o
 .text.UTIL_ADV_TRACE_COND_FSend
                0x0000000008035334       0xe8 core/stm32_adv_trace.o
                0x0000000008035334                UTIL_ADV_TRACE_COND_FSend
 .text.tiny_vsnprintf_like
                0x000000000803541c      0x3a8 core/stm32_tiny_vsnprintf.o
                0x000000000803541c                tiny_vsnprintf_like
 .text.Trace_Init
                0x00000000080357c4        0x4 core/stm32_trace_driver.o
                0x00000000080357c4                Trace_Init
 .text.Trace_DeInit
                0x00000000080357c8        0x4 core/stm32_trace_driver.o
 .text.Trace_Send
                0x00000000080357cc        0x4 core/stm32_trace_driver.o
 .text.RadioCheckRfFrequency
                0x00000000080357d0        0x4 radio_driver/radio.o
 .text.RadioTimeOnAir
                0x00000000080357d4      0x130 radio_driver/radio.o
 .text.RadioOnTxTimeoutIrq
                0x0000000008035904       0x24 radio_driver/radio.o
 .text.RadioOnRxTimeoutIrq
                0x0000000008035928       0x24 radio_driver/radio.o
 .text.RadioLrFhssSetCfg
                0x000000000803594c        0x4 radio_driver/radio.o
 .text.RadioLrFhssGetTimeOnAirInMs
                0x0000000008035950        0x4 radio_driver/radio.o
 .text.RadioRead
                0x0000000008035954        0x8 radio_driver/radio.o
 .text.RadioWrite
                0x000000000803595c        0x8 radio_driver/radio.o
 .text.RadioTxCw
                0x0000000008035964       0x24 radio_driver/radio.o
 .text.RadioSetRxDutyCycle
                0x0000000008035988       0x38 radio_driver/radio.o
 .text.RadioRxBoosted
                0x00000000080359c0       0x7c radio_driver/radio.o
 .text.RadioStandby
                0x0000000008035a3c        0xc radio_driver/radio.o
 .text.RadioGetStatus
                0x0000000008035a48       0x1c radio_driver/radio.o
 .text.RadioGetWakeupTime
                0x0000000008035a64        0xc radio_driver/radio.o
 .text.RadioReadRegisters
                0x0000000008035a70        0x8 radio_driver/radio.o
 .text.RadioWriteRegisters
                0x0000000008035a78        0x8 radio_driver/radio.o
 .text.RadioRssi
                0x0000000008035a80        0xc radio_driver/radio.o
 .text.RadioSetTxContinuousWave
                0x0000000008035a8c       0x48 radio_driver/radio.o
 .text.RadioSetChannel
                0x0000000008035ad4        0x8 radio_driver/radio.o
 .text.RadioStartCad
                0x0000000008035adc       0x28 radio_driver/radio.o
 .text.RadioRx  0x0000000008035b04       0x7c radio_driver/radio.o
 .text.RadioRandom
                0x0000000008035b80       0x14 radio_driver/radio.o
 .text.RadioSetMaxPayloadLength
                0x0000000008035b94       0x38 radio_driver/radio.o
 .text.RadioSend
                0x0000000008035bcc      0x210 radio_driver/radio.o
 .text.RadioTxPrbs
                0x0000000008035ddc       0x2c radio_driver/radio.o
 .text.RadioIrqProcess
                0x0000000008035e08      0x2f4 radio_driver/radio.o
 .text.RadioOnDioIrq
                0x00000000080360fc       0x14 radio_driver/radio.o
 .text.RadioSleep
                0x0000000008036110       0x48 radio_driver/radio.o
 .text.RadioInit
                0x0000000008036158       0xd0 radio_driver/radio.o
 .text.RadioSetPublicNetwork
                0x0000000008036228       0x5c radio_driver/radio.o
 .text.RadioSetModem
                0x0000000008036284       0x60 radio_driver/radio.o
 .text.RadioSetTxConfig
                0x00000000080362e4      0x1fc radio_driver/radio.o
 .text.RadioSetRxGenericConfig
                0x00000000080364e0      0x268 radio_driver/radio.o
 .text.RadioSetRxConfig
                0x0000000008036748      0x348 radio_driver/radio.o
 .text.RadioIsChannelFree
                0x0000000008036a90       0xcc radio_driver/radio.o
 .text.RadioSetTxGenericConfig
                0x0000000008036b5c      0x2d4 radio_driver/radio.o
 .text.SUBGRF_GetOperatingMode
                0x0000000008036e30        0xc radio_driver/radio_driver.o
                0x0000000008036e30                SUBGRF_GetOperatingMode
 .text.SUBGRF_SetPayload
                0x0000000008036e3c       0x20 radio_driver/radio_driver.o
                0x0000000008036e3c                SUBGRF_SetPayload
 .text.SUBGRF_SendPayload
                0x0000000008036e5c       0x50 radio_driver/radio_driver.o
                0x0000000008036e5c                SUBGRF_SendPayload
 .text.SUBGRF_SetSyncWord
                0x0000000008036eac       0x24 radio_driver/radio_driver.o
                0x0000000008036eac                SUBGRF_SetSyncWord
 .text.SUBGRF_SetCrcPolynomial
                0x0000000008036ed0       0x3c radio_driver/radio_driver.o
                0x0000000008036ed0                SUBGRF_SetCrcPolynomial
 .text.SUBGRF_SetWhiteningSeed
                0x0000000008036f0c       0x84 radio_driver/radio_driver.o
                0x0000000008036f0c                SUBGRF_SetWhiteningSeed
 .text.SUBGRF_GetRandom
                0x0000000008036f90      0x138 radio_driver/radio_driver.o
                0x0000000008036f90                SUBGRF_GetRandom
 .text.SUBGRF_SetSleep
                0x00000000080370c8       0x94 radio_driver/radio_driver.o
                0x00000000080370c8                SUBGRF_SetSleep
 .text.SUBGRF_SetStandby
                0x000000000803715c       0x3c radio_driver/radio_driver.o
                0x000000000803715c                SUBGRF_SetStandby
 .text.SUBGRF_SetTx
                0x0000000008037198       0x38 radio_driver/radio_driver.o
                0x0000000008037198                SUBGRF_SetTx
 .text.SUBGRF_SetRx
                0x00000000080371d0       0x38 radio_driver/radio_driver.o
                0x00000000080371d0                SUBGRF_SetRx
 .text.SUBGRF_SetRxBoosted
                0x0000000008037208       0x5c radio_driver/radio_driver.o
                0x0000000008037208                SUBGRF_SetRxBoosted
 .text.SUBGRF_SetRxDutyCycle
                0x0000000008037264       0x40 radio_driver/radio_driver.o
                0x0000000008037264                SUBGRF_SetRxDutyCycle
 .text.SUBGRF_SetCad
                0x00000000080372a4       0x28 radio_driver/radio_driver.o
                0x00000000080372a4                SUBGRF_SetCad
 .text.SUBGRF_SetTxContinuousWave
                0x00000000080372cc       0x20 radio_driver/radio_driver.o
                0x00000000080372cc                SUBGRF_SetTxContinuousWave
 .text.SUBGRF_SetTxInfinitePreamble
                0x00000000080372ec       0x20 radio_driver/radio_driver.o
                0x00000000080372ec                SUBGRF_SetTxInfinitePreamble
 .text.SUBGRF_SetStopRxTimerOnPreambleDetect
                0x000000000803730c       0x28 radio_driver/radio_driver.o
                0x000000000803730c                SUBGRF_SetStopRxTimerOnPreambleDetect
 .text.SUBGRF_SetLoRaSymbNumTimeout
                0x0000000008037334       0x58 radio_driver/radio_driver.o
                0x0000000008037334                SUBGRF_SetLoRaSymbNumTimeout
 .text.SUBGRF_SetRegulatorMode
                0x000000000803738c       0x30 radio_driver/radio_driver.o
                0x000000000803738c                SUBGRF_SetRegulatorMode
 .text.SUBGRF_Calibrate
                0x00000000080373bc       0x4c radio_driver/radio_driver.o
                0x00000000080373bc                SUBGRF_Calibrate
 .text.SUBGRF_Init
                0x0000000008037408      0x150 radio_driver/radio_driver.o
                0x0000000008037408                SUBGRF_Init
 .text.SUBGRF_CalibrateImage
                0x0000000008037558       0x98 radio_driver/radio_driver.o
                0x0000000008037558                SUBGRF_CalibrateImage
 .text.SUBGRF_SetDioIrqParams
                0x00000000080375f0       0x3c radio_driver/radio_driver.o
                0x00000000080375f0                SUBGRF_SetDioIrqParams
 .text.SUBGRF_SetRfFrequency
                0x000000000803762c       0x58 radio_driver/radio_driver.o
                0x000000000803762c                SUBGRF_SetRfFrequency
 .text.SUBGRF_SetPacketType
                0x0000000008037684       0x58 radio_driver/radio_driver.o
                0x0000000008037684                SUBGRF_SetPacketType
 .text.SUBGRF_SetTxParams
                0x00000000080376dc      0x230 radio_driver/radio_driver.o
                0x00000000080376dc                SUBGRF_SetTxParams
 .text.SUBGRF_SetModulationParams
                0x000000000803790c      0x13c radio_driver/radio_driver.o
                0x000000000803790c                SUBGRF_SetModulationParams
 .text.SUBGRF_SetPacketParams
                0x0000000008037a48      0x1c8 radio_driver/radio_driver.o
                0x0000000008037a48                SUBGRF_SetPacketParams
 .text.SUBGRF_SetBufferBaseAddress
                0x0000000008037c10       0x28 radio_driver/radio_driver.o
                0x0000000008037c10                SUBGRF_SetBufferBaseAddress
 .text.SUBGRF_GetRssiInst
                0x0000000008037c38       0x2c radio_driver/radio_driver.o
                0x0000000008037c38                SUBGRF_GetRssiInst
 .text.SUBGRF_GetRxBufferStatus
                0x0000000008037c64       0x78 radio_driver/radio_driver.o
                0x0000000008037c64                SUBGRF_GetRxBufferStatus
 .text.SUBGRF_GetPayload
                0x0000000008037cdc       0x44 radio_driver/radio_driver.o
                0x0000000008037cdc                SUBGRF_GetPayload
 .text.SUBGRF_GetPacketStatus
                0x0000000008037d20       0x90 radio_driver/radio_driver.o
                0x0000000008037d20                SUBGRF_GetPacketStatus
 .text.SUBGRF_ClearIrqStatus
                0x0000000008037db0       0x2c radio_driver/radio_driver.o
                0x0000000008037db0                SUBGRF_ClearIrqStatus
 .text.SUBGRF_WriteRegister
                0x0000000008037ddc       0x28 radio_driver/radio_driver.o
                0x0000000008037ddc                SUBGRF_WriteRegister
 .text.SUBGRF_ReadRegister
                0x0000000008037e04       0x28 radio_driver/radio_driver.o
                0x0000000008037e04                SUBGRF_ReadRegister
 .text.SUBGRF_WriteRegisters
                0x0000000008037e2c       0x20 radio_driver/radio_driver.o
                0x0000000008037e2c                SUBGRF_WriteRegisters
 .text.SUBGRF_ReadRegisters
                0x0000000008037e4c       0x20 radio_driver/radio_driver.o
                0x0000000008037e4c                SUBGRF_ReadRegisters
 .text.SUBGRF_SetSwitch
                0x0000000008037e6c       0x78 radio_driver/radio_driver.o
                0x0000000008037e6c                SUBGRF_SetSwitch
 .text.SUBGRF_SetRfTxPower
                0x0000000008037ee4       0x30 radio_driver/radio_driver.o
                0x0000000008037ee4                SUBGRF_SetRfTxPower
 .text.SUBGRF_GetRadioWakeUpTime
                0x0000000008037f14        0x4 radio_driver/radio_driver.o
                0x0000000008037f14                SUBGRF_GetRadioWakeUpTime
 .text.HAL_SUBGHZ_TxCpltCallback
                0x0000000008037f18       0x10 radio_driver/radio_driver.o
                0x0000000008037f18                HAL_SUBGHZ_TxCpltCallback
 .text.HAL_SUBGHZ_RxCpltCallback
                0x0000000008037f28       0x10 radio_driver/radio_driver.o
                0x0000000008037f28                HAL_SUBGHZ_RxCpltCallback
 .text.HAL_SUBGHZ_CRCErrorCallback
                0x0000000008037f38       0x10 radio_driver/radio_driver.o
                0x0000000008037f38                HAL_SUBGHZ_CRCErrorCallback
 .text.HAL_SUBGHZ_CADStatusCallback
                0x0000000008037f48       0x24 radio_driver/radio_driver.o
                0x0000000008037f48                HAL_SUBGHZ_CADStatusCallback
 .text.HAL_SUBGHZ_RxTxTimeoutCallback
                0x0000000008037f6c       0x14 radio_driver/radio_driver.o
                0x0000000008037f6c                HAL_SUBGHZ_RxTxTimeoutCallback
 .text.HAL_SUBGHZ_HeaderErrorCallback
                0x0000000008037f80       0x10 radio_driver/radio_driver.o
                0x0000000008037f80                HAL_SUBGHZ_HeaderErrorCallback
 .text.HAL_SUBGHZ_PreambleDetectedCallback
                0x0000000008037f90       0x10 radio_driver/radio_driver.o
                0x0000000008037f90                HAL_SUBGHZ_PreambleDetectedCallback
 .text.HAL_SUBGHZ_SyncWordValidCallback
                0x0000000008037fa0       0x10 radio_driver/radio_driver.o
                0x0000000008037fa0                HAL_SUBGHZ_SyncWordValidCallback
 .text.HAL_SUBGHZ_HeaderValidCallback
                0x0000000008037fb0       0x10 radio_driver/radio_driver.o
                0x0000000008037fb0                HAL_SUBGHZ_HeaderValidCallback
 .text.HAL_SUBGHZ_LrFhssHopCallback
                0x0000000008037fc0       0x14 radio_driver/radio_driver.o
                0x0000000008037fc0                HAL_SUBGHZ_LrFhssHopCallback
 .text.SUBGRF_GetFskBandwidthRegValue
                0x0000000008037fd4       0x38 radio_driver/radio_driver.o
                0x0000000008037fd4                SUBGRF_GetFskBandwidthRegValue
 .text.SUBGRF_GetCFO
                0x000000000803800c       0xd4 radio_driver/radio_driver.o
                0x000000000803800c                SUBGRF_GetCFO
 .text.RFW_TransmitLongPacket
                0x00000000080380e0        0x8 radio_driver/radio_fw.o
                0x00000000080380e0                RFW_TransmitLongPacket
 .text.RFW_ReceiveLongPacket
                0x00000000080380e8        0x8 radio_driver/radio_fw.o
                0x00000000080380e8                RFW_ReceiveLongPacket
 .text.RFW_Init
                0x00000000080380f0        0x8 radio_driver/radio_fw.o
                0x00000000080380f0                RFW_Init
 .text.RFW_DeInit
                0x00000000080380f8        0x4 radio_driver/radio_fw.o
                0x00000000080380f8                RFW_DeInit
 .text.RFW_Is_Init
                0x00000000080380fc        0x4 radio_driver/radio_fw.o
                0x00000000080380fc                RFW_Is_Init
 .text.RFW_Is_LongPacketModeEnabled
                0x0000000008038100        0x4 radio_driver/radio_fw.o
                0x0000000008038100                RFW_Is_LongPacketModeEnabled
 .text.RFW_SetAntSwitch
                0x0000000008038104        0x4 radio_driver/radio_fw.o
                0x0000000008038104                RFW_SetAntSwitch
 .text.RFW_TransmitInit
                0x0000000008038108        0x8 radio_driver/radio_fw.o
                0x0000000008038108                RFW_TransmitInit
 .text.RFW_ReceiveInit
                0x0000000008038110        0x8 radio_driver/radio_fw.o
                0x0000000008038110                RFW_ReceiveInit
 .text.RFW_DeInit_TxLongPacket
                0x0000000008038118        0x4 radio_driver/radio_fw.o
                0x0000000008038118                RFW_DeInit_TxLongPacket
 .text.RFW_ReceivePayload
                0x000000000803811c        0x4 radio_driver/radio_fw.o
                0x000000000803811c                RFW_ReceivePayload
 .text.RFW_SetRadioModem
                0x0000000008038120        0x4 radio_driver/radio_fw.o
                0x0000000008038120                RFW_SetRadioModem
 .text.UTIL_TIMER_Create
                0x0000000008038124       0x40 radio_driver/stm32_timer.o
                0x0000000008038124                UTIL_TIMER_Create
 .text.UTIL_TIMER_GetCurrentTime
                0x0000000008038164       0x14 radio_driver/stm32_timer.o
                0x0000000008038164                UTIL_TIMER_GetCurrentTime
 .text.UTIL_TIMER_GetElapsedTime
                0x0000000008038178       0x20 radio_driver/stm32_timer.o
                0x0000000008038178                UTIL_TIMER_GetElapsedTime
 .text.TimerSetTimeout
                0x0000000008038198       0x3c radio_driver/stm32_timer.o
                0x0000000008038198                TimerSetTimeout
 .text.UTIL_TIMER_Stop
                0x00000000080381d4       0x6c radio_driver/stm32_timer.o
                0x00000000080381d4                UTIL_TIMER_Stop
 .text.UTIL_TIMER_Start.part.0
                0x0000000008038240       0xbc radio_driver/stm32_timer.o
 .text.UTIL_TIMER_Start
                0x00000000080382fc       0x30 radio_driver/stm32_timer.o
                0x00000000080382fc                UTIL_TIMER_Start
 .text.UTIL_TIMER_SetPeriod
                0x000000000803832c       0x64 radio_driver/stm32_timer.o
                0x000000000803832c                UTIL_TIMER_SetPeriod
 .text.UTIL_ADV_TRACE_PreSendHook
                0x0000000008038390        0xc radio_driver/sys_app.o
                0x0000000008038390                UTIL_ADV_TRACE_PreSendHook
 .text.RBI_Init
                0x000000000803839c       0x8c target/radio_board_if.o
                0x000000000803839c                RBI_Init
 .text.RBI_ConfigRFSwitch
                0x0000000008038428      0x1d8 target/radio_board_if.o
                0x0000000008038428                RBI_ConfigRFSwitch
 .text.RBI_GetTxConfig
                0x0000000008038600        0x4 target/radio_board_if.o
                0x0000000008038600                RBI_GetTxConfig
 .text.RBI_IsTCXO
                0x0000000008038604        0x4 target/radio_board_if.o
                0x0000000008038604                RBI_IsTCXO
 .text.RBI_IsDCDC
                0x0000000008038608        0x4 target/radio_board_if.o
                0x0000000008038608                RBI_IsDCDC
 .text.RBI_GetRFOMaxPowerConfig
                0x000000000803860c       0x10 target/radio_board_if.o
                0x000000000803860c                RBI_GetRFOMaxPowerConfig
 .text.MX_SUBGHZ_Init
                0x000000000803861c       0x1c subghz/subghz.o
                0x000000000803861c                MX_SUBGHZ_Init
 .text.HAL_SUBGHZ_MspInit
                0x0000000008038638       0x30 subghz/subghz.o
                0x0000000008038638                HAL_SUBGHZ_MspInit
 .text.HAL_MspInit
                0x0000000008038668        0x4 hal/Src/stm32wlxx_hal.o
                0x0000000008038668                HAL_MspInit
 .text.HAL_InitTick
                0x000000000803866c       0x50 hal/Src/stm32wlxx_hal.o
                0x000000000803866c                HAL_InitTick
 .text.HAL_Init
                0x00000000080386bc       0x24 hal/Src/stm32wlxx_hal.o
                0x00000000080386bc                HAL_Init
 .text.HAL_IncTick
                0x00000000080386e0       0x18 hal/Src/stm32wlxx_hal.o
                0x00000000080386e0                HAL_IncTick
 .text.HAL_GetTick
                0x00000000080386f8        0xc hal/Src/stm32wlxx_hal.o
                0x00000000080386f8                HAL_GetTick
 .text.SUBGHZSPI_Receive.isra.0
                0x0000000008038704       0x7c hal/Src/stm32wlxx_hal_subghz.o
 .text.SUBGHZSPI_Transmit.isra.0
                0x0000000008038780       0x78 hal/Src/stm32wlxx_hal_subghz.o
 .text.HAL_SUBGHZ_Init
                0x00000000080387f8      0x120 hal/Src/stm32wlxx_hal_subghz.o
                0x00000000080387f8                HAL_SUBGHZ_Init
 .text.HAL_SUBGHZ_WriteRegisters
                0x0000000008038918      0x164 hal/Src/stm32wlxx_hal_subghz.o
                0x0000000008038918                HAL_SUBGHZ_WriteRegisters
 .text.HAL_SUBGHZ_ReadRegisters
                0x0000000008038a7c      0x160 hal/Src/stm32wlxx_hal_subghz.o
                0x0000000008038a7c                HAL_SUBGHZ_ReadRegisters
 .text.HAL_SUBGHZ_ExecSetCmd
                0x0000000008038bdc      0x160 hal/Src/stm32wlxx_hal_subghz.o
                0x0000000008038bdc                HAL_SUBGHZ_ExecSetCmd
 .text.HAL_SUBGHZ_ExecGetCmd
                0x0000000008038d3c      0x158 hal/Src/stm32wlxx_hal_subghz.o
                0x0000000008038d3c                HAL_SUBGHZ_ExecGetCmd
 .text.HAL_SUBGHZ_WriteBuffer
                0x0000000008038e94      0x150 hal/Src/stm32wlxx_hal_subghz.o
                0x0000000008038e94                HAL_SUBGHZ_WriteBuffer
 .text.HAL_SUBGHZ_ReadBuffer
                0x0000000008038fe4      0x158 hal/Src/stm32wlxx_hal_subghz.o
                0x0000000008038fe4                HAL_SUBGHZ_ReadBuffer
 .text.HAL_SUBGHZ_IRQHandler
                0x000000000803913c       0xe0 hal/Src/stm32wlxx_hal_subghz.o
                0x000000000803913c                HAL_SUBGHZ_IRQHandler
 .text.HAL_RTC_SetAlarm_IT
                0x000000000803921c      0x1f4 hal/Src/stm32wlxx_hal_rtc.o
                0x000000000803921c                HAL_RTC_SetAlarm_IT
 .text.HAL_RTC_DeactivateAlarm
                0x0000000008039410       0x7c hal/Src/stm32wlxx_hal_rtc.o
                0x0000000008039410                HAL_RTC_DeactivateAlarm
 .text.RTC_EnterInitMode
                0x000000000803948c       0x58 hal/Src/stm32wlxx_hal_rtc.o
                0x000000000803948c                RTC_EnterInitMode
 .text.RTC_ExitInitMode
                0x00000000080394e4       0x9c hal/Src/stm32wlxx_hal_rtc.o
                0x00000000080394e4                RTC_ExitInitMode
 .text.HAL_RTC_Init
                0x0000000008039580       0xd0 hal/Src/stm32wlxx_hal_rtc.o
                0x0000000008039580                HAL_RTC_Init
 .text.HAL_RTCEx_EnableBypassShadow
                0x0000000008039650       0x3c hal/Src/stm32wlxx_hal_rtc_ex.o
                0x0000000008039650                HAL_RTCEx_EnableBypassShadow
 .text.HAL_RTCEx_SetSSRU_IT
                0x000000000803968c       0x4c hal/Src/stm32wlxx_hal_rtc_ex.o
                0x000000000803968c                HAL_RTCEx_SetSSRU_IT
 .text.HAL_RTCEx_BKUPWrite
                0x00000000080396d8       0x10 hal/Src/stm32wlxx_hal_rtc_ex.o
                0x00000000080396d8                HAL_RTCEx_BKUPWrite
 .text.HAL_RCC_GetSysClockFreq
                0x00000000080396e8      0x104 hal/Src/stm32wlxx_hal_rcc.o
                0x00000000080396e8                HAL_RCC_GetSysClockFreq
 .text.HAL_RCC_GetHCLK2Freq
                0x00000000080397ec       0x24 hal/Src/stm32wlxx_hal_rcc.o
                0x00000000080397ec                HAL_RCC_GetHCLK2Freq
 .text.HAL_RCCEx_PeriphCLKConfig
                0x0000000008039810      0x24c hal/Src/stm32wlxx_hal_rcc_ex.o
                0x0000000008039810                HAL_RCCEx_PeriphCLKConfig
 .text.HAL_GPIO_Init
                0x0000000008039a5c      0x1f0 hal/Src/stm32wlxx_hal_gpio.o
                0x0000000008039a5c                HAL_GPIO_Init
 .text.HAL_GPIO_ReadPin
                0x0000000008039c4c        0xc hal/Src/stm32wlxx_hal_gpio.o
                0x0000000008039c4c                HAL_GPIO_ReadPin
 .text.HAL_GPIO_WritePin
                0x0000000008039c58        0xc hal/Src/stm32wlxx_hal_gpio.o
                0x0000000008039c58                HAL_GPIO_WritePin
 .text.HAL_NVIC_SetPriority
                0x0000000008039c64       0x64 hal/Src/stm32wlxx_hal_cortex.o
                0x0000000008039c64                HAL_NVIC_SetPriority
 .text.HAL_NVIC_EnableIRQ
                0x0000000008039cc8       0x18 hal/Src/stm32wlxx_hal_cortex.o
                0x0000000008039cc8                HAL_NVIC_EnableIRQ
 .text.HAL_SYSTICK_Config
                0x0000000008039ce0       0x34 hal/Src/stm32wlxx_hal_cortex.o
                0x0000000008039ce0                HAL_SYSTICK_Config
 .text.HAL_PWR_EnableBkUpAccess
                0x0000000008039d14       0x14 hal/Src/stm32wlxx_hal_pwr.o
                0x0000000008039d14                HAL_PWR_EnableBkUpAccess
 .text.Reset_Handler
                0x0000000008039d28       0x58 startup_cm0p.o
                0x0000000008039d28                Reset_Handler
 .text.Default_Handler
                0x0000000008039d80        0x2 startup_cm0p.o
                0x0000000008039d80                Default_Handler
 *(.rodata)
 *fill*         0x0000000008039d82        0x2 
 .rodata        0x0000000008039d84        0xc Mission/protocol.o
 .rodata        0x0000000008039d90       0x10 radio_driver/radio.o
 .rodata        0x0000000008039da0       0x11 radio_driver/radio_driver.o
 *fill*         0x0000000008039db1        0x3 
 .rodata        0x0000000008039db4      0x101 /usr/lib/gcc/arm-none-eabi/10.3.1/../../../arm-none-eabi/lib/thumb/v6-m/nofp/libc_nano.a(lib_a-ctype_.o)
                0x0000000008039db4                _ctype_
 *fill*         0x0000000008039eb5        0x3 
 .rodata        0x0000000008039eb8       0x84 /usr/lib/gcc/arm-none-eabi/10.3.1/../../../arm-none-eabi/lib/thumb/v6-m/nofp/libc_nano.a(lib_a-nano-vfprintf_i.o)
 *(.rodata*)
 .rodata.Process_Received_Frame.str1.4
                0x0000000008039f3c      0x3f2 Main_code/Main_GS/gs_main.o
                                        0x426 (size before relaxing)
 *fill*         0x000000000803a32e        0x2 
 .rodata.main.str1.4
                0x000000000803a330      0x311 Main_code/Main_GS/gs_main.o
                                        0x335 (size before relaxing)
 *fill*         0x000000000803a641        0x3 
 .rodata.str1.4
                0x000000000803a644        0x7 Main_code/Main_GS/gs_main.o
 *fill*         0x000000000803a64b        0x1 
 .rodata.GroundStationProfile
                0x000000000803a64c       0x18 Main_code/Main_GS/gs_main.o
                0x000000000803a64c                GroundStationProfile
 .rodata.AX25_EncodeAddress.str1.4
                0x000000000803a664        0x7 protocol/ax25/ax25.o
 *fill*         0x000000000803a66b        0x1 
 .rodata.crc16_x25_table
                0x000000000803a66c      0x200 protocol/ax25/ax25.o
 .rodata.flagBits.3
                0x000000000803a86c        0x8 Mission/protocol.o
 .rodata.RadioApp_Send.str1.4
                0x000000000803a874       0x18 Mission/radio_app.o
 .rodata.RadioApp_Init.str1.4
                0x000000000803a88c       0x9e Mission/radio_app.o
 *fill*         0x000000000803a92a        0x2 
 .rodata.uart1_direct_hex32.str1.4
                0x000000000803a92c       0x11 protocol/stm32wlxx_it.o
 *fill*         0x000000000803a93d        0x3 
 .rodata.HardFault_Handler_C.str1.4
                0x000000000803a940       0x7f protocol/stm32wlxx_it.o
                                         0x83 (size before relaxing)
 *fill*         0x000000000803a9bf        0x1 
 .rodata.AHBPrescTable
                0x000000000803a9c0       0x40 core/system_stm32wlxx.o
                0x000000000803a9c0                AHBPrescTable
 .rodata.MSIRangeTable
                0x000000000803aa00       0x40 core/system_stm32wlxx.o
                0x000000000803aa00                MSIRangeTable
 .rodata.UTIL_TimerDriver
                0x000000000803aa40       0x2c core/timer_if.o
                0x000000000803aa40                UTIL_TimerDriver
 .rodata.tiny_vsnprintf_like.str1.4
                0x000000000803aa6c       0x55 core/stm32_tiny_vsnprintf.o
 *fill*         0x000000000803aac1        0x3 
 .rodata.tiny_vsnprintf_like
                0x000000000803aac4      0x108 core/stm32_tiny_vsnprintf.o
 .rodata.UTIL_TraceDriver
                0x000000000803abcc       0x10 core/stm32_trace_driver.o
                0x000000000803abcc                UTIL_TraceDriver
 .rodata.RadioSend.str1.4
                0x000000000803abdc       0x15 radio_driver/radio.o
 *fill*         0x000000000803abf1        0x3 
 .rodata.RadioSend
                0x000000000803abf4       0x14 radio_driver/radio.o
 .rodata.RadioIrqProcess.str1.4
                0x000000000803ac08       0x54 radio_driver/radio.o
 .rodata.RadioIrqProcess
                0x000000000803ac5c       0x84 radio_driver/radio.o
 .rodata.Bandwidths
                0x000000000803ace0        0x3 radio_driver/radio.o
                0x000000000803ace0                Bandwidths
 *fill*         0x000000000803ace3        0x1 
 .rodata.CSWTCH.61
                0x000000000803ace4       0x2c radio_driver/radio.o
 .rodata.CSWTCH.81
                0x000000000803ad10        0x4 radio_driver/radio.o
 .rodata.Radio  0x000000000803ad14       0x8c radio_driver/radio.o
                0x000000000803ad14                Radio
 .rodata.FskBandwidths
                0x000000000803ada0       0xb0 radio_driver/radio_driver.o
 .rodata.str1.4
                0x000000000803ae50       0x13 /usr/lib/gcc/arm-none-eabi/10.3.1/../../../arm-none-eabi/lib/thumb/v6-m/nofp/libc_nano.a(lib_a-nano-svfprintf.o)
 *fill*         0x000000000803ae63        0x1 
 .rodata.str1.4
                0x000000000803ae64       0x11 /usr/lib/gcc/arm-none-eabi/10.3.1/../../../arm-none-eabi/lib/thumb/v6-m/nofp/libc_nano.a(lib_a-nano-vfprintf_i.o)
                                         0x25 (size before relaxing)
                0x000000000803ae78                . = ALIGN (0x4)
 *fill*         0x000000000803ae75        0x3 
                0x000000000803ae78                _etext = .

.glue_7         0x000000000803ae78        0x0
 .glue_7        0x000000000803ae78        0x0 linker stubs

.glue_7t        0x000000000803ae78        0x0
 .glue_7t       0x000000000803ae78        0x0 linker stubs

.vfp11_veneer   0x000000000803ae78        0x0
 .vfp11_veneer  0x000000000803ae78        0x0 linker stubs

.v4_bx          0x000000000803ae78        0x0
 .v4_bx         0x000000000803ae78        0x0 linker stubs

.iplt           0x000000000803ae78        0x0
 .iplt          0x000000000803ae78        0x0 Main_code/Main_GS/gs_main.o

.rel.dyn        0x000000000803ae78        0x0
 .rel.iplt      0x000000000803ae78        0x0 Main_code/Main_GS/gs_main.o

.ARM.exidx      0x000000000803ae78        0x8
 .ARM.exidx     0x000000000803ae78        0x8 /usr/lib/gcc/arm-none-eabi/10.3.1/thumb/v6-m/nofp/libgcc.a(_udivmoddi4.o)

.data           0x0000000020009000       0x74 load address 0x000000000803ae80
                0x0000000020009000                . = ALIGN (0x4)
                0x0000000020009000                _sdata = .
 *(.data)
 .data          0x0000000020009000       0x64 /usr/lib/gcc/arm-none-eabi/10.3.1/../../../arm-none-eabi/lib/thumb/v6-m/nofp/libc_nano.a(lib_a-impure.o)
                0x0000000020009000                _impure_ptr
 *(.data*)
 .data.s_radio_pa_select
                0x0000000020009064        0x1 Mission/radio_app.o
 .data.s_radio_tx_power_dbm
                0x0000000020009065        0x1 Mission/radio_app.o
 *fill*         0x0000000020009066        0x2 
 .data.SystemCoreClock
                0x0000000020009068        0x4 core/system_stm32wlxx.o
                0x0000000020009068                SystemCoreClock
 .data.MaxPayloadLength
                0x000000002000906c        0x1 radio_driver/radio.o
 .data.s_pa_enabled
                0x000000002000906d        0x1 target/radio_board_if.o
 .data.s_tx_switch_config
                0x000000002000906e        0x1 target/radio_board_if.o
 .data.uwTickFreq
                0x000000002000906f        0x1 hal/Src/stm32wlxx_hal.o
                0x000000002000906f                uwTickFreq
 .data.uwTickPrio
                0x0000000020009070        0x4 hal/Src/stm32wlxx_hal.o
                0x0000000020009070                uwTickPrio
                0x0000000020009074                . = ALIGN (0x4)
                0x0000000020009074                _edata = .
                0x000000000803ae80                _sidata = LOADADDR (.data)

.igot.plt       0x0000000020009074        0x0 load address 0x000000000803aef4
 .igot.plt      0x0000000020009074        0x0 Main_code/Main_GS/gs_main.o

MB_MEM3         0x0000000020009074      0x200 load address 0x000000000803aef4
 MB_MEM3        0x0000000020009074      0x200 core/stm32_adv_trace.o

.bss            0x0000000020009274     0x1f14 load address 0x000000000803b0f4
                0x0000000020009274                . = ALIGN (0x4)
                0x0000000020009274                _sbss = .
 *(.bss)
 .bss           0x0000000020009274        0x8 /usr/lib/gcc/arm-none-eabi/10.3.1/../../../arm-none-eabi/lib/thumb/v6-m/nofp/libc_nano.a(lib_a-nano-mallocr.o)
                0x0000000020009274                __malloc_free_list
                0x0000000020009278                __malloc_sbrk_start
 .bss           0x000000002000927c        0x4 /usr/lib/gcc/arm-none-eabi/10.3.1/../../../arm-none-eabi/lib/thumb/v6-m/nofp/libc_nano.a(lib_a-reent.o)
                0x000000002000927c                errno
 .bss           0x0000000020009280        0x4 /usr/lib/gcc/arm-none-eabi/10.3.1/../../../arm-none-eabi/lib/thumb/v6-m/nofp/libnosys.a(sbrk.o)
 *(.bss*)
 .bss.buffer.0  0x0000000020009284       0x20 Main_code/Main_GS/gs_main.o
 .bss.index.1   0x00000000200092a4        0x1 Main_code/Main_GS/gs_main.o
 .bss.rx_done_flag
                0x00000000200092a5        0x1 Main_code/Main_GS/gs_main.o
                0x00000000200092a5                rx_done_flag
 .bss.rx_error_flag
                0x00000000200092a6        0x1 Main_code/Main_GS/gs_main.o
                0x00000000200092a6                rx_error_flag
 *fill*         0x00000000200092a7        0x1 
 .bss.rx_frame_buffer
                0x00000000200092a8       0xa0 Main_code/Main_GS/gs_main.o
                0x00000000200092a8                rx_frame_buffer
 .bss.rx_frame_size
                0x0000000020009348        0x2 Main_code/Main_GS/gs_main.o
                0x0000000020009348                rx_frame_size
 .bss.rx_timeout_flag
                0x000000002000934a        0x1 Main_code/Main_GS/gs_main.o
                0x000000002000934a                rx_timeout_flag
 *fill*         0x000000002000934b        0x1 
 .bss.s_gs_prev_len
                0x000000002000934c        0x2 Main_code/Main_GS/gs_main.o
 *fill*         0x000000002000934e        0x2 
 .bss.s_gs_prev_rx
                0x0000000020009350       0xa0 Main_code/Main_GS/gs_main.o
 .bss.stat_packets_bad_crc
                0x00000000200093f0        0x4 Main_code/Main_GS/gs_main.o
 .bss.stat_packets_misaddressed
                0x00000000200093f4        0x4 Main_code/Main_GS/gs_main.o
 .bss.stat_packets_ok
                0x00000000200093f8        0x4 Main_code/Main_GS/gs_main.o
 .bss.tx_busy   0x00000000200093fc        0x1 Main_code/Main_GS/gs_main.o
                0x00000000200093fc                tx_busy
 *fill*         0x00000000200093fd        0x3 
 .bss.s_clean.7
                0x0000000020009400       0xa0 Mission/protocol.o
 .bss.s_hdlcBits.0
                0x00000000200094a0      0x640 Mission/protocol.o
 .bss.s_nrziBits.5
                0x0000000020009ae0      0x640 Mission/protocol.o
 .bss.s_rx_frameBits.1
                0x000000002000a120      0x640 Mission/protocol.o
 .bss.s_rx_unstuffed.2
                0x000000002000a760       0xa0 Mission/protocol.o
 .bss.s_scrambledBits.4
                0x000000002000a800      0x640 Mission/protocol.o
 .bss.s_config  0x000000002000ae40       0x18 Mission/radio_app.o
 .bss.s_initialized
                0x000000002000ae58        0x1 Mission/radio_app.o
 *fill*         0x000000002000ae59        0x3 
 .bss.s_radio_events
                0x000000002000ae5c       0x1c Mission/radio_app.o
 .bss.g_system_tick_ms
                0x000000002000ae78        0x4 protocol/stm32wlxx_it.o
                0x000000002000ae78                g_system_tick_ms
 .bss.StopModeDisable
                0x000000002000ae7c        0x4 protocol/stm32_lpm.o
 .bss.RTC_Initialized
                0x000000002000ae80        0x1 core/timer_if.o
 *fill*         0x000000002000ae81        0x3 
 .bss.RtcTimerContext
                0x000000002000ae84        0x4 core/timer_if.o
 .bss.hrtc      0x000000002000ae88       0x38 core/rtc.o
                0x000000002000ae88                hrtc
 .bss.ADV_TRACE_Ctx
                0x000000002000aec0       0x18 core/stm32_adv_trace.o
 .bss.sztmp     0x000000002000aed8      0x100 core/stm32_adv_trace.o
 .bss.RadioBuffer
                0x000000002000afd8       0xff radio_driver/radio.o
 *fill*         0x000000002000b0d7        0x1 
 .bss.RadioEvents
                0x000000002000b0d8        0x4 radio_driver/radio.o
 .bss.RxTimeoutTimer
                0x000000002000b0dc       0x18 radio_driver/radio.o
                0x000000002000b0dc                RxTimeoutTimer
 .bss.SubgRf    0x000000002000b0f4       0x5c radio_driver/radio.o
                0x000000002000b0f4                SubgRf
 .bss.TxTimeoutTimer
                0x000000002000b150       0x18 radio_driver/radio.o
                0x000000002000b150                TxTimeoutTimer
 .bss.FrequencyError
                0x000000002000b168        0x4 radio_driver/radio_driver.o
                0x000000002000b168                FrequencyError
 .bss.ImageCalibrated
                0x000000002000b16c        0x1 radio_driver/radio_driver.o
 .bss.LoRaHeaderType
                0x000000002000b16d        0x1 radio_driver/radio_driver.o
 .bss.OperatingMode
                0x000000002000b16e        0x1 radio_driver/radio_driver.o
 .bss.PacketType
                0x000000002000b16f        0x1 radio_driver/radio_driver.o
 .bss.RadioOnDioIrqCb
                0x000000002000b170        0x4 radio_driver/radio_driver.o
 .bss.TimerListHead
                0x000000002000b174        0x4 radio_driver/stm32_timer.o
 .bss.hsubghz   0x000000002000b178        0xc subghz/subghz.o
                0x000000002000b178                hsubghz
 .bss.uwTick    0x000000002000b184        0x4 hal/Src/stm32wlxx_hal.o
                0x000000002000b184                uwTick
 *(COMMON)
                0x000000002000b188                . = ALIGN (0x4)
                0x000000002000b188                _ebss = .

._user_heap_stack
                0x000000002000b188      0x600 load address 0x000000000803b0f4
                0x000000002000b188                . = ALIGN (0x8)
                0x000000002000b188                PROVIDE (end = .)
                0x000000002000b388                . = (. + _Min_Heap_Size)
 *fill*         0x000000002000b188      0x200 
                0x000000002000b788                . = (. + _Min_Stack_Size)
 *fill*         0x000000002000b388      0x400 
                0x000000002000b788                . = ALIGN (0x8)
OUTPUT(gs.elf elf32-littlearm)
LOAD linker stubs

.debug_info     0x0000000000000000    0x31c1d
 .debug_info    0x0000000000000000     0x26b4 Main_code/Main_GS/gs_main.o
 .debug_info    0x00000000000026b4      0x520 uart/uart_debug.o
 .debug_info    0x0000000000002bd4      0xc95 protocol/ax25/ax25.o
 .debug_info    0x0000000000003869      0xc63 Mission/protocol.o
 .debug_info    0x00000000000044cc     0x1f11 Mission/radio_app.o
 .debug_info    0x00000000000063dd      0x94a protocol/stm32wlxx_it.o
 .debug_info    0x0000000000006d27      0x545 protocol/stm32_lpm.o
 .debug_info    0x000000000000726c      0x23c core/stm32_mem.o
 .debug_info    0x00000000000074a8      0x5a0 core/system_stm32wlxx.o
 .debug_info    0x0000000000007a48     0x15dd core/timer_if.o
 .debug_info    0x0000000000009025      0xd2b core/rtc.o
 .debug_info    0x0000000000009d50       0xe3 core/error_handler.o
 .debug_info    0x0000000000009e33     0x19c0 core/stm32_adv_trace.o
 .debug_info    0x000000000000b7f3      0x45e core/stm32_tiny_vsnprintf.o
 .debug_info    0x000000000000bc51      0x2c5 core/stm32_trace_driver.o
 .debug_info    0x000000000000bf16     0x4f9d radio_driver/radio.o
 .debug_info    0x0000000000010eb3     0x7e38 radio_driver/radio_driver.o
 .debug_info    0x0000000000018ceb      0xc7c radio_driver/radio_fw.o
 .debug_info    0x0000000000019967     0x1018 radio_driver/stm32_timer.o
 .debug_info    0x000000000001a97f      0xf41 radio_driver/sys_app.o
 .debug_info    0x000000000001b8c0      0xd2d target/radio_board_if.o
 .debug_info    0x000000000001c5ed      0x7d9 subghz/subghz.o
 .debug_info    0x000000000001cdc6     0x12e0 hal/Src/stm32wlxx_hal.o
 .debug_info    0x000000000001e0a6     0x2784 hal/Src/stm32wlxx_hal_subghz.o
 .debug_info    0x000000000002082a     0x19a4 hal/Src/stm32wlxx_hal_rtc.o
 .debug_info    0x00000000000221ce     0x18d9 hal/Src/stm32wlxx_hal_rtc_ex.o
 .debug_info    0x0000000000023aa7     0x1fb1 hal/Src/stm32wlxx_hal_rcc.o
 .debug_info    0x0000000000025a58     0x1b18 hal/Src/stm32wlxx_hal_rcc_ex.o
 .debug_info    0x0000000000027570      0x7ce hal/Src/stm32wlxx_hal_gpio.o
 .debug_info    0x0000000000027d3e      0xaf7 hal/Src/stm32wlxx_hal_cortex.o
 .debug_info    0x0000000000028835      0x8ba hal/Src/stm32wlxx_hal_pwr.o
 .debug_info    0x00000000000290ef       0x22 startup_cm0p.o
 .debug_info    0x0000000000029111       0x26 /usr/lib/gcc/arm-none-eabi/10.3.1/thumb/v6-m/nofp/libgcc.a(_udivsi3.o)
 .debug_info    0x0000000000029137       0x26 /usr/lib/gcc/arm-none-eabi/10.3.1/thumb/v6-m/nofp/libgcc.a(_divsi3.o)
 .debug_info    0x000000000002915d       0x26 /usr/lib/gcc/arm-none-eabi/10.3.1/thumb/v6-m/nofp/libgcc.a(_dvmd_tls.o)
 .debug_info    0x0000000000029183       0x26 /usr/lib/gcc/arm-none-eabi/10.3.1/thumb/v6-m/nofp/libgcc.a(_aeabi_uldivmod.o)
 .debug_info    0x00000000000291a9      0x431 /usr/lib/gcc/arm-none-eabi/10.3.1/thumb/v6-m/nofp/libgcc.a(_muldi3.o)
 .debug_info    0x00000000000295da      0x39f /usr/lib/gcc/arm-none-eabi/10.3.1/thumb/v6-m/nofp/libgcc.a(_udivmoddi4.o)
 .debug_info    0x0000000000029979       0x26 /usr/lib/gcc/arm-none-eabi/10.3.1/thumb/v6-m/nofp/libgcc.a(_clzsi2.o)
 .debug_info    0x000000000002999f       0x26 /usr/lib/gcc/arm-none-eabi/10.3.1/thumb/v6-m/nofp/libgcc.a(_clzdi2.o)
 .debug_info    0x00000000000299c5       0xb8 /usr/lib/gcc/arm-none-eabi/10.3.1/../../../arm-none-eabi/lib/thumb/v6-m/nofp/libc_nano.a(lib_a-ctype_.o)
 .debug_info    0x0000000000029a7d      0x15c /usr/lib/gcc/arm-none-eabi/10.3.1/../../../arm-none-eabi/lib/thumb/v6-m/nofp/libc_nano.a(lib_a-memcpy-stub.o)
 .debug_info    0x0000000000029bd9      0x13d /usr/lib/gcc/arm-none-eabi/10.3.1/../../../arm-none-eabi/lib/thumb/v6-m/nofp/libc_nano.a(lib_a-memset.o)
 .debug_info    0x0000000000029d16      0x9b9 /usr/lib/gcc/arm-none-eabi/10.3.1/../../../arm-none-eabi/lib/thumb/v6-m/nofp/libc_nano.a(lib_a-snprintf.o)
 .debug_info    0x000000000002a6cf       0x26 /usr/lib/gcc/arm-none-eabi/10.3.1/../../../arm-none-eabi/lib/thumb/v6-m/nofp/libc_nano.a(lib_a-strcmp.o)
 .debug_info    0x000000000002a6f5       0xee /usr/lib/gcc/arm-none-eabi/10.3.1/../../../arm-none-eabi/lib/thumb/v6-m/nofp/libc_nano.a(lib_a-strlen-stub.o)
 .debug_info    0x000000000002a7e3      0xa07 /usr/lib/gcc/arm-none-eabi/10.3.1/../../../arm-none-eabi/lib/thumb/v6-m/nofp/libc_nano.a(lib_a-vsnprintf.o)
 .debug_info    0x000000000002b1ea      0x863 /usr/lib/gcc/arm-none-eabi/10.3.1/../../../arm-none-eabi/lib/thumb/v6-m/nofp/libc_nano.a(lib_a-impure.o)
 .debug_info    0x000000000002ba4d     0x10e0 /usr/lib/gcc/arm-none-eabi/10.3.1/../../../arm-none-eabi/lib/thumb/v6-m/nofp/libc_nano.a(lib_a-nano-svfprintf.o)
 .debug_info    0x000000000002cb2d      0xeb3 /usr/lib/gcc/arm-none-eabi/10.3.1/../../../arm-none-eabi/lib/thumb/v6-m/nofp/libc_nano.a(lib_a-nano-vfprintf_i.o)
 .debug_info    0x000000000002d9e0      0x14e /usr/lib/gcc/arm-none-eabi/10.3.1/../../../arm-none-eabi/lib/thumb/v6-m/nofp/libc_nano.a(lib_a-memchr-stub.o)
 .debug_info    0x000000000002db2e      0x152 /usr/lib/gcc/arm-none-eabi/10.3.1/../../../arm-none-eabi/lib/thumb/v6-m/nofp/libc_nano.a(lib_a-memmove.o)
 .debug_info    0x000000000002dc80      0x928 /usr/lib/gcc/arm-none-eabi/10.3.1/../../../arm-none-eabi/lib/thumb/v6-m/nofp/libc_nano.a(lib_a-nano-freer.o)
 .debug_info    0x000000000002e5a8      0xa09 /usr/lib/gcc/arm-none-eabi/10.3.1/../../../arm-none-eabi/lib/thumb/v6-m/nofp/libc_nano.a(lib_a-nano-mallocr.o)
 .debug_info    0x000000000002efb1      0x910 /usr/lib/gcc/arm-none-eabi/10.3.1/../../../arm-none-eabi/lib/thumb/v6-m/nofp/libc_nano.a(lib_a-nano-reallocr.o)
 .debug_info    0x000000000002f8c1      0x828 /usr/lib/gcc/arm-none-eabi/10.3.1/../../../arm-none-eabi/lib/thumb/v6-m/nofp/libc_nano.a(lib_a-sbrkr.o)
 .debug_info    0x00000000000300e9      0x7dc /usr/lib/gcc/arm-none-eabi/10.3.1/../../../arm-none-eabi/lib/thumb/v6-m/nofp/libc_nano.a(lib_a-mlock.o)
 .debug_info    0x00000000000308c5      0x840 /usr/lib/gcc/arm-none-eabi/10.3.1/../../../arm-none-eabi/lib/thumb/v6-m/nofp/libc_nano.a(lib_a-nano-msizer.o)
 .debug_info    0x0000000000031105      0xa7b /usr/lib/gcc/arm-none-eabi/10.3.1/../../../arm-none-eabi/lib/thumb/v6-m/nofp/libc_nano.a(lib_a-reent.o)
 .debug_info    0x0000000000031b80       0x9d /usr/lib/gcc/arm-none-eabi/10.3.1/../../../arm-none-eabi/lib/thumb/v6-m/nofp/libnosys.a(sbrk.o)

.debug_abbrev   0x0000000000000000     0x7d86
 .debug_abbrev  0x0000000000000000      0x4eb Main_code/Main_GS/gs_main.o
 .debug_abbrev  0x00000000000004eb      0x264 uart/uart_debug.o
 .debug_abbrev  0x000000000000074f      0x332 protocol/ax25/ax25.o
 .debug_abbrev  0x0000000000000a81      0x312 Mission/protocol.o
 .debug_abbrev  0x0000000000000d93      0x32b Mission/radio_app.o
 .debug_abbrev  0x00000000000010be      0x250 protocol/stm32wlxx_it.o
 .debug_abbrev  0x000000000000130e      0x22d protocol/stm32_lpm.o
 .debug_abbrev  0x000000000000153b      0x109 core/stm32_mem.o
 .debug_abbrev  0x0000000000001644      0x153 core/system_stm32wlxx.o
 .debug_abbrev  0x0000000000001797      0x411 core/timer_if.o
 .debug_abbrev  0x0000000000001ba8      0x283 core/rtc.o
 .debug_abbrev  0x0000000000001e2b       0xa6 core/error_handler.o
 .debug_abbrev  0x0000000000001ed1      0x4d2 core/stm32_adv_trace.o
 .debug_abbrev  0x00000000000023a3      0x1f3 core/stm32_tiny_vsnprintf.o
 .debug_abbrev  0x0000000000002596      0x189 core/stm32_trace_driver.o
 .debug_abbrev  0x000000000000271f      0x4a0 radio_driver/radio.o
 .debug_abbrev  0x0000000000002bbf      0x596 radio_driver/radio_driver.o
 .debug_abbrev  0x0000000000003155      0x262 radio_driver/radio_fw.o
 .debug_abbrev  0x00000000000033b7      0x492 radio_driver/stm32_timer.o
 .debug_abbrev  0x0000000000003849      0x334 radio_driver/sys_app.o
 .debug_abbrev  0x0000000000003b7d      0x308 target/radio_board_if.o
 .debug_abbrev  0x0000000000003e85      0x213 subghz/subghz.o
 .debug_abbrev  0x0000000000004098      0x3e6 hal/Src/stm32wlxx_hal.o
 .debug_abbrev  0x000000000000447e      0x401 hal/Src/stm32wlxx_hal_subghz.o
 .debug_abbrev  0x000000000000487f      0x32a hal/Src/stm32wlxx_hal_rtc.o
 .debug_abbrev  0x0000000000004ba9      0x2af hal/Src/stm32wlxx_hal_rtc_ex.o
 .debug_abbrev  0x0000000000004e58      0x3ee hal/Src/stm32wlxx_hal_rcc.o
 .debug_abbrev  0x0000000000005246      0x3ae hal/Src/stm32wlxx_hal_rcc_ex.o
 .debug_abbrev  0x00000000000055f4      0x218 hal/Src/stm32wlxx_hal_gpio.o
 .debug_abbrev  0x000000000000580c      0x2af hal/Src/stm32wlxx_hal_cortex.o
 .debug_abbrev  0x0000000000005abb      0x212 hal/Src/stm32wlxx_hal_pwr.o
 .debug_abbrev  0x0000000000005ccd       0x12 startup_cm0p.o
 .debug_abbrev  0x0000000000005cdf       0x14 /usr/lib/gcc/arm-none-eabi/10.3.1/thumb/v6-m/nofp/libgcc.a(_udivsi3.o)
 .debug_abbrev  0x0000000000005cf3       0x14 /usr/lib/gcc/arm-none-eabi/10.3.1/thumb/v6-m/nofp/libgcc.a(_divsi3.o)
 .debug_abbrev  0x0000000000005d07       0x14 /usr/lib/gcc/arm-none-eabi/10.3.1/thumb/v6-m/nofp/libgcc.a(_dvmd_tls.o)
 .debug_abbrev  0x0000000000005d1b       0x14 /usr/lib/gcc/arm-none-eabi/10.3.1/thumb/v6-m/nofp/libgcc.a(_aeabi_uldivmod.o)
 .debug_abbrev  0x0000000000005d2f      0x13b /usr/lib/gcc/arm-none-eabi/10.3.1/thumb/v6-m/nofp/libgcc.a(_muldi3.o)
 .debug_abbrev  0x0000000000005e6a      0x11b /usr/lib/gcc/arm-none-eabi/10.3.1/thumb/v6-m/nofp/libgcc.a(_udivmoddi4.o)
 .debug_abbrev  0x0000000000005f85       0x14 /usr/lib/gcc/arm-none-eabi/10.3.1/thumb/v6-m/nofp/libgcc.a(_clzsi2.o)
 .debug_abbrev  0x0000000000005f99       0x14 /usr/lib/gcc/arm-none-eabi/10.3.1/thumb/v6-m/nofp/libgcc.a(_clzdi2.o)
 .debug_abbrev  0x0000000000005fad       0x62 /usr/lib/gcc/arm-none-eabi/10.3.1/../../../arm-none-eabi/lib/thumb/v6-m/nofp/libc_nano.a(lib_a-ctype_.o)
 .debug_abbrev  0x000000000000600f       0xc7 /usr/lib/gcc/arm-none-eabi/10.3.1/../../../arm-none-eabi/lib/thumb/v6-m/nofp/libc_nano.a(lib_a-memcpy-stub.o)
 .debug_abbrev  0x00000000000060d6       0xb4 /usr/lib/gcc/arm-none-eabi/10.3.1/../../../arm-none-eabi/lib/thumb/v6-m/nofp/libc_nano.a(lib_a-memset.o)
 .debug_abbrev  0x000000000000618a      0x216 /usr/lib/gcc/arm-none-eabi/10.3.1/../../../arm-none-eabi/lib/thumb/v6-m/nofp/libc_nano.a(lib_a-snprintf.o)
 .debug_abbrev  0x00000000000063a0       0x14 /usr/lib/gcc/arm-none-eabi/10.3.1/../../../arm-none-eabi/lib/thumb/v6-m/nofp/libc_nano.a(lib_a-strcmp.o)
 .debug_abbrev  0x00000000000063b4       0x8f /usr/lib/gcc/arm-none-eabi/10.3.1/../../../arm-none-eabi/lib/thumb/v6-m/nofp/libc_nano.a(lib_a-strlen-stub.o)
 .debug_abbrev  0x0000000000006443      0x27d /usr/lib/gcc/arm-none-eabi/10.3.1/../../../arm-none-eabi/lib/thumb/v6-m/nofp/libc_nano.a(lib_a-vsnprintf.o)
 .debug_abbrev  0x00000000000066c0      0x151 /usr/lib/gcc/arm-none-eabi/10.3.1/../../../arm-none-eabi/lib/thumb/v6-m/nofp/libc_nano.a(lib_a-impure.o)
 .debug_abbrev  0x0000000000006811      0x2ca /usr/lib/gcc/arm-none-eabi/10.3.1/../../../arm-none-eabi/lib/thumb/v6-m/nofp/libc_nano.a(lib_a-nano-svfprintf.o)
 .debug_abbrev  0x0000000000006adb      0x292 /usr/lib/gcc/arm-none-eabi/10.3.1/../../../arm-none-eabi/lib/thumb/v6-m/nofp/libc_nano.a(lib_a-nano-vfprintf_i.o)
 .debug_abbrev  0x0000000000006d6d       0xd4 /usr/lib/gcc/arm-none-eabi/10.3.1/../../../arm-none-eabi/lib/thumb/v6-m/nofp/libc_nano.a(lib_a-memchr-stub.o)
 .debug_abbrev  0x0000000000006e41       0xc0 /usr/lib/gcc/arm-none-eabi/10.3.1/../../../arm-none-eabi/lib/thumb/v6-m/nofp/libc_nano.a(lib_a-memmove.o)
 .debug_abbrev  0x0000000000006f01      0x232 /usr/lib/gcc/arm-none-eabi/10.3.1/../../../arm-none-eabi/lib/thumb/v6-m/nofp/libc_nano.a(lib_a-nano-freer.o)
 .debug_abbrev  0x0000000000007133      0x297 /usr/lib/gcc/arm-none-eabi/10.3.1/../../../arm-none-eabi/lib/thumb/v6-m/nofp/libc_nano.a(lib_a-nano-mallocr.o)
 .debug_abbrev  0x00000000000073ca      0x1d3 /usr/lib/gcc/arm-none-eabi/10.3.1/../../../arm-none-eabi/lib/thumb/v6-m/nofp/libc_nano.a(lib_a-nano-reallocr.o)
 .debug_abbrev  0x000000000000759d      0x1d6 /usr/lib/gcc/arm-none-eabi/10.3.1/../../../arm-none-eabi/lib/thumb/v6-m/nofp/libc_nano.a(lib_a-sbrkr.o)
 .debug_abbrev  0x0000000000007773      0x189 /usr/lib/gcc/arm-none-eabi/10.3.1/../../../arm-none-eabi/lib/thumb/v6-m/nofp/libc_nano.a(lib_a-mlock.o)
 .debug_abbrev  0x00000000000078fc      0x191 /usr/lib/gcc/arm-none-eabi/10.3.1/../../../arm-none-eabi/lib/thumb/v6-m/nofp/libc_nano.a(lib_a-nano-msizer.o)
 .debug_abbrev  0x0000000000007a8d      0x257 /usr/lib/gcc/arm-none-eabi/10.3.1/../../../arm-none-eabi/lib/thumb/v6-m/nofp/libc_nano.a(lib_a-reent.o)
 .debug_abbrev  0x0000000000007ce4       0xa2 /usr/lib/gcc/arm-none-eabi/10.3.1/../../../arm-none-eabi/lib/thumb/v6-m/nofp/libnosys.a(sbrk.o)

.debug_loc      0x0000000000000000    0x18e78
 .debug_loc     0x0000000000000000      0x9a4 Main_code/Main_GS/gs_main.o
 .debug_loc     0x00000000000009a4      0x2a6 uart/uart_debug.o
 .debug_loc     0x0000000000000c4a     0x14b6 protocol/ax25/ax25.o
 .debug_loc     0x0000000000002100      0xfbc Mission/protocol.o
 .debug_loc     0x00000000000030bc      0x167 Mission/radio_app.o
 .debug_loc     0x0000000000003223       0xfc protocol/stm32wlxx_it.o
 .debug_loc     0x000000000000331f      0x206 protocol/stm32_lpm.o
 .debug_loc     0x0000000000003525      0x26d core/stm32_mem.o
 .debug_loc     0x0000000000003792      0x15e core/system_stm32wlxx.o
 .debug_loc     0x00000000000038f0      0x7c9 core/timer_if.o
 .debug_loc     0x00000000000040b9       0xb1 core/rtc.o
 .debug_loc     0x000000000000416a     0x1178 core/stm32_adv_trace.o
 .debug_loc     0x00000000000052e2     0x104b core/stm32_tiny_vsnprintf.o
 .debug_loc     0x000000000000632d       0x4a core/stm32_trace_driver.o
 .debug_loc     0x0000000000006377     0x228d radio_driver/radio.o
 .debug_loc     0x0000000000008604     0x4b50 radio_driver/radio_driver.o
 .debug_loc     0x000000000000d154       0xde radio_driver/radio_fw.o
 .debug_loc     0x000000000000d232      0xcd8 radio_driver/stm32_timer.o
 .debug_loc     0x000000000000df0a      0x202 radio_driver/sys_app.o
 .debug_loc     0x000000000000e10c      0x131 target/radio_board_if.o
 .debug_loc     0x000000000000e23d       0x76 subghz/subghz.o
 .debug_loc     0x000000000000e2b3      0x4eb hal/Src/stm32wlxx_hal.o
 .debug_loc     0x000000000000e79e     0x218e hal/Src/stm32wlxx_hal_subghz.o
 .debug_loc     0x000000000001092c     0x1780 hal/Src/stm32wlxx_hal_rtc.o
 .debug_loc     0x00000000000120ac     0x1469 hal/Src/stm32wlxx_hal_rtc_ex.o
 .debug_loc     0x0000000000013515      0xd05 hal/Src/stm32wlxx_hal_rcc.o
 .debug_loc     0x000000000001421a      0xacf hal/Src/stm32wlxx_hal_rcc_ex.o
 .debug_loc     0x0000000000014ce9      0x593 hal/Src/stm32wlxx_hal_gpio.o
 .debug_loc     0x000000000001527c      0x4c7 hal/Src/stm32wlxx_hal_cortex.o
 .debug_loc     0x0000000000015743      0x21c hal/Src/stm32wlxx_hal_pwr.o
 .debug_loc     0x000000000001595f      0x1c7 /usr/lib/gcc/arm-none-eabi/10.3.1/thumb/v6-m/nofp/libgcc.a(_muldi3.o)
 .debug_loc     0x0000000000015b26      0x3d3 /usr/lib/gcc/arm-none-eabi/10.3.1/thumb/v6-m/nofp/libgcc.a(_udivmoddi4.o)
 .debug_loc     0x0000000000015ef9      0x457 /usr/lib/gcc/arm-none-eabi/10.3.1/../../../arm-none-eabi/lib/thumb/v6-m/nofp/libc_nano.a(lib_a-memcpy-stub.o)
 .debug_loc     0x0000000000016350      0x2a3 /usr/lib/gcc/arm-none-eabi/10.3.1/../../../arm-none-eabi/lib/thumb/v6-m/nofp/libc_nano.a(lib_a-memset.o)
 .debug_loc     0x00000000000165f3      0x276 /usr/lib/gcc/arm-none-eabi/10.3.1/../../../arm-none-eabi/lib/thumb/v6-m/nofp/libc_nano.a(lib_a-snprintf.o)
 .debug_loc     0x0000000000016869       0x90 /usr/lib/gcc/arm-none-eabi/10.3.1/../../../arm-none-eabi/lib/thumb/v6-m/nofp/libc_nano.a(lib_a-strlen-stub.o)
 .debug_loc     0x00000000000168f9      0x4c0 /usr/lib/gcc/arm-none-eabi/10.3.1/../../../arm-none-eabi/lib/thumb/v6-m/nofp/libc_nano.a(lib_a-vsnprintf.o)
 .debug_loc     0x0000000000016db9      0xa08 /usr/lib/gcc/arm-none-eabi/10.3.1/../../../arm-none-eabi/lib/thumb/v6-m/nofp/libc_nano.a(lib_a-nano-svfprintf.o)
 .debug_loc     0x00000000000177c1      0x660 /usr/lib/gcc/arm-none-eabi/10.3.1/../../../arm-none-eabi/lib/thumb/v6-m/nofp/libc_nano.a(lib_a-nano-vfprintf_i.o)
 .debug_loc     0x0000000000017e21      0x21d /usr/lib/gcc/arm-none-eabi/10.3.1/../../../arm-none-eabi/lib/thumb/v6-m/nofp/libc_nano.a(lib_a-memchr-stub.o)
 .debug_loc     0x000000000001803e      0x508 /usr/lib/gcc/arm-none-eabi/10.3.1/../../../arm-none-eabi/lib/thumb/v6-m/nofp/libc_nano.a(lib_a-memmove.o)
 .debug_loc     0x0000000000018546      0x1d8 /usr/lib/gcc/arm-none-eabi/10.3.1/../../../arm-none-eabi/lib/thumb/v6-m/nofp/libc_nano.a(lib_a-nano-freer.o)
 .debug_loc     0x000000000001871e      0x2a9 /usr/lib/gcc/arm-none-eabi/10.3.1/../../../arm-none-eabi/lib/thumb/v6-m/nofp/libc_nano.a(lib_a-nano-mallocr.o)
 .debug_loc     0x00000000000189c7      0x17b /usr/lib/gcc/arm-none-eabi/10.3.1/../../../arm-none-eabi/lib/thumb/v6-m/nofp/libc_nano.a(lib_a-nano-reallocr.o)
 .debug_loc     0x0000000000018b42       0x79 /usr/lib/gcc/arm-none-eabi/10.3.1/../../../arm-none-eabi/lib/thumb/v6-m/nofp/libc_nano.a(lib_a-sbrkr.o)
 .debug_loc     0x0000000000018bbb       0xcc /usr/lib/gcc/arm-none-eabi/10.3.1/../../../arm-none-eabi/lib/thumb/v6-m/nofp/libc_nano.a(lib_a-nano-msizer.o)
 .debug_loc     0x0000000000018c87      0x199 /usr/lib/gcc/arm-none-eabi/10.3.1/../../../arm-none-eabi/lib/thumb/v6-m/nofp/libc_nano.a(lib_a-reent.o)
 .debug_loc     0x0000000000018e20       0x58 /usr/lib/gcc/arm-none-eabi/10.3.1/../../../arm-none-eabi/lib/thumb/v6-m/nofp/libnosys.a(sbrk.o)

.debug_aranges  0x0000000000000000     0x1488
 .debug_aranges
                0x0000000000000000       0x48 Main_code/Main_GS/gs_main.o
 .debug_aranges
                0x0000000000000048       0x68 uart/uart_debug.o
 .debug_aranges
                0x00000000000000b0       0x70 protocol/ax25/ax25.o
 .debug_aranges
                0x0000000000000120       0x38 Mission/protocol.o
 .debug_aranges
                0x0000000000000158       0x58 Mission/radio_app.o
 .debug_aranges
                0x00000000000001b0       0x80 protocol/stm32wlxx_it.o
 .debug_aranges
                0x0000000000000230       0x48 protocol/stm32_lpm.o
 .debug_aranges
                0x0000000000000278       0x30 core/stm32_mem.o
 .debug_aranges
                0x00000000000002a8       0x28 core/system_stm32wlxx.o
 .debug_aranges
                0x00000000000002d0       0xb0 core/timer_if.o
 .debug_aranges
                0x0000000000000380       0x30 core/rtc.o
 .debug_aranges
                0x00000000000003b0       0x20 core/error_handler.o
 .debug_aranges
                0x00000000000003d0       0xc8 core/stm32_adv_trace.o
 .debug_aranges
                0x0000000000000498       0x20 core/stm32_tiny_vsnprintf.o
 .debug_aranges
                0x00000000000004b8       0x30 core/stm32_trace_driver.o
 .debug_aranges
                0x00000000000004e8      0x138 radio_driver/radio.o
 .debug_aranges
                0x0000000000000620      0x238 radio_driver/radio_driver.o
 .debug_aranges
                0x0000000000000858       0x58 radio_driver/radio_fw.o
 .debug_aranges
                0x00000000000008b0       0xb8 radio_driver/stm32_timer.o
 .debug_aranges
                0x0000000000000968       0x60 radio_driver/sys_app.o
 .debug_aranges
                0x00000000000009c8       0x70 target/radio_board_if.o
 .debug_aranges
                0x0000000000000a38       0x30 subghz/subghz.o
 .debug_aranges
                0x0000000000000a68       0xe8 hal/Src/stm32wlxx_hal.o
 .debug_aranges
                0x0000000000000b50       0xb0 hal/Src/stm32wlxx_hal_subghz.o
 .debug_aranges
                0x0000000000000c00       0xd8 hal/Src/stm32wlxx_hal_rtc.o
 .debug_aranges
                0x0000000000000cd8      0x158 hal/Src/stm32wlxx_hal_rtc_ex.o
 .debug_aranges
                0x0000000000000e30       0xa0 hal/Src/stm32wlxx_hal_rcc.o
 .debug_aranges
                0x0000000000000ed0       0x88 hal/Src/stm32wlxx_hal_rcc_ex.o
 .debug_aranges
                0x0000000000000f58       0x60 hal/Src/stm32wlxx_hal_gpio.o
 .debug_aranges
                0x0000000000000fb8       0xa0 hal/Src/stm32wlxx_hal_cortex.o
 .debug_aranges
                0x0000000000001058       0x98 hal/Src/stm32wlxx_hal_pwr.o
 .debug_aranges
                0x00000000000010f0       0x28 startup_cm0p.o
 .debug_aranges
                0x0000000000001118       0x20 /usr/lib/gcc/arm-none-eabi/10.3.1/thumb/v6-m/nofp/libgcc.a(_udivsi3.o)
 .debug_aranges
                0x0000000000001138       0x20 /usr/lib/gcc/arm-none-eabi/10.3.1/thumb/v6-m/nofp/libgcc.a(_divsi3.o)
 .debug_aranges
                0x0000000000001158       0x20 /usr/lib/gcc/arm-none-eabi/10.3.1/thumb/v6-m/nofp/libgcc.a(_dvmd_tls.o)
 .debug_aranges
                0x0000000000001178       0x20 /usr/lib/gcc/arm-none-eabi/10.3.1/thumb/v6-m/nofp/libgcc.a(_aeabi_uldivmod.o)
 .debug_aranges
                0x0000000000001198       0x20 /usr/lib/gcc/arm-none-eabi/10.3.1/thumb/v6-m/nofp/libgcc.a(_muldi3.o)
 .debug_aranges
                0x00000000000011b8       0x20 /usr/lib/gcc/arm-none-eabi/10.3.1/thumb/v6-m/nofp/libgcc.a(_udivmoddi4.o)
 .debug_aranges
                0x00000000000011d8       0x20 /usr/lib/gcc/arm-none-eabi/10.3.1/thumb/v6-m/nofp/libgcc.a(_clzsi2.o)
 .debug_aranges
                0x00000000000011f8       0x20 /usr/lib/gcc/arm-none-eabi/10.3.1/thumb/v6-m/nofp/libgcc.a(_clzdi2.o)
 .debug_aranges
                0x0000000000001218       0x18 /usr/lib/gcc/arm-none-eabi/10.3.1/../../../arm-none-eabi/lib/thumb/v6-m/nofp/libc_nano.a(lib_a-ctype_.o)
 .debug_aranges
                0x0000000000001230       0x20 /usr/lib/gcc/arm-none-eabi/10.3.1/../../../arm-none-eabi/lib/thumb/v6-m/nofp/libc_nano.a(lib_a-memcpy-stub.o)
 .debug_aranges
                0x0000000000001250       0x20 /usr/lib/gcc/arm-none-eabi/10.3.1/../../../arm-none-eabi/lib/thumb/v6-m/nofp/libc_nano.a(lib_a-memset.o)
 .debug_aranges
                0x0000000000001270       0x20 /usr/lib/gcc/arm-none-eabi/10.3.1/../../../arm-none-eabi/lib/thumb/v6-m/nofp/libc_nano.a(lib_a-snprintf.o)
 .debug_aranges
                0x0000000000001290       0x20 /usr/lib/gcc/arm-none-eabi/10.3.1/../../../arm-none-eabi/lib/thumb/v6-m/nofp/libc_nano.a(lib_a-strcmp.o)
 .debug_aranges
                0x00000000000012b0       0x20 /usr/lib/gcc/arm-none-eabi/10.3.1/../../../arm-none-eabi/lib/thumb/v6-m/nofp/libc_nano.a(lib_a-strlen-stub.o)
 .debug_aranges
                0x00000000000012d0       0x20 /usr/lib/gcc/arm-none-eabi/10.3.1/../../../arm-none-eabi/lib/thumb/v6-m/nofp/libc_nano.a(lib_a-vsnprintf.o)
 .debug_aranges
                0x00000000000012f0       0x18 /usr/lib/gcc/arm-none-eabi/10.3.1/../../../arm-none-eabi/lib/thumb/v6-m/nofp/libc_nano.a(lib_a-impure.o)
 .debug_aranges
                0x0000000000001308       0x20 /usr/lib/gcc/arm-none-eabi/10.3.1/../../../arm-none-eabi/lib/thumb/v6-m/nofp/libc_nano.a(lib_a-nano-svfprintf.o)
 .debug_aranges
                0x0000000000001328       0x20 /usr/lib/gcc/arm-none-eabi/10.3.1/../../../arm-none-eabi/lib/thumb/v6-m/nofp/libc_nano.a(lib_a-nano-vfprintf_i.o)
 .debug_aranges
                0x0000000000001348       0x20 /usr/lib/gcc/arm-none-eabi/10.3.1/../../../arm-none-eabi/lib/thumb/v6-m/nofp/libc_nano.a(lib_a-memchr-stub.o)
 .debug_aranges
                0x0000000000001368       0x20 /usr/lib/gcc/arm-none-eabi/10.3.1/../../../arm-none-eabi/lib/thumb/v6-m/nofp/libc_nano.a(lib_a-memmove.o)
 .debug_aranges
                0x0000000000001388       0x20 /usr/lib/gcc/arm-none-eabi/10.3.1/../../../arm-none-eabi/lib/thumb/v6-m/nofp/libc_nano.a(lib_a-nano-freer.o)
 .debug_aranges
                0x00000000000013a8       0x20 /usr/lib/gcc/arm-none-eabi/10.3.1/../../../arm-none-eabi/lib/thumb/v6-m/nofp/libc_nano.a(lib_a-nano-mallocr.o)
 .debug_aranges
                0x00000000000013c8       0x20 /usr/lib/gcc/arm-none-eabi/10.3.1/../../../arm-none-eabi/lib/thumb/v6-m/nofp/libc_nano.a(lib_a-nano-reallocr.o)
 .debug_aranges
                0x00000000000013e8       0x20 /usr/lib/gcc/arm-none-eabi/10.3.1/../../../arm-none-eabi/lib/thumb/v6-m/nofp/libc_nano.a(lib_a-sbrkr.o)
 .debug_aranges
                0x0000000000001408       0x20 /usr/lib/gcc/arm-none-eabi/10.3.1/../../../arm-none-eabi/lib/thumb/v6-m/nofp/libc_nano.a(lib_a-mlock.o)
 .debug_aranges
                0x0000000000001428       0x20 /usr/lib/gcc/arm-none-eabi/10.3.1/../../../arm-none-eabi/lib/thumb/v6-m/nofp/libc_nano.a(lib_a-nano-msizer.o)
 .debug_aranges
                0x0000000000001448       0x20 /usr/lib/gcc/arm-none-eabi/10.3.1/../../../arm-none-eabi/lib/thumb/v6-m/nofp/libc_nano.a(lib_a-reent.o)
 .debug_aranges
                0x0000000000001468       0x20 /usr/lib/gcc/arm-none-eabi/10.3.1/../../../arm-none-eabi/lib/thumb/v6-m/nofp/libnosys.a(sbrk.o)

.debug_ranges   0x0000000000000000     0x4070
 .debug_ranges  0x0000000000000000      0x298 Main_code/Main_GS/gs_main.o
 .debug_ranges  0x0000000000000298       0xc0 uart/uart_debug.o
 .debug_ranges  0x0000000000000358      0x318 protocol/ax25/ax25.o
 .debug_ranges  0x0000000000000670      0x408 Mission/protocol.o
 .debug_ranges  0x0000000000000a78       0x60 Mission/radio_app.o
 .debug_ranges  0x0000000000000ad8       0xc0 protocol/stm32wlxx_it.o
 .debug_ranges  0x0000000000000b98       0x50 protocol/stm32_lpm.o
 .debug_ranges  0x0000000000000be8       0x20 core/stm32_mem.o
 .debug_ranges  0x0000000000000c08       0x18 core/system_stm32wlxx.o
 .debug_ranges  0x0000000000000c20      0x200 core/timer_if.o
 .debug_ranges  0x0000000000000e20       0x40 core/rtc.o
 .debug_ranges  0x0000000000000e60       0x10 core/error_handler.o
 .debug_ranges  0x0000000000000e70      0x228 core/stm32_adv_trace.o
 .debug_ranges  0x0000000000001098       0x80 core/stm32_tiny_vsnprintf.o
 .debug_ranges  0x0000000000001118       0x20 core/stm32_trace_driver.o
 .debug_ranges  0x0000000000001138      0x550 radio_driver/radio.o
 .debug_ranges  0x0000000000001688      0x6b0 radio_driver/radio_driver.o
 .debug_ranges  0x0000000000001d38       0x48 radio_driver/radio_fw.o
 .debug_ranges  0x0000000000001d80      0x208 radio_driver/stm32_timer.o
 .debug_ranges  0x0000000000001f88       0xe8 radio_driver/sys_app.o
 .debug_ranges  0x0000000000002070       0x80 target/radio_board_if.o
 .debug_ranges  0x00000000000020f0       0x70 subghz/subghz.o
 .debug_ranges  0x0000000000002160      0x238 hal/Src/stm32wlxx_hal.o
 .debug_ranges  0x0000000000002398      0x850 hal/Src/stm32wlxx_hal_subghz.o
 .debug_ranges  0x0000000000002be8      0x288 hal/Src/stm32wlxx_hal_rtc.o
 .debug_ranges  0x0000000000002e70      0x148 hal/Src/stm32wlxx_hal_rtc_ex.o
 .debug_ranges  0x0000000000002fb8      0x778 hal/Src/stm32wlxx_hal_rcc.o
 .debug_ranges  0x0000000000003730      0x580 hal/Src/stm32wlxx_hal_rcc_ex.o
 .debug_ranges  0x0000000000003cb0       0x50 hal/Src/stm32wlxx_hal_gpio.o
 .debug_ranges  0x0000000000003d00      0x128 hal/Src/stm32wlxx_hal_cortex.o
 .debug_ranges  0x0000000000003e28       0xa8 hal/Src/stm32wlxx_hal_pwr.o
 .debug_ranges  0x0000000000003ed0       0x20 startup_cm0p.o
 .debug_ranges  0x0000000000003ef0       0x30 /usr/lib/gcc/arm-none-eabi/10.3.1/thumb/v6-m/nofp/libgcc.a(_muldi3.o)
 .debug_ranges  0x0000000000003f20       0x20 /usr/lib/gcc/arm-none-eabi/10.3.1/../../../arm-none-eabi/lib/thumb/v6-m/nofp/libc_nano.a(lib_a-vsnprintf.o)
 .debug_ranges  0x0000000000003f40       0x50 /usr/lib/gcc/arm-none-eabi/10.3.1/../../../arm-none-eabi/lib/thumb/v6-m/nofp/libc_nano.a(lib_a-nano-svfprintf.o)
 .debug_ranges  0x0000000000003f90       0x88 /usr/lib/gcc/arm-none-eabi/10.3.1/../../../arm-none-eabi/lib/thumb/v6-m/nofp/libc_nano.a(lib_a-nano-vfprintf_i.o)
 .debug_ranges  0x0000000000004018       0x18 /usr/lib/gcc/arm-none-eabi/10.3.1/../../../arm-none-eabi/lib/thumb/v6-m/nofp/libc_nano.a(lib_a-nano-freer.o)
 .debug_ranges  0x0000000000004030       0x40 /usr/lib/gcc/arm-none-eabi/10.3.1/../../../arm-none-eabi/lib/thumb/v6-m/nofp/libc_nano.a(lib_a-nano-mallocr.o)

.debug_line     0x0000000000000000    0x193fc
 .debug_line    0x0000000000000000      0xb04 Main_code/Main_GS/gs_main.o
 .debug_line    0x0000000000000b04      0x633 uart/uart_debug.o
 .debug_line    0x0000000000001137      0x933 protocol/ax25/ax25.o
 .debug_line    0x0000000000001a6a      0x8e7 Mission/protocol.o
 .debug_line    0x0000000000002351      0x3bc Mission/radio_app.o
 .debug_line    0x000000000000270d      0x4d9 protocol/stm32wlxx_it.o
 .debug_line    0x0000000000002be6      0x30a protocol/stm32_lpm.o
 .debug_line    0x0000000000002ef0      0x12e core/stm32_mem.o
 .debug_line    0x000000000000301e      0x1f0 core/system_stm32wlxx.o
 .debug_line    0x000000000000320e      0xa01 core/timer_if.o
 .debug_line    0x0000000000003c0f      0x376 core/rtc.o
 .debug_line    0x0000000000003f85       0xfb core/error_handler.o
 .debug_line    0x0000000000004080     0x1178 core/stm32_adv_trace.o
 .debug_line    0x00000000000051f8      0x659 core/stm32_tiny_vsnprintf.o
 .debug_line    0x0000000000005851      0x109 core/stm32_trace_driver.o
 .debug_line    0x000000000000595a     0x2159 radio_driver/radio.o
 .debug_line    0x0000000000007ab3     0x3563 radio_driver/radio_driver.o
 .debug_line    0x000000000000b016      0x1a4 radio_driver/radio_fw.o
 .debug_line    0x000000000000b1ba      0xacb radio_driver/stm32_timer.o
 .debug_line    0x000000000000bc85      0x4d6 radio_driver/sys_app.o
 .debug_line    0x000000000000c15b      0x55a target/radio_board_if.o
 .debug_line    0x000000000000c6b5      0x242 subghz/subghz.o
 .debug_line    0x000000000000c8f7      0x8e1 hal/Src/stm32wlxx_hal.o
 .debug_line    0x000000000000d1d8     0x1c43 hal/Src/stm32wlxx_hal_subghz.o
 .debug_line    0x000000000000ee1b     0x1582 hal/Src/stm32wlxx_hal_rtc.o
 .debug_line    0x000000000001039d     0x1a99 hal/Src/stm32wlxx_hal_rtc_ex.o
 .debug_line    0x0000000000011e36     0x1cb0 hal/Src/stm32wlxx_hal_rcc.o
 .debug_line    0x0000000000013ae6     0x125e hal/Src/stm32wlxx_hal_rcc_ex.o
 .debug_line    0x0000000000014d44      0x689 hal/Src/stm32wlxx_hal_gpio.o
 .debug_line    0x00000000000153cd      0x64d hal/Src/stm32wlxx_hal_cortex.o
 .debug_line    0x0000000000015a1a      0x499 hal/Src/stm32wlxx_hal_pwr.o
 .debug_line    0x0000000000015eb3       0x79 startup_cm0p.o
 .debug_line    0x0000000000015f2c       0x6c /usr/lib/gcc/arm-none-eabi/10.3.1/thumb/v6-m/nofp/libgcc.a(_udivsi3.o)
 .debug_line    0x0000000000015f98       0x73 /usr/lib/gcc/arm-none-eabi/10.3.1/thumb/v6-m/nofp/libgcc.a(_divsi3.o)
 .debug_line    0x000000000001600b       0x60 /usr/lib/gcc/arm-none-eabi/10.3.1/thumb/v6-m/nofp/libgcc.a(_dvmd_tls.o)
 .debug_line    0x000000000001606b       0x6b /usr/lib/gcc/arm-none-eabi/10.3.1/thumb/v6-m/nofp/libgcc.a(_aeabi_uldivmod.o)
 .debug_line    0x00000000000160d6      0x12e /usr/lib/gcc/arm-none-eabi/10.3.1/thumb/v6-m/nofp/libgcc.a(_muldi3.o)
 .debug_line    0x0000000000016204      0x1c2 /usr/lib/gcc/arm-none-eabi/10.3.1/thumb/v6-m/nofp/libgcc.a(_udivmoddi4.o)
 .debug_line    0x00000000000163c6       0x74 /usr/lib/gcc/arm-none-eabi/10.3.1/thumb/v6-m/nofp/libgcc.a(_clzsi2.o)
 .debug_line    0x000000000001643a       0x6a /usr/lib/gcc/arm-none-eabi/10.3.1/thumb/v6-m/nofp/libgcc.a(_clzdi2.o)
 .debug_line    0x00000000000164a4       0x5e /usr/lib/gcc/arm-none-eabi/10.3.1/../../../arm-none-eabi/lib/thumb/v6-m/nofp/libc_nano.a(lib_a-ctype_.o)
 .debug_line    0x0000000000016502      0x1b5 /usr/lib/gcc/arm-none-eabi/10.3.1/../../../arm-none-eabi/lib/thumb/v6-m/nofp/libc_nano.a(lib_a-memcpy-stub.o)
 .debug_line    0x00000000000166b7      0x1ce /usr/lib/gcc/arm-none-eabi/10.3.1/../../../arm-none-eabi/lib/thumb/v6-m/nofp/libc_nano.a(lib_a-memset.o)
 .debug_line    0x0000000000016885      0x366 /usr/lib/gcc/arm-none-eabi/10.3.1/../../../arm-none-eabi/lib/thumb/v6-m/nofp/libc_nano.a(lib_a-snprintf.o)
 .debug_line    0x0000000000016beb       0xb0 /usr/lib/gcc/arm-none-eabi/10.3.1/../../../arm-none-eabi/lib/thumb/v6-m/nofp/libc_nano.a(lib_a-strcmp.o)
 .debug_line    0x0000000000016c9b      0x172 /usr/lib/gcc/arm-none-eabi/10.3.1/../../../arm-none-eabi/lib/thumb/v6-m/nofp/libc_nano.a(lib_a-strlen-stub.o)
 .debug_line    0x0000000000016e0d      0x2fa /usr/lib/gcc/arm-none-eabi/10.3.1/../../../arm-none-eabi/lib/thumb/v6-m/nofp/libc_nano.a(lib_a-vsnprintf.o)
 .debug_line    0x0000000000017107       0xe4 /usr/lib/gcc/arm-none-eabi/10.3.1/../../../arm-none-eabi/lib/thumb/v6-m/nofp/libc_nano.a(lib_a-impure.o)
 .debug_line    0x00000000000171eb      0x8be /usr/lib/gcc/arm-none-eabi/10.3.1/../../../arm-none-eabi/lib/thumb/v6-m/nofp/libc_nano.a(lib_a-nano-svfprintf.o)
 .debug_line    0x0000000000017aa9      0x718 /usr/lib/gcc/arm-none-eabi/10.3.1/../../../arm-none-eabi/lib/thumb/v6-m/nofp/libc_nano.a(lib_a-nano-vfprintf_i.o)
 .debug_line    0x00000000000181c1      0x1b1 /usr/lib/gcc/arm-none-eabi/10.3.1/../../../arm-none-eabi/lib/thumb/v6-m/nofp/libc_nano.a(lib_a-memchr-stub.o)
 .debug_line    0x0000000000018372      0x1e1 /usr/lib/gcc/arm-none-eabi/10.3.1/../../../arm-none-eabi/lib/thumb/v6-m/nofp/libc_nano.a(lib_a-memmove.o)
 .debug_line    0x0000000000018553      0x2d0 /usr/lib/gcc/arm-none-eabi/10.3.1/../../../arm-none-eabi/lib/thumb/v6-m/nofp/libc_nano.a(lib_a-nano-freer.o)
 .debug_line    0x0000000000018823      0x2ca /usr/lib/gcc/arm-none-eabi/10.3.1/../../../arm-none-eabi/lib/thumb/v6-m/nofp/libc_nano.a(lib_a-nano-mallocr.o)
 .debug_line    0x0000000000018aed      0x1ab /usr/lib/gcc/arm-none-eabi/10.3.1/../../../arm-none-eabi/lib/thumb/v6-m/nofp/libc_nano.a(lib_a-nano-reallocr.o)
 .debug_line    0x0000000000018c98      0x183 /usr/lib/gcc/arm-none-eabi/10.3.1/../../../arm-none-eabi/lib/thumb/v6-m/nofp/libc_nano.a(lib_a-sbrkr.o)
 .debug_line    0x0000000000018e1b      0x13e /usr/lib/gcc/arm-none-eabi/10.3.1/../../../arm-none-eabi/lib/thumb/v6-m/nofp/libc_nano.a(lib_a-mlock.o)
 .debug_line    0x0000000000018f59      0x163 /usr/lib/gcc/arm-none-eabi/10.3.1/../../../arm-none-eabi/lib/thumb/v6-m/nofp/libc_nano.a(lib_a-nano-msizer.o)
 .debug_line    0x00000000000190bc      0x2ba /usr/lib/gcc/arm-none-eabi/10.3.1/../../../arm-none-eabi/lib/thumb/v6-m/nofp/libc_nano.a(lib_a-reent.o)
 .debug_line    0x0000000000019376       0x86 /usr/lib/gcc/arm-none-eabi/10.3.1/../../../arm-none-eabi/lib/thumb/v6-m/nofp/libnosys.a(sbrk.o)

.debug_str      0x0000000000000000     0x972f
 .debug_str     0x0000000000000000     0x17e2 Main_code/Main_GS/gs_main.o
                                       0x1a9e (size before relaxing)
 .debug_str     0x00000000000017e2       0x9c uart/uart_debug.o
                                        0x24b (size before relaxing)
 .debug_str     0x000000000000187e      0x225 protocol/ax25/ax25.o
                                        0x42d (size before relaxing)
 .debug_str     0x0000000000001aa3      0x1d8 Mission/protocol.o
                                        0x513 (size before relaxing)
 .debug_str     0x0000000000001c7b      0x794 Mission/radio_app.o
                                       0x1d70 (size before relaxing)
 .debug_str     0x000000000000240f      0x462 protocol/stm32wlxx_it.o
                                        0x627 (size before relaxing)
 .debug_str     0x0000000000002871      0x1f3 protocol/stm32_lpm.o
                                        0x47f (size before relaxing)
 .debug_str     0x0000000000002a64       0x49 core/stm32_mem.o
                                        0x1d6 (size before relaxing)
 .debug_str     0x0000000000002aad      0x1e4 core/system_stm32wlxx.o
                                        0x41b (size before relaxing)
 .debug_str     0x0000000000002c91      0x6ca core/timer_if.o
                                        0xc4c (size before relaxing)
 .debug_str     0x000000000000335b      0x22e core/rtc.o
                                        0xb1c (size before relaxing)
 .debug_str     0x0000000000003589       0x15 core/error_handler.o
                                        0x18d (size before relaxing)
 .debug_str     0x000000000000359e      0x53b core/stm32_adv_trace.o
                                        0x89c (size before relaxing)
 .debug_str     0x0000000000003ad9       0x87 core/stm32_tiny_vsnprintf.o
                                        0x245 (size before relaxing)
 .debug_str     0x0000000000003b60       0x3d core/stm32_trace_driver.o
                                        0x3cf (size before relaxing)
 .debug_str     0x0000000000003b9d      0xb13 radio_driver/radio.o
                                       0x27a0 (size before relaxing)
 .debug_str     0x00000000000046b0      0xcbb radio_driver/radio_driver.o
                                       0x1ec4 (size before relaxing)
 .debug_str     0x000000000000536b       0xb9 radio_driver/radio_fw.o
                                        0xd79 (size before relaxing)
 .debug_str     0x0000000000005424      0x1ba radio_driver/stm32_timer.o
                                        0x71c (size before relaxing)
 .debug_str     0x00000000000055de      0x302 radio_driver/sys_app.o
                                        0x9eb (size before relaxing)
 .debug_str     0x00000000000058e0      0x16a target/radio_board_if.o
                                        0x6da (size before relaxing)
 .debug_str     0x0000000000005a4a       0x8e subghz/subghz.o
                                        0x7a0 (size before relaxing)
 .debug_str     0x0000000000005ad8      0x627 hal/Src/stm32wlxx_hal.o
                                        0xc82 (size before relaxing)
 .debug_str     0x00000000000060ff      0x22d hal/Src/stm32wlxx_hal_subghz.o
                                        0xe01 (size before relaxing)
 .debug_str     0x000000000000632c      0x293 hal/Src/stm32wlxx_hal_rtc.o
                                        0x8af (size before relaxing)
 .debug_str     0x00000000000065bf      0x6db hal/Src/stm32wlxx_hal_rtc_ex.o
                                        0xdaa (size before relaxing)
 .debug_str     0x0000000000006c9a      0x946 hal/Src/stm32wlxx_hal_rcc.o
                                        0xea0 (size before relaxing)
 .debug_str     0x00000000000075e0      0x4e0 hal/Src/stm32wlxx_hal_rcc_ex.o
                                        0xcd3 (size before relaxing)
 .debug_str     0x0000000000007ac0       0xd4 hal/Src/stm32wlxx_hal_gpio.o
                                        0x434 (size before relaxing)
 .debug_str     0x0000000000007b94      0x30b hal/Src/stm32wlxx_hal_cortex.o
                                        0x758 (size before relaxing)
 .debug_str     0x0000000000007e9f      0x2bb hal/Src/stm32wlxx_hal_pwr.o
                                        0x5f5 (size before relaxing)
 .debug_str     0x000000000000815a       0x1b startup_cm0p.o
                                         0x42 (size before relaxing)
 .debug_str     0x0000000000008175       0xa6 /usr/lib/gcc/arm-none-eabi/10.3.1/thumb/v6-m/nofp/libgcc.a(_udivsi3.o)
 .debug_str     0x000000000000821b       0xa6 /usr/lib/gcc/arm-none-eabi/10.3.1/thumb/v6-m/nofp/libgcc.a(_divsi3.o)
 .debug_str     0x000000000000821b       0xa6 /usr/lib/gcc/arm-none-eabi/10.3.1/thumb/v6-m/nofp/libgcc.a(_dvmd_tls.o)
 .debug_str     0x000000000000821b       0x30 /usr/lib/gcc/arm-none-eabi/10.3.1/thumb/v6-m/nofp/libgcc.a(_aeabi_uldivmod.o)
                                         0xa6 (size before relaxing)
 .debug_str     0x000000000000824b      0x528 /usr/lib/gcc/arm-none-eabi/10.3.1/thumb/v6-m/nofp/libgcc.a(_muldi3.o)
                                        0x62c (size before relaxing)
 .debug_str     0x0000000000008773       0xd2 /usr/lib/gcc/arm-none-eabi/10.3.1/thumb/v6-m/nofp/libgcc.a(_udivmoddi4.o)