Archive member included to satisfy reference by file (symbol)

/usr/lib/gcc/arm-none-eabi/10.3.1/thumb/v6-m/nofp/libgcc.a(_udivsi3.o)
                              Main_code/Main_Satellite/satellite_app.o (__aeabi_uidiv)
/usr/lib/gcc/arm-none-eabi/10.3.1/thumb/v6-m/nofp/libgcc.a(_divsi3.o)
                              Main_code/Main_Satellite/satellite_app.o (__aeabi_idiv)
/usr/lib/gcc/arm-none-eabi/10.3.1/thumb/v6-m/nofp/libgcc.a(_dvmd_tls.o)
                              /usr/lib/gcc/arm-none-eabi/10.3.1/thumb/v6-m/nofp/libgcc.a(_udivsi3.o) (__aeabi_idiv0)
/usr/lib/gcc/arm-none-eabi/10.3.1/thumb/v6-m/nofp/libgcc.a(_aeabi_ldivmod.o)
                              uart/uart_debug.o (__aeabi_ldivmod)
/usr/lib/gcc/arm-none-eabi/10.3.1/thumb/v6-m/nofp/libgcc.a(_aeabi_uldivmod.o)
                              uart/uart_debug.o (__aeabi_uldivmod)
/usr/lib/gcc/arm-none-eabi/10.3.1/thumb/v6-m/nofp/libgcc.a(_muldi3.o)
                              core/timer_if.o (__aeabi_lmul)
/usr/lib/gcc/arm-none-eabi/10.3.1/thumb/v6-m/nofp/libgcc.a(_fixunssfsi.o)
                              ipc/Sring_buffer.o (__aeabi_f2uiz)
/usr/lib/gcc/arm-none-eabi/10.3.1/thumb/v6-m/nofp/libgcc.a(_udivmoddi4.o)
                              /usr/lib/gcc/arm-none-eabi/10.3.1/thumb/v6-m/nofp/libgcc.a(_aeabi_uldivmod.o) (__udivmoddi4)
/usr/lib/gcc/arm-none-eabi/10.3.1/thumb/v6-m/nofp/libgcc.a(bpabi.o)
                              /usr/lib/gcc/arm-none-eabi/10.3.1/thumb/v6-m/nofp/libgcc.a(_aeabi_ldivmod.o) (__gnu_ldivmod_helper)
/usr/lib/gcc/arm-none-eabi/10.3.1/thumb/v6-m/nofp/libgcc.a(divsf3.o)
                              ipc/Sring_buffer.o (__aeabi_fdiv)
/usr/lib/gcc/arm-none-eabi/10.3.1/thumb/v6-m/nofp/libgcc.a(mulsf3.o)
                              ipc/Sring_buffer.o (__aeabi_fmul)
/usr/lib/gcc/arm-none-eabi/10.3.1/thumb/v6-m/nofp/libgcc.a(subsf3.o)
                              /usr/lib/gcc/arm-none-eabi/10.3.1/thumb/v6-m/nofp/libgcc.a(_fixunssfsi.o) (__aeabi_fsub)
/usr/lib/gcc/arm-none-eabi/10.3.1/thumb/v6-m/nofp/libgcc.a(fixsfsi.o)
                              ipc/Sring_buffer.o (__aeabi_f2iz)
/usr/lib/gcc/arm-none-eabi/10.3.1/thumb/v6-m/nofp/libgcc.a(floatsisf.o)
                              ipc/Sring_buffer.o (__aeabi_i2f)
/usr/lib/gcc/arm-none-eabi/10.3.1/thumb/v6-m/nofp/libgcc.a(floatunsisf.o)
                              ipc/Sring_buffer.o (__aeabi_ui2f)
/usr/lib/gcc/arm-none-eabi/10.3.1/thumb/v6-m/nofp/libgcc.a(_arm_cmpsf2.o)
                              /usr/lib/gcc/arm-none-eabi/10.3.1/thumb/v6-m/nofp/libgcc.a(_fixunssfsi.o) (__aeabi_fcmpge)
/usr/lib/gcc/arm-none-eabi/10.3.1/thumb/v6-m/nofp/libgcc.a(_clzsi2.o)
                              /usr/lib/gcc/arm-none-eabi/10.3.1/thumb/v6-m/nofp/libgcc.a(divsf3.o) (__clzsi2)
/usr/lib/gcc/arm-none-eabi/10.3.1/thumb/v6-m/nofp/libgcc.a(_clzdi2.o)
                              /usr/lib/gcc/arm-none-eabi/10.3.1/thumb/v6-m/nofp/libgcc.a(_udivmoddi4.o) (__clzdi2)
/usr/lib/gcc/arm-none-eabi/10.3.1/thumb/v6-m/nofp/libgcc.a(_divdi3.o)
                              /usr/lib/gcc/arm-none-eabi/10.3.1/thumb/v6-m/nofp/libgcc.a(bpabi.o) (__divdi3)
/usr/lib/gcc/arm-none-eabi/10.3.1/thumb/v6-m/nofp/libgcc.a(eqsf2.o)
                              /usr/lib/gcc/arm-none-eabi/10.3.1/thumb/v6-m/nofp/libgcc.a(_arm_cmpsf2.o) (__eqsf2)
/usr/lib/gcc/arm-none-eabi/10.3.1/thumb/v6-m/nofp/libgcc.a(gesf2.o)
                              /usr/lib/gcc/arm-none-eabi/10.3.1/thumb/v6-m/nofp/libgcc.a(_arm_cmpsf2.o) (__gesf2)
/usr/lib/gcc/arm-none-eabi/10.3.1/thumb/v6-m/nofp/libgcc.a(lesf2.o)
                              /usr/lib/gcc/arm-none-eabi/10.3.1/thumb/v6-m/nofp/libgcc.a(_arm_cmpsf2.o) (__lesf2)
/usr/lib/gcc/arm-none-eabi/10.3.1/../../../arm-none-eabi/lib/thumb/v6-m/nofp/libc_nano.a(lib_a-ctype_.o)
                              protocol/ax25/ax25.o (_ctype_)
/usr/lib/gcc/arm-none-eabi/10.3.1/../../../arm-none-eabi/lib/thumb/v6-m/nofp/libc_nano.a(lib_a-memcpy-stub.o)
                              Main_code/Main_Satellite/satellite_app.o (memcpy)
/usr/lib/gcc/arm-none-eabi/10.3.1/../../../arm-none-eabi/lib/thumb/v6-m/nofp/libc_nano.a(lib_a-memset.o)
                              ipc/Sring_buffer.o (memset)
/usr/lib/gcc/arm-none-eabi/10.3.1/../../../arm-none-eabi/lib/thumb/v6-m/nofp/libc_nano.a(lib_a-snprintf.o)
                              Main_code/Main_Satellite/satellite_main.o (snprintf)
/usr/lib/gcc/arm-none-eabi/10.3.1/../../../arm-none-eabi/lib/thumb/v6-m/nofp/libc_nano.a(lib_a-strlen-stub.o)
                              Main_code/Main_Satellite/satellite_app.o (strlen)
/usr/lib/gcc/arm-none-eabi/10.3.1/../../../arm-none-eabi/lib/thumb/v6-m/nofp/libc_nano.a(lib_a-strncpy.o)
                              ipc/Sring_buffer.o (strncpy)
/usr/lib/gcc/arm-none-eabi/10.3.1/../../../arm-none-eabi/lib/thumb/v6-m/nofp/libc_nano.a(lib_a-vsnprintf.o)
                              uart/uart_debug.o (vsnprintf)
[...]
Memory Configuration

Name             Origin             Length             Attributes
FLASH            0x0000000008032000 0x000000000000e000 xr
RAM              0x0000000020009000 0x0000000000007000 xrw
*default*        0x0000000000000000 0xffffffffffffffff

Linker script and memory map

LOAD Main_code/Main_Satellite/satellite_main.o
LOAD Main_code/Main_Satellite/satellite_app.o
LOAD uart/uart_debug.o
LOAD ipc/Sring_buffer.o
LOAD protocol/ax25/ax25.o
LOAD protocol/ax25/crc16.o
LOAD protocol/g3ruh/g3ruh.o
LOAD Mission/protocol.o
LOAD Mission/radio_app.o
LOAD protocol/stm32wlxx_it.o
LOAD protocol/stm32_seq.o
LOAD protocol/stm32_lpm.o
LOAD core/stm32_mem.o
LOAD core/system_stm32wlxx.o
LOAD core/timer_if.o
LOAD core/rtc.o
LOAD core/error_handler.o
LOAD core/stm32_adv_trace.o
LOAD core/stm32_tiny_vsnprintf.o
LOAD core/stm32_trace_driver.o
LOAD radio_driver/radio.o
LOAD radio_driver/radio_driver.o
LOAD radio_driver/radio_fw.o
LOAD radio_driver/stm32_timer.o
LOAD radio_driver/sys_app.o
LOAD target/radio_board_if.o
LOAD subghz/subghz.o
LOAD hal/Src/stm32wlxx_hal.o
LOAD hal/Src/stm32wlxx_hal_subghz.o
LOAD hal/Src/stm32wlxx_hal_rtc.o
LOAD hal/Src/stm32wlxx_hal_rtc_ex.o
LOAD hal/Src/stm32wlxx_hal_rcc.o
LOAD hal/Src/stm32wlxx_hal_rcc_ex.o
LOAD hal/Src/stm32wlxx_hal_gpio.o
LOAD hal/Src/stm32wlxx_hal_cortex.o
LOAD hal/Src/stm32wlxx_hal_pwr.o
LOAD hal/Src/stm32wlxx_hal_pwr_ex.o
LOAD bsp/stm32wlxx_nucleo_radio.o
LOAD startup_cm0p.o
START GROUP
LOAD /usr/lib/gcc/arm-none-eabi/10.3.1/thumb/v6-m/nofp/libgcc.a
LOAD /usr/lib/gcc/arm-none-eabi/10.3.1/../../../arm-none-eabi/lib/thumb/v6-m/nofp/libc_nano.a
END GROUP
START GROUP
LOAD /usr/lib/gcc/arm-none-eabi/10.3.1/thumb/v6-m/nofp/libgcc.a
LOAD /usr/lib/gcc/arm-none-eabi/10.3.1/../../../arm-none-eabi/lib/thumb/v6-m/nofp/libc_nano.a
LOAD /usr/lib/gcc/arm-none-eabi/10.3.1/../../../arm-none-eabi/lib/thumb/v6-m/nofp/libnosys.a
END GROUP
START GROUP
LOAD /usr/lib/gcc/arm-none-eabi/10.3.1/thumb/v6-m/nofp/libgcc.a
LOAD /usr/lib/gcc/arm-none-eabi/10.3.1/../../../arm-none-eabi/lib/thumb/v6-m/nofp/libc_nano.a
LOAD /usr/lib/gcc/arm-none-eabi/10.3.1/../../../arm-none-eabi/lib/thumb/v6-m/nofp/libnosys.a
END GROUP
                0x0000000020010000                _estack = (ORIGIN (RAM) + LENGTH (RAM))
                0x0000000000000200                _Min_Heap_Size = 0x200
                0x0000000000000400                _Min_Stack_Size = 0x400

.isr_vector     0x0000000008032000       0xc0
                0x0000000008032000                . = ALIGN (0x4)
 *(.isr_vector)
 .isr_vector    0x0000000008032000       0xc0 startup_cm0p.o
                0x00000000080320c0                . = ALIGN (0x4)

.text           0x00000000080320c0     0x9844
                0x00000000080320c0                . = ALIGN (0x4)
 *(.text)
 .text          0x00000000080320c0      0x114 /usr/lib/gcc/arm-none-eabi/10.3.1/thumb/v6-m/nofp/libgcc.a(_udivsi3.o)
                0x00000000080320c0                __udivsi3
                0x00000000080320c0                __aeabi_uidiv
                0x00000000080321cc                __aeabi_uidivmod
 .text          0x00000000080321d4      0x1d4 /usr/lib/gcc/arm-none-eabi/10.3.1/thumb/v6-m/nofp/libgcc.a(_divsi3.o)
                0x00000000080321d4                __aeabi_idiv
                0x00000000080321d4                __divsi3
                0x00000000080323a0                __aeabi_idivmod
 .text          0x00000000080323a8        0x4 /usr/lib/gcc/arm-none-eabi/10.3.1/thumb/v6-m/nofp/libgcc.a(_dvmd_tls.o)
                0x00000000080323a8                __aeabi_ldiv0
                0x00000000080323a8                __aeabi_idiv0
 .text          0x00000000080323ac       0x40 /usr/lib/gcc/arm-none-eabi/10.3.1/thumb/v6-m/nofp/libgcc.a(_aeabi_uldivmod.o)
                0x00000000080323ac                __aeabi_uldivmod
 .text          0x00000000080323ec       0x5c /usr/lib/gcc/arm-none-eabi/10.3.1/thumb/v6-m/nofp/libgcc.a(_muldi3.o)
                0x00000000080323ec                __aeabi_lmul
                0x00000000080323ec                __muldi3
 .text          0x0000000008032448      0x198 /usr/lib/gcc/arm-none-eabi/10.3.1/thumb/v6-m/nofp/libgcc.a(_udivmoddi4.o)
                0x0000000008032448                __udivmoddi4
 .text          0x00000000080325e0       0x3c /usr/lib/gcc/arm-none-eabi/10.3.1/thumb/v6-m/nofp/libgcc.a(_clzsi2.o)
                0x00000000080325e0                __clzsi2
 .text          0x000000000803261c       0x18 /usr/lib/gcc/arm-none-eabi/10.3.1/thumb/v6-m/nofp/libgcc.a(_clzdi2.o)
                0x000000000803261c                __clzdi2
 .text          0x0000000008032634       0xa4 /usr/lib/gcc/arm-none-eabi/10.3.1/../../../arm-none-eabi/lib/thumb/v6-m/nofp/libc_nano.a(lib_a-memcpy-stub.o)
                0x0000000008032634                memcpy
 .text          0x00000000080326d8       0xa8 /usr/lib/gcc/arm-none-eabi/10.3.1/../../../arm-none-eabi/lib/thumb/v6-m/nofp/libc_nano.a(lib_a-memset.o)
                0x00000000080326d8                memset
 .text          0x0000000008032780      0x100 /usr/lib/gcc/arm-none-eabi/10.3.1/../../../arm-none-eabi/lib/thumb/v6-m/nofp/libc_nano.a(lib_a-snprintf.o)
                0x0000000008032780                _sniprintf_r
                0x0000000008032780                _snprintf_r
                0x00000000080327fc                snprintf
                0x00000000080327fc                sniprintf
 .text          0x0000000008032880       0x5c /usr/lib/gcc/arm-none-eabi/10.3.1/../../../arm-none-eabi/lib/thumb/v6-m/nofp/libc_nano.a(lib_a-strlen-stub.o)
                0x0000000008032880                strlen
 .text          0x00000000080328dc       0xdc /usr/lib/gcc/arm-none-eabi/10.3.1/../../../arm-none-eabi/lib/thumb/v6-m/nofp/libc_nano.a(lib_a-vsnprintf.o)
                0x00000000080328dc                vsnprintf
                0x00000000080328dc                vsniprintf
                0x0000000008032948                _vsnprintf_r
                0x0000000008032948                _vsniprintf_r
 .text          0x00000000080329b8      0x428 /usr/lib/gcc/arm-none-eabi/10.3.1/../../../arm-none-eabi/lib/thumb/v6-m/nofp/libc_nano.a(lib_a-nano-svfprintf.o)
                0x00000000080329b8                __ssputs_r
                0x0000000008032a90                __ssprint_r
                0x0000000008032ba4                _svfprintf_r
                0x0000000008032ba4                _svfiprintf_r
 .text          0x0000000008032de0      0x3c4 /usr/lib/gcc/arm-none-eabi/10.3.1/../../../arm-none-eabi/lib/thumb/v6-m/nofp/libc_nano.a(lib_a-nano-vfprintf_i.o)
                0x0000000008032de0                _printf_common
                0x0000000008032f1c                _printf_i
 .text          0x00000000080331a4       0x74 /usr/lib/gcc/arm-none-eabi/10.3.1/../../../arm-none-eabi/lib/thumb/v6-m/nofp/libc_nano.a(lib_a-memchr-stub.o)
                0x00000000080331a4                memchr
 .text          0x0000000008033218       0xac /usr/lib/gcc/arm-none-eabi/10.3.1/../../../arm-none-eabi/lib/thumb/v6-m/nofp/libc_nano.a(lib_a-memmove.o)
                0x0000000008033218                memmove
 .text          0x00000000080332c4       0xc0 /usr/lib/gcc/arm-none-eabi/10.3.1/../../../arm-none-eabi/lib/thumb/v6-m/nofp/libc_nano.a(lib_a-nano-freer.o)
                0x00000000080332c4                _free_r
 .text          0x0000000008033384       0xc4 /usr/lib/gcc/arm-none-eabi/10.3.1/../../../arm-none-eabi/lib/thumb/v6-m/nofp/libc_nano.a(lib_a-nano-mallocr.o)
                0x0000000008033384                _malloc_r
 .text          0x0000000008033448       0x50 /usr/lib/gcc/arm-none-eabi/10.3.1/../../../arm-none-eabi/lib/thumb/v6-m/nofp/libc_nano.a(lib_a-nano-reallocr.o)
                0x0000000008033448                _realloc_r
 .text          0x0000000008033498       0x24 /usr/lib/gcc/arm-none-eabi/10.3.1/../../../arm-none-eabi/lib/thumb/v6-m/nofp/libc_nano.a(lib_a-sbrkr.o)
                0x0000000008033498                _sbrk_r
 .text          0x00000000080334bc        0x8 /usr/lib/gcc/arm-none-eabi/10.3.1/../../../arm-none-eabi/lib/thumb/v6-m/nofp/libc_nano.a(lib_a-mlock.o)
                0x00000000080334bc                __malloc_lock
                0x00000000080334c0                __malloc_unlock
 .text          0x00000000080334c4       0x14 /usr/lib/gcc/arm-none-eabi/10.3.1/../../../arm-none-eabi/lib/thumb/v6-m/nofp/libc_nano.a(lib_a-nano-msizer.o)
                0x00000000080334c4                _malloc_usable_size_r
 .text          0x00000000080334d8       0x1c /usr/lib/gcc/arm-none-eabi/10.3.1/../../../arm-none-eabi/lib/thumb/v6-m/nofp/libnosys.a(sbrk.o)
                0x00000000080334d8                _sbrk
 *(.text*)
 .text.startup.main
                0x00000000080334f4       0x80 Main_code/Main_Satellite/satellite_main.o
                0x00000000080334f4                main
 .text.OnTxDone
                0x0000000008033574        0xc Main_code/Main_Satellite/satellite_app.o
                0x0000000008033574                OnTxDone
 .text.OnRxTimeout
                0x0000000008033580        0xc Main_code/Main_Satellite/satellite_app.o
                0x0000000008033580                OnRxTimeout
 .text.OnRxError
                0x000000000803358c        0xc Main_code/Main_Satellite/satellite_app.o
                0x000000000803358c                OnRxError
 .text.OnRxDone
                0x0000000008033598       0x2c Main_code/Main_Satellite/satellite_app.o
                0x0000000008033598                OnRxDone
 .text.OnTxTimeout
                0x00000000080335c4       0x20 Main_code/Main_Satellite/satellite_app.o
                0x00000000080335c4                OnTxTimeout
 .text.Radio_Send_And_Wait.constprop.0
                0x00000000080335e4       0x6c Main_code/Main_Satellite/satellite_app.o
 .text.Satellite_GetTotalPacketsSent
                0x0000000008033650        0xc Main_code/Main_Satellite/satellite_app.o
                0x0000000008033650                Satellite_GetTotalPacketsSent
 .text.Satellite_CW_Prepare
                0x000000000803365c       0xa4 Main_code/Main_Satellite/satellite_app.o
                0x000000000803365c                Satellite_CW_Prepare
 .text.Satellite_CW_Finish
                0x0000000008033700       0x3c Main_code/Main_Satellite/satellite_app.o
                0x0000000008033700                Satellite_CW_Finish
 .text.Satellite_CW_SendChar
                0x000000000803373c       0x6c Main_code/Main_Satellite/satellite_app.o
                0x000000000803373c                Satellite_CW_SendChar
 .text.Satellite_DelayMs
                0x00000000080337a8        0x8 Main_code/Main_Satellite/satellite_app.o
                0x00000000080337a8                Satellite_DelayMs
 .text.Satellite_SetConfig
                0x00000000080337b0       0x40 Main_code/Main_Satellite/satellite_app.o
                0x00000000080337b0                Satellite_SetConfig
 .text.Satellite_GetConfig
                0x00000000080337f0        0x8 Main_code/Main_Satellite/satellite_app.o
                0x00000000080337f0                Satellite_GetConfig
 .text.Satellite_Hardware_Init
                0x00000000080337f8       0x90 Main_code/Main_Satellite/satellite_app.o
                0x00000000080337f8                Satellite_Hardware_Init
 .text.Satellite_Init
                0x0000000008033888      0x280 Main_code/Main_Satellite/satellite_app.o
                0x0000000008033888                Satellite_Init
 .text.Satellite_Run_CW_Session_Ex
                0x0000000008033b08      0x218 Main_code/Main_Satellite/satellite_app.o
                0x0000000008033b08                Satellite_Run_CW_Session_Ex
 .text.Satellite_Run_CW_Session
                0x0000000008033d20       0x2c Main_code/Main_Satellite/satellite_app.o
                0x0000000008033d20                Satellite_Run_CW_Session
 .text.Satellite_GMSK_Prepare
                0x0000000008033d4c       0x54 Main_code/Main_Satellite/satellite_app.o
                0x0000000008033d4c                Satellite_GMSK_Prepare
 .text.Satellite_Send_Packet_Timeout.part.0
                0x0000000008033da0       0x5c Main_code/Main_Satellite/satellite_app.o
 .text.Satellite_Send_AX25_String_Timeout
                0x0000000008033dfc       0x24 Main_code/Main_Satellite/satellite_app.o
                0x0000000008033dfc                Satellite_Send_AX25_String_Timeout
 .text.Satellite_Run_GMSK_Burst_Session_Ex
                0x0000000008033e20      0x528 Main_code/Main_Satellite/satellite_app.o
                0x0000000008033e20                Satellite_Run_GMSK_Burst_Session_Ex
 .text.Satellite_Run_GMSK_Burst_Session
                0x0000000008034348       0x1c Main_code/Main_Satellite/satellite_app.o
                0x0000000008034348                Satellite_Run_GMSK_Burst_Session
 .text.uart1_init
                0x0000000008034364      0x25c uart/uart_debug.o
                0x0000000008034364                uart1_init
 .text.uart1_putc
                0x00000000080345c0       0xc0 uart/uart_debug.o
                0x00000000080345c0                uart1_putc
 .text.uart1_puts
                0x0000000008034680       0x24 uart/uart_debug.o
                0x0000000008034680                uart1_puts
 .text.uart1_printf
                0x00000000080346a4       0x50 uart/uart_debug.o
                0x00000000080346a4                uart1_printf
 .text.uart2_printf
                0x00000000080346f4       0x50 uart/uart_debug.o
                0x00000000080346f4                uart2_printf
 .text.AX25_EncodeAddress
                0x0000000008034744       0xbc protocol/ax25/ax25.o
                0x0000000008034744                AX25_EncodeAddress
 .text.AX25_DecodeAddress
                0x0000000008034800       0x34 protocol/ax25/ax25.o
                0x0000000008034800                AX25_DecodeAddress
 .text.AX25_DecodeSSID
                0x0000000008034834       0x10 protocol/ax25/ax25.o
                0x0000000008034834                AX25_DecodeSSID
 .text.AX25_BuildFrame
                0x0000000008034844      0x138 protocol/ax25/ax25.o
                0x0000000008034844                AX25_BuildFrame
 .text.PutStuffedBit
                0x000000000803497c       0x48 Mission/protocol.o
 .text.Protocol_CreatePacket
                0x00000000080349c4      0x2c8 Mission/protocol.o
                0x00000000080349c4                Protocol_CreatePacket
 .text.RadioApp_SetTxPower
                0x0000000008034c8c       0x1c Mission/radio_app.o
                0x0000000008034c8c                RadioApp_SetTxPower
 .text.RadioApp_SetPaSelect
                0x0000000008034ca8        0xc Mission/radio_app.o
                0x0000000008034ca8                RadioApp_SetPaSelect
 .text.RadioApp_Send
                0x0000000008034cb4      0x104 Mission/radio_app.o
                0x0000000008034cb4                RadioApp_Send
 .text.RadioApp_ForceOpenGfskParams
                0x0000000008034db8       0x98 Mission/radio_app.o
                0x0000000008034db8                RadioApp_ForceOpenGfskParams
 .text.RadioApp_Init
                0x0000000008034e50      0x124 Mission/radio_app.o
                0x0000000008034e50                RadioApp_Init
 .text.uart1_direct_puts
                0x0000000008034f74       0x28 protocol/stm32wlxx_it.o
 .text.uart1_direct_hex32
                0x0000000008034f9c       0x48 protocol/stm32wlxx_it.o
 .text.SysTick_Handler
                0x0000000008034fe4       0x14 protocol/stm32wlxx_it.o
                0x0000000008034fe4                SysTick_Handler
 .text.SysTick_Init_CPU2
                0x0000000008034ff8       0x20 protocol/stm32wlxx_it.o
                0x0000000008034ff8                SysTick_Init_CPU2
 .text.CPU2_Delay_Ms
                0x0000000008035018       0x30 protocol/stm32wlxx_it.o
                0x0000000008035018                CPU2_Delay_Ms
 .text.NMI_Handler
                0x0000000008035048        0x4 protocol/stm32wlxx_it.o
                0x0000000008035048                NMI_Handler
 .text.HardFault_Handler_C
                0x000000000803504c       0xf8 protocol/stm32wlxx_it.o
                0x000000000803504c                HardFault_Handler_C
 .text.HardFault_Handler
                0x0000000008035144       0x14 protocol/stm32wlxx_it.o
                0x0000000008035144                HardFault_Handler
 .text.SVC_Handler
                0x0000000008035158        0x4 protocol/stm32wlxx_it.o
                0x0000000008035158                SVC_Handler
 .text.PendSV_Handler
                0x000000000803515c        0x4 protocol/stm32wlxx_it.o
                0x000000000803515c                PendSV_Handler
 .text.IPCC_C2_RX_IRQHandler
                0x0000000008035160       0x10 protocol/stm32wlxx_it.o
                0x0000000008035160                IPCC_C2_RX_IRQHandler
 .text.SUBGHZ_Radio_IRQHandler
                0x0000000008035170       0x10 protocol/stm32wlxx_it.o
                0x0000000008035170                SUBGHZ_Radio_IRQHandler
 .text.UTIL_LPM_SetStopMode
                0x0000000008035180       0x2c protocol/stm32_lpm.o
                0x0000000008035180                UTIL_LPM_SetStopMode
 .text.UTIL_MEM_cpy_8
                0x00000000080351ac       0x18 core/stm32_mem.o
                0x00000000080351ac                UTIL_MEM_cpy_8
 .text.UTIL_MEM_set_8
                0x00000000080351c4        0xc core/stm32_mem.o
                0x00000000080351c4                UTIL_MEM_set_8
 .text.SystemInit
                0x00000000080351d0        0x4 core/system_stm32wlxx.o
                0x00000000080351d0                SystemInit
 .text.TIMER_IF_GetTimerContext
                0x00000000080351d4        0xc core/timer_if.o
                0x00000000080351d4                TIMER_IF_GetTimerContext
 .text.TIMER_IF_GetMinimumTimeout
                0x00000000080351e0        0x4 core/timer_if.o
                0x00000000080351e0                TIMER_IF_GetMinimumTimeout
 .text.TIMER_IF_Convert_ms2Tick
                0x00000000080351e4       0x14 core/timer_if.o
                0x00000000080351e4                TIMER_IF_Convert_ms2Tick
 .text.TIMER_IF_Convert_Tick2ms
                0x00000000080351f8       0x18 core/timer_if.o
                0x00000000080351f8                TIMER_IF_Convert_Tick2ms
 .text.TIMER_IF_SetTimerContext
                0x0000000008035210       0x38 core/timer_if.o
                0x0000000008035210                TIMER_IF_SetTimerContext
 .text.TIMER_IF_GetTimerElapsedTime
                0x0000000008035248       0x40 core/timer_if.o
                0x0000000008035248                TIMER_IF_GetTimerElapsedTime
 .text.TIMER_IF_GetTimerValue
                0x0000000008035288       0x28 core/timer_if.o
                0x0000000008035288                TIMER_IF_GetTimerValue
 .text.TIMER_IF_StopTimer
                0x00000000080352b0       0x38 core/timer_if.o
                0x00000000080352b0                TIMER_IF_StopTimer
 .text.TIMER_IF_StartTimer
                0x00000000080352e8       0x7c core/timer_if.o
                0x00000000080352e8                TIMER_IF_StartTimer
 .text.TIMER_IF_Init
                0x0000000008035364       0x9c core/timer_if.o
                0x0000000008035364                TIMER_IF_Init
 .text.MX_RTC_Init
                0x0000000008035400       0x8c core/rtc.o
                0x0000000008035400                MX_RTC_Init
 .text.HAL_RTC_MspInit
                0x000000000803548c       0x74 core/rtc.o
                0x000000000803548c                HAL_RTC_MspInit
 .text.Error_Handler
                0x0000000008035500        0x4 core/error_handler.o
                0x0000000008035500                Error_Handler
 .text.TRACE_AllocateBufer
                0x0000000008035504       0x64 core/stm32_adv_trace.o
 .text.TRACE_Send
                0x0000000008035568       0xb4 core/stm32_adv_trace.o
 .text.UTIL_ADV_TRACE_COND_FSend
                0x000000000803561c       0xe8 core/stm32_adv_trace.o
                0x000000000803561c                UTIL_ADV_TRACE_COND_FSend
 .text.tiny_vsnprintf_like
                0x0000000008035704      0x3a8 core/stm32_tiny_vsnprintf.o
                0x0000000008035704                tiny_vsnprintf_like
 .text.Trace_Init
                0x0000000008035aac        0x4 core/stm32_trace_driver.o
                0x0000000008035aac                Trace_Init
 .text.Trace_DeInit
                0x0000000008035ab0        0x4 core/stm32_trace_driver.o
 .text.Trace_Send
                0x0000000008035ab4        0x4 core/stm32_trace_driver.o
 .text.RadioCheckRfFrequency
                0x0000000008035ab8        0x4 radio_driver/radio.o
 .text.RadioTimeOnAir
                0x0000000008035abc      0x130 radio_driver/radio.o
 .text.RadioOnTxTimeoutIrq
                0x0000000008035bec       0x24 radio_driver/radio.o
 .text.RadioOnRxTimeoutIrq
                0x0000000008035c10       0x24 radio_driver/radio.o
 .text.RadioLrFhssSetCfg
                0x0000000008035c34        0x4 radio_driver/radio.o
 .text.RadioLrFhssGetTimeOnAirInMs
                0x0000000008035c38        0x4 radio_driver/radio.o
 .text.RadioRead
                0x0000000008035c3c        0x8 radio_driver/radio.o
 .text.RadioWrite
                0x0000000008035c44        0x8 radio_driver/radio.o
 .text.RadioTxCw
                0x0000000008035c4c       0x24 radio_driver/radio.o
 .text.RadioSetRxDutyCycle
                0x0000000008035c70       0x38 radio_driver/radio.o
 .text.RadioRxBoosted
                0x0000000008035ca8       0x7c radio_driver/radio.o
 .text.RadioStandby
                0x0000000008035d24        0xc radio_driver/radio.o
 .text.RadioGetStatus
                0x0000000008035d30       0x1c radio_driver/radio.o
 .text.RadioGetWakeupTime
                0x0000000008035d4c        0xc radio_driver/radio.o
 .text.RadioReadRegisters
                0x0000000008035d58        0x8 radio_driver/radio.o
 .text.RadioWriteRegisters
                0x0000000008035d60        0x8 radio_driver/radio.o
 .text.RadioRssi
                0x0000000008035d68        0xc radio_driver/radio.o
 .text.RadioSetTxContinuousWave
                0x0000000008035d74       0x48 radio_driver/radio.o
 .text.RadioSetChannel
                0x0000000008035dbc        0x8 radio_driver/radio.o
 .text.RadioStartCad
                0x0000000008035dc4       0x28 radio_driver/radio.o
 .text.RadioRx  0x0000000008035dec       0x7c radio_driver/radio.o
 .text.RadioRandom
                0x0000000008035e68       0x14 radio_driver/radio.o
 .text.RadioSetMaxPayloadLength
                0x0000000008035e7c       0x38 radio_driver/radio.o
 .text.RadioSend
                0x0000000008035eb4      0x210 radio_driver/radio.o
 .text.RadioTxPrbs
                0x00000000080360c4       0x2c radio_driver/radio.o
 .text.RadioIrqProcess
                0x00000000080360f0      0x2f4 radio_driver/radio.o
 .text.RadioOnDioIrq
                0x00000000080363e4       0x14 radio_driver/radio.o
 .text.RadioSleep
                0x00000000080363f8       0x48 radio_driver/radio.o
 .text.RadioInit
                0x0000000008036440       0xd0 radio_driver/radio.o
 .text.RadioSetPublicNetwork
                0x0000000008036510       0x5c radio_driver/radio.o
 .text.RadioSetModem
                0x000000000803656c       0x60 radio_driver/radio.o
 .text.RadioSetTxConfig
                0x00000000080365cc      0x1fc radio_driver/radio.o
 .text.RadioSetRxGenericConfig
                0x00000000080367c8      0x268 radio_driver/radio.o
 .text.RadioSetRxConfig
                0x0000000008036a30      0x348 radio_driver/radio.o
 .text.RadioIsChannelFree
                0x0000000008036d78       0xcc radio_driver/radio.o
 .text.RadioSetTxGenericConfig
                0x0000000008036e44      0x2d4 radio_driver/radio.o
 .text.SUBGRF_GetOperatingMode
                0x0000000008037118        0xc radio_driver/radio_driver.o
                0x0000000008037118                SUBGRF_GetOperatingMode
 .text.SUBGRF_SetPayload
                0x0000000008037124       0x20 radio_driver/radio_driver.o
                0x0000000008037124                SUBGRF_SetPayload
 .text.SUBGRF_SendPayload
                0x0000000008037144       0x50 radio_driver/radio_driver.o
                0x0000000008037144                SUBGRF_SendPayload
 .text.SUBGRF_SetSyncWord
                0x0000000008037194       0x24 radio_driver/radio_driver.o
                0x0000000008037194                SUBGRF_SetSyncWord
 .text.SUBGRF_SetCrcPolynomial
                0x00000000080371b8       0x3c radio_driver/radio_driver.o
                0x00000000080371b8                SUBGRF_SetCrcPolynomial
 .text.SUBGRF_SetWhiteningSeed
                0x00000000080371f4       0x84 radio_driver/radio_driver.o
                0x00000000080371f4                SUBGRF_SetWhiteningSeed
 .text.SUBGRF_GetRandom
                0x0000000008037278      0x138 radio_driver/radio_driver.o
                0x0000000008037278                SUBGRF_GetRandom
 .text.SUBGRF_SetSleep
                0x00000000080373b0       0x94 radio_driver/radio_driver.o
                0x00000000080373b0                SUBGRF_SetSleep
 .text.SUBGRF_SetStandby
                0x0000000008037444       0x3c radio_driver/radio_driver.o
                0x0000000008037444                SUBGRF_SetStandby
 .text.SUBGRF_SetTx
                0x0000000008037480       0x38 radio_driver/radio_driver.o
                0x0000000008037480                SUBGRF_SetTx
 .text.SUBGRF_SetRx
                0x00000000080374b8       0x38 radio_driver/radio_driver.o
                0x00000000080374b8                SUBGRF_SetRx
 .text.SUBGRF_SetRxBoosted
                0x00000000080374f0       0x5c radio_driver/radio_driver.o
                0x00000000080374f0                SUBGRF_SetRxBoosted
 .text.SUBGRF_SetRxDutyCycle
                0x000000000803754c       0x40 radio_driver/radio_driver.o
                0x000000000803754c                SUBGRF_SetRxDutyCycle
 .text.SUBGRF_SetCad
                0x000000000803758c       0x28 radio_driver/radio_driver.o
                0x000000000803758c                SUBGRF_SetCad
 .text.SUBGRF_SetTxContinuousWave
                0x00000000080375b4       0x20 radio_driver/radio_driver.o
                0x00000000080375b4                SUBGRF_SetTxContinuousWave
 .text.SUBGRF_SetTxInfinitePreamble
                0x00000000080375d4       0x20 radio_driver/radio_driver.o
                0x00000000080375d4                SUBGRF_SetTxInfinitePreamble
 .text.SUBGRF_SetStopRxTimerOnPreambleDetect
                0x00000000080375f4       0x28 radio_driver/radio_driver.o
                0x00000000080375f4                SUBGRF_SetStopRxTimerOnPreambleDetect
 .text.SUBGRF_SetLoRaSymbNumTimeout
                0x000000000803761c       0x58 radio_driver/radio_driver.o
                0x000000000803761c                SUBGRF_SetLoRaSymbNumTimeout
 .text.SUBGRF_SetRegulatorMode
                0x0000000008037674       0x30 radio_driver/radio_driver.o
                0x0000000008037674                SUBGRF_SetRegulatorMode
 .text.SUBGRF_Calibrate
                0x00000000080376a4       0x4c radio_driver/radio_driver.o
                0x00000000080376a4                SUBGRF_Calibrate
 .text.SUBGRF_Init
                0x00000000080376f0      0x150 radio_driver/radio_driver.o
                0x00000000080376f0                SUBGRF_Init
 .text.SUBGRF_CalibrateImage
                0x0000000008037840       0x98 radio_driver/radio_driver.o
                0x0000000008037840                SUBGRF_CalibrateImage
 .text.SUBGRF_SetDioIrqParams
                0x00000000080378d8       0x3c radio_driver/radio_driver.o
                0x00000000080378d8                SUBGRF_SetDioIrqParams
 .text.SUBGRF_SetRfFrequency
                0x0000000008037914       0x58 radio_driver/radio_driver.o
                0x0000000008037914                SUBGRF_SetRfFrequency
 .text.SUBGRF_SetPacketType
                0x000000000803796c       0x58 radio_driver/radio_driver.o
                0x000000000803796c                SUBGRF_SetPacketType
 .text.SUBGRF_SetTxParams
                0x00000000080379c4      0x220 radio_driver/radio_driver.o
                0x00000000080379c4                SUBGRF_SetTxParams
 .text.SUBGRF_SetModulationParams
                0x0000000008037be4      0x13c radio_driver/radio_driver.o
                0x0000000008037be4                SUBGRF_SetModulationParams
 .text.SUBGRF_SetPacketParams
                0x0000000008037d20      0x1c8 radio_driver/radio_driver.o
                0x0000000008037d20                SUBGRF_SetPacketParams
 .text.SUBGRF_SetBufferBaseAddress
                0x0000000008037ee8       0x28 radio_driver/radio_driver.o
                0x0000000008037ee8                SUBGRF_SetBufferBaseAddress
 .text.SUBGRF_GetRssiInst
                0x0000000008037f10       0x2c radio_driver/radio_driver.o
                0x0000000008037f10                SUBGRF_GetRssiInst
 .text.SUBGRF_GetRxBufferStatus
                0x0000000008037f3c       0x78 radio_driver/radio_driver.o
                0x0000000008037f3c                SUBGRF_GetRxBufferStatus
 .text.SUBGRF_GetPayload
                0x0000000008037fb4       0x44 radio_driver/radio_driver.o
                0x0000000008037fb4                SUBGRF_GetPayload
 .text.SUBGRF_GetPacketStatus
                0x0000000008037ff8       0x90 radio_driver/radio_driver.o
                0x0000000008037ff8                SUBGRF_GetPacketStatus
 .text.SUBGRF_ClearIrqStatus
                0x0000000008038088       0x2c radio_driver/radio_driver.o
                0x0000000008038088                SUBGRF_ClearIrqStatus
 .text.SUBGRF_WriteRegister
                0x00000000080380b4       0x28 radio_driver/radio_driver.o
                0x00000000080380b4                SUBGRF_WriteRegister
 .text.SUBGRF_ReadRegister
                0x00000000080380dc       0x28 radio_driver/radio_driver.o
                0x00000000080380dc                SUBGRF_ReadRegister
 .text.SUBGRF_WriteRegisters
                0x0000000008038104       0x20 radio_driver/radio_driver.o
                0x0000000008038104                SUBGRF_WriteRegisters
 .text.SUBGRF_ReadRegisters
                0x0000000008038124       0x20 radio_driver/radio_driver.o
                0x0000000008038124                SUBGRF_ReadRegisters
 .text.SUBGRF_SetSwitch
                0x0000000008038144       0x78 radio_driver/radio_driver.o
                0x0000000008038144                SUBGRF_SetSwitch
 .text.SUBGRF_SetRfTxPower
                0x00000000080381bc       0x30 radio_driver/radio_driver.o
                0x00000000080381bc                SUBGRF_SetRfTxPower
 .text.SUBGRF_GetRadioWakeUpTime
                0x00000000080381ec        0x4 radio_driver/radio_driver.o
                0x00000000080381ec                SUBGRF_GetRadioWakeUpTime
 .text.HAL_SUBGHZ_TxCpltCallback
                0x00000000080381f0       0x10 radio_driver/radio_driver.o
                0x00000000080381f0                HAL_SUBGHZ_TxCpltCallback
 .text.HAL_SUBGHZ_RxCpltCallback
                0x0000000008038200       0x10 radio_driver/radio_driver.o
                0x0000000008038200                HAL_SUBGHZ_RxCpltCallback
 .text.HAL_SUBGHZ_CRCErrorCallback
                0x0000000008038210       0x10 radio_driver/radio_driver.o
                0x0000000008038210                HAL_SUBGHZ_CRCErrorCallback
 .text.HAL_SUBGHZ_CADStatusCallback
                0x0000000008038220       0x24 radio_driver/radio_driver.o
                0x0000000008038220                HAL_SUBGHZ_CADStatusCallback
 .text.HAL_SUBGHZ_RxTxTimeoutCallback
                0x0000000008038244       0x14 radio_driver/radio_driver.o
                0x0000000008038244                HAL_SUBGHZ_RxTxTimeoutCallback
 .text.HAL_SUBGHZ_HeaderErrorCallback
                0x0000000008038258       0x10 radio_driver/radio_driver.o
                0x0000000008038258                HAL_SUBGHZ_HeaderErrorCallback
 .text.HAL_SUBGHZ_PreambleDetectedCallback
                0x0000000008038268       0x10 radio_driver/radio_driver.o
                0x0000000008038268                HAL_SUBGHZ_PreambleDetectedCallback
 .text.HAL_SUBGHZ_SyncWordValidCallback
                0x0000000008038278       0x10 radio_driver/radio_driver.o
                0x0000000008038278                HAL_SUBGHZ_SyncWordValidCallback
 .text.HAL_SUBGHZ_HeaderValidCallback
                0x0000000008038288       0x10 radio_driver/radio_driver.o
                0x0000000008038288                HAL_SUBGHZ_HeaderValidCallback
 .text.HAL_SUBGHZ_LrFhssHopCallback
                0x0000000008038298       0x14 radio_driver/radio_driver.o
                0x0000000008038298                HAL_SUBGHZ_LrFhssHopCallback
 .text.SUBGRF_GetFskBandwidthRegValue
                0x00000000080382ac       0x38 radio_driver/radio_driver.o
                0x00000000080382ac                SUBGRF_GetFskBandwidthRegValue
 .text.SUBGRF_GetCFO
                0x00000000080382e4       0xd4 radio_driver/radio_driver.o
                0x00000000080382e4                SUBGRF_GetCFO
 .text.RFW_TransmitLongPacket
                0x00000000080383b8        0x8 radio_driver/radio_fw.o
                0x00000000080383b8                RFW_TransmitLongPacket
 .text.RFW_ReceiveLongPacket
                0x00000000080383c0        0x8 radio_driver/radio_fw.o
                0x00000000080383c0                RFW_ReceiveLongPacket
 .text.RFW_Init
                0x00000000080383c8        0x8 radio_driver/radio_fw.o
                0x00000000080383c8                RFW_Init
 .text.RFW_DeInit
                0x00000000080383d0        0x4 radio_driver/radio_fw.o
                0x00000000080383d0                RFW_DeInit
 .text.RFW_Is_Init
                0x00000000080383d4        0x4 radio_driver/radio_fw.o
                0x00000000080383d4                RFW_Is_Init
 .text.RFW_Is_LongPacketModeEnabled
                0x00000000080383d8        0x4 radio_driver/radio_fw.o
                0x00000000080383d8                RFW_Is_LongPacketModeEnabled
 .text.RFW_SetAntSwitch
                0x00000000080383dc        0x4 radio_driver/radio_fw.o
                0x00000000080383dc                RFW_SetAntSwitch
 .text.RFW_TransmitInit
                0x00000000080383e0        0x8 radio_driver/radio_fw.o
                0x00000000080383e0                RFW_TransmitInit
 .text.RFW_ReceiveInit
                0x00000000080383e8        0x8 radio_driver/radio_fw.o
                0x00000000080383e8                RFW_ReceiveInit
 .text.RFW_DeInit_TxLongPacket
                0x00000000080383f0        0x4 radio_driver/radio_fw.o
                0x00000000080383f0                RFW_DeInit_TxLongPacket
 .text.RFW_ReceivePayload
                0x00000000080383f4        0x4 radio_driver/radio_fw.o
                0x00000000080383f4                RFW_ReceivePayload
 .text.RFW_SetRadioModem
                0x00000000080383f8        0x4 radio_driver/radio_fw.o
                0x00000000080383f8                RFW_SetRadioModem
 .text.UTIL_TIMER_Create
                0x00000000080383fc       0x40 radio_driver/stm32_timer.o
                0x00000000080383fc                UTIL_TIMER_Create
 .text.UTIL_TIMER_GetCurrentTime
                0x000000000803843c       0x14 radio_driver/stm32_timer.o
                0x000000000803843c                UTIL_TIMER_GetCurrentTime
 .text.UTIL_TIMER_GetElapsedTime
                0x0000000008038450       0x20 radio_driver/stm32_timer.o
                0x0000000008038450                UTIL_TIMER_GetElapsedTime
 .text.TimerSetTimeout
                0x0000000008038470       0x3c radio_driver/stm32_timer.o
                0x0000000008038470                TimerSetTimeout
 .text.UTIL_TIMER_Stop
                0x00000000080384ac       0x6c radio_driver/stm32_timer.o
                0x00000000080384ac                UTIL_TIMER_Stop
 .text.UTIL_TIMER_Start.part.0
                0x0000000008038518       0xbc radio_driver/stm32_timer.o
 .text.UTIL_TIMER_Start
                0x00000000080385d4       0x30 radio_driver/stm32_timer.o
                0x00000000080385d4                UTIL_TIMER_Start
 .text.UTIL_TIMER_SetPeriod
                0x0000000008038604       0x64 radio_driver/stm32_timer.o
                0x0000000008038604                UTIL_TIMER_SetPeriod
 .text.UTIL_ADV_TRACE_PreSendHook
                0x0000000008038668        0xc radio_driver/sys_app.o
                0x0000000008038668                UTIL_ADV_TRACE_PreSendHook
 .text.RBI_Init
                0x0000000008038674       0x5c target/radio_board_if.o
                0x0000000008038674                RBI_Init
 .text.RBI_ConfigRFSwitch
                0x00000000080386d0       0xd8 target/radio_board_if.o
                0x00000000080386d0                RBI_ConfigRFSwitch
 .text.RBI_GetTxConfig
                0x00000000080387a8        0x4 target/radio_board_if.o
                0x00000000080387a8                RBI_GetTxConfig
 .text.RBI_IsTCXO
                0x00000000080387ac        0x4 target/radio_board_if.o
                0x00000000080387ac                RBI_IsTCXO
 .text.RBI_IsDCDC
                0x00000000080387b0        0x4 target/radio_board_if.o
                0x00000000080387b0                RBI_IsDCDC
 .text.RBI_GetRFOMaxPowerConfig
                0x00000000080387b4       0x10 target/radio_board_if.o
                0x00000000080387b4                RBI_GetRFOMaxPowerConfig
 .text.MX_SUBGHZ_Init
                0x00000000080387c4       0x1c subghz/subghz.o
                0x00000000080387c4                MX_SUBGHZ_Init
 .text.HAL_SUBGHZ_MspInit
                0x00000000080387e0       0x30 subghz/subghz.o
                0x00000000080387e0                HAL_SUBGHZ_MspInit
 .text.HAL_MspInit
                0x0000000008038810        0x4 hal/Src/stm32wlxx_hal.o
                0x0000000008038810                HAL_MspInit
 .text.HAL_InitTick
                0x0000000008038814       0x50 hal/Src/stm32wlxx_hal.o
                0x0000000008038814                HAL_InitTick
 .text.HAL_Init
                0x0000000008038864       0x24 hal/Src/stm32wlxx_hal.o
                0x0000000008038864                HAL_Init
 .text.HAL_IncTick
                0x0000000008038888       0x18 hal/Src/stm32wlxx_hal.o
                0x0000000008038888                HAL_IncTick
 .text.HAL_GetTick
                0x00000000080388a0        0xc hal/Src/stm32wlxx_hal.o
                0x00000000080388a0                HAL_GetTick
 .text.SUBGHZSPI_Receive.isra.0
                0x00000000080388ac       0x7c hal/Src/stm32wlxx_hal_subghz.o
 .text.SUBGHZSPI_Transmit.isra.0
                0x0000000008038928       0x78 hal/Src/stm32wlxx_hal_subghz.o
 .text.HAL_SUBGHZ_Init
                0x00000000080389a0      0x120 hal/Src/stm32wlxx_hal_subghz.o
                0x00000000080389a0                HAL_SUBGHZ_Init
 .text.HAL_SUBGHZ_WriteRegisters
                0x0000000008038ac0      0x164 hal/Src/stm32wlxx_hal_subghz.o
                0x0000000008038ac0                HAL_SUBGHZ_WriteRegisters
 .text.HAL_SUBGHZ_ReadRegisters
                0x0000000008038c24      0x160 hal/Src/stm32wlxx_hal_subghz.o
                0x0000000008038c24                HAL_SUBGHZ_ReadRegisters
 .text.HAL_SUBGHZ_ExecSetCmd
                0x0000000008038d84      0x160 hal/Src/stm32wlxx_hal_subghz.o
                0x0000000008038d84                HAL_SUBGHZ_ExecSetCmd
 .text.HAL_SUBGHZ_ExecGetCmd
                0x0000000008038ee4      0x158 hal/Src/stm32wlxx_hal_subghz.o
                0x0000000008038ee4                HAL_SUBGHZ_ExecGetCmd
 .text.HAL_SUBGHZ_WriteBuffer
                0x000000000803903c      0x150 hal/Src/stm32wlxx_hal_subghz.o
                0x000000000803903c                HAL_SUBGHZ_WriteBuffer
 .text.HAL_SUBGHZ_ReadBuffer
                0x000000000803918c      0x158 hal/Src/stm32wlxx_hal_subghz.o
                0x000000000803918c                HAL_SUBGHZ_ReadBuffer
 .text.HAL_SUBGHZ_IRQHandler
                0x00000000080392e4       0xe0 hal/Src/stm32wlxx_hal_subghz.o
                0x00000000080392e4                HAL_SUBGHZ_IRQHandler
 .text.HAL_RTC_SetAlarm_IT
                0x00000000080393c4      0x1f4 hal/Src/stm32wlxx_hal_rtc.o
                0x00000000080393c4                HAL_RTC_SetAlarm_IT
 .text.HAL_RTC_DeactivateAlarm
                0x00000000080395b8       0x7c hal/Src/stm32wlxx_hal_rtc.o
                0x00000000080395b8                HAL_RTC_DeactivateAlarm
 .text.RTC_EnterInitMode
                0x0000000008039634       0x58 hal/Src/stm32wlxx_hal_rtc.o
                0x0000000008039634                RTC_EnterInitMode
 .text.RTC_ExitInitMode
                0x000000000803968c       0x9c hal/Src/stm32wlxx_hal_rtc.o
                0x000000000803968c                RTC_ExitInitMode
 .text.HAL_RTC_Init
                0x0000000008039728       0xd0 hal/Src/stm32wlxx_hal_rtc.o
                0x0000000008039728                HAL_RTC_Init
 .text.HAL_RTCEx_EnableBypassShadow
                0x00000000080397f8       0x3c hal/Src/stm32wlxx_hal_rtc_ex.o
                0x00000000080397f8                HAL_RTCEx_EnableBypassShadow
 .text.HAL_RTCEx_SetSSRU_IT
                0x0000000008039834       0x4c hal/Src/stm32wlxx_hal_rtc_ex.o
                0x0000000008039834                HAL_RTCEx_SetSSRU_IT
 .text.HAL_RTCEx_BKUPWrite
                0x0000000008039880       0x10 hal/Src/stm32wlxx_hal_rtc_ex.o
                0x0000000008039880                HAL_RTCEx_BKUPWrite
 .text.HAL_RCC_GetSysClockFreq
                0x0000000008039890      0x104 hal/Src/stm32wlxx_hal_rcc.o
                0x0000000008039890                HAL_RCC_GetSysClockFreq
 .text.HAL_RCC_GetHCLK2Freq
                0x0000000008039994       0x24 hal/Src/stm32wlxx_hal_rcc.o
                0x0000000008039994                HAL_RCC_GetHCLK2Freq
 .text.HAL_RCCEx_PeriphCLKConfig
                0x00000000080399b8      0x24c hal/Src/stm32wlxx_hal_rcc_ex.o
                0x00000000080399b8                HAL_RCCEx_PeriphCLKConfig
 .text.HAL_GPIO_Init
                0x0000000008039c04      0x1f0 hal/Src/stm32wlxx_hal_gpio.o
                0x0000000008039c04                HAL_GPIO_Init
 .text.HAL_GPIO_WritePin
                0x0000000008039df4        0xc hal/Src/stm32wlxx_hal_gpio.o
                0x0000000008039df4                HAL_GPIO_WritePin
 .text.HAL_NVIC_SetPriority
                0x0000000008039e00       0x64 hal/Src/stm32wlxx_hal_cortex.o
                0x0000000008039e00                HAL_NVIC_SetPriority
 .text.HAL_NVIC_EnableIRQ
                0x0000000008039e64       0x18 hal/Src/stm32wlxx_hal_cortex.o
                0x0000000008039e64                HAL_NVIC_EnableIRQ
 .text.HAL_SYSTICK_Config
                0x0000000008039e7c       0x34 hal/Src/stm32wlxx_hal_cortex.o
                0x0000000008039e7c                HAL_SYSTICK_Config
 .text.HAL_PWR_EnableBkUpAccess
                0x0000000008039eb0       0x14 hal/Src/stm32wlxx_hal_pwr.o
                0x0000000008039eb0                HAL_PWR_EnableBkUpAccess
 .text.Reset_Handler
                0x0000000008039ec4       0x50 startup_cm0p.o
                0x0000000008039ec4                Reset_Handler
 .text.Default_Handler
                0x0000000008039f14        0x2 startup_cm0p.o
                0x0000000008039f14                Default_Handler
 *(.rodata)
 *fill*         0x0000000008039f16        0x2 
 .rodata        0x0000000008039f18       0x10 radio_driver/radio.o
 .rodata        0x0000000008039f28       0x11 radio_driver/radio_driver.o
 *fill*         0x0000000008039f39        0x3 
 .rodata        0x0000000008039f3c      0x101 /usr/lib/gcc/arm-none-eabi/10.3.1/../../../arm-none-eabi/lib/thumb/v6-m/nofp/libc_nano.a(lib_a-ctype_.o)
                0x0000000008039f3c                _ctype_
 *fill*         0x000000000803a03d        0x3 
 .rodata        0x000000000803a040       0x84 /usr/lib/gcc/arm-none-eabi/10.3.1/../../../arm-none-eabi/lib/thumb/v6-m/nofp/libc_nano.a(lib_a-nano-vfprintf_i.o)
 *(.rodata*)
 .rodata.main.str1.4
                0x000000000803a0c4       0x2f Main_code/Main_Satellite/satellite_main.o
 *fill*         0x000000000803a0f3        0x1 
 .rodata.OnTxTimeout.str1.4
                0x000000000803a0f4       0x13 Main_code/Main_Satellite/satellite_app.o
 *fill*         0x000000000803a107        0x1 
 .rodata.Radio_Send_And_Wait.constprop.0.str1.4
                0x000000000803a108       0x14 Main_code/Main_Satellite/satellite_app.o
 .rodata.Satellite_Hold_Continuous_Carrier.str1.4
                0x000000000803a11c      0x1a1 Main_code/Main_Satellite/satellite_app.o
 *fill*         0x000000000803a2bd        0x3 
 .rodata.Satellite_Init.str1.4
                0x000000000803a2c0      0x497 Main_code/Main_Satellite/satellite_app.o
                                        0x49f (size before relaxing)
 *fill*         0x000000000803a757        0x1 
 .rodata.Satellite_Run_CW_Session_Ex.str1.4
                0x000000000803a758      0x247 Main_code/Main_Satellite/satellite_app.o
 *fill*         0x000000000803a99f        0x1 
 .rodata.Satellite_Send_Packet_Timeout.part.0.str1.4
                0x000000000803a9a0       0x24 Main_code/Main_Satellite/satellite_app.o
 .rodata.Satellite_Run_GMSK_Burst_Session_Ex.str1.4
                0x000000000803a9c4      0x469 Main_code/Main_Satellite/satellite_app.o
                                        0x46d (size before relaxing)
 *fill*         0x000000000803ae2d        0x3 
 .rodata.str1.4
                0x000000000803ae30      0x11d Main_code/Main_Satellite/satellite_app.o
                                        0x131 (size before relaxing)
 *fill*         0x000000000803af4d        0x3 
 .rodata.CSWTCH.51
                0x000000000803af50      0x13c Main_code/Main_Satellite/satellite_app.o
 .rodata.SatelliteDefaultConfig
                0x000000000803b08c       0x64 Main_code/Main_Satellite/satellite_app.o
                0x000000000803b08c                SatelliteDefaultConfig
 .rodata.AX25_EncodeAddress.str1.4
                0x000000000803b0f0        0x7 protocol/ax25/ax25.o
 *fill*         0x000000000803b0f7        0x1 
 .rodata.crc16_x25_table
                0x000000000803b0f8      0x200 protocol/ax25/ax25.o
 .rodata.flagBits.0
                0x000000000803b2f8        0x8 Mission/protocol.o
 .rodata.RadioApp_Send.str1.4
                0x000000000803b300       0x18 Mission/radio_app.o
 .rodata.RadioApp_Init.str1.4
                0x000000000803b318       0x9e Mission/radio_app.o
 *fill*         0x000000000803b3b6        0x2 
 .rodata.uart1_direct_hex32.str1.4
                0x000000000803b3b8       0x11 protocol/stm32wlxx_it.o
 *fill*         0x000000000803b3c9        0x3 
 .rodata.HardFault_Handler_C.str1.4
                0x000000000803b3cc       0x7f protocol/stm32wlxx_it.o
                                         0x83 (size before relaxing)
 *fill*         0x000000000803b44b        0x1 
 .rodata.AHBPrescTable
                0x000000000803b44c       0x40 core/system_stm32wlxx.o
                0x000000000803b44c                AHBPrescTable
 .rodata.MSIRangeTable
                0x000000000803b48c       0x40 core/system_stm32wlxx.o
                0x000000000803b48c                MSIRangeTable
 .rodata.UTIL_TimerDriver
                0x000000000803b4cc       0x2c core/timer_if.o
                0x000000000803b4cc                UTIL_TimerDriver
 .rodata.tiny_vsnprintf_like.str1.4
                0x000000000803b4f8       0x55 core/stm32_tiny_vsnprintf.o
 *fill*         0x000000000803b54d        0x3 
 .rodata.tiny_vsnprintf_like
                0x000000000803b550      0x108 core/stm32_tiny_vsnprintf.o
 .rodata.UTIL_TraceDriver
                0x000000000803b658       0x10 core/stm32_trace_driver.o
                0x000000000803b658                UTIL_TraceDriver
 .rodata.RadioSend.str1.4
                0x000000000803b668       0x15 radio_driver/radio.o
 *fill*         0x000000000803b67d        0x3 
 .rodata.RadioSend
                0x000000000803b680       0x14 radio_driver/radio.o
 .rodata.RadioIrqProcess.str1.4
                0x000000000803b694       0x54 radio_driver/radio.o
 .rodata.RadioIrqProcess
                0x000000000803b6e8       0x84 radio_driver/radio.o
 .rodata.Bandwidths
                0x000000000803b76c        0x3 radio_driver/radio.o
                0x000000000803b76c                Bandwidths
 *fill*         0x000000000803b76f        0x1 
 .rodata.CSWTCH.61
                0x000000000803b770       0x2c radio_driver/radio.o
 .rodata.CSWTCH.81
                0x000000000803b79c        0x4 radio_driver/radio.o
 .rodata.Radio  0x000000000803b7a0       0x8c radio_driver/radio.o
                0x000000000803b7a0                Radio
 .rodata.FskBandwidths
                0x000000000803b82c       0xb0 radio_driver/radio_driver.o
 .rodata.str1.4
                0x000000000803b8dc       0x13 /usr/lib/gcc/arm-none-eabi/10.3.1/../../../arm-none-eabi/lib/thumb/v6-m/nofp/libc_nano.a(lib_a-nano-svfprintf.o)
 *fill*         0x000000000803b8ef        0x1 
 .rodata.str1.4
                0x000000000803b8f0       0x11 /usr/lib/gcc/arm-none-eabi/10.3.1/../../../arm-none-eabi/lib/thumb/v6-m/nofp/libc_nano.a(lib_a-nano-vfprintf_i.o)
                                         0x25 (size before relaxing)
                0x000000000803b904                . = ALIGN (0x4)
 *fill*         0x000000000803b901        0x3 
                0x000000000803b904                _etext = .

.glue_7         0x000000000803b904        0x0
 .glue_7        0x000000000803b904        0x0 linker stubs

.glue_7t        0x000000000803b904        0x0
 .glue_7t       0x000000000803b904        0x0 linker stubs

.vfp11_veneer   0x000000000803b904        0x0
 .vfp11_veneer  0x000000000803b904        0x0 linker stubs

.v4_bx          0x000000000803b904        0x0
 .v4_bx         0x000000000803b904        0x0 linker stubs

.iplt           0x000000000803b904        0x0
 .iplt          0x000000000803b904        0x0 Main_code/Main_Satellite/satellite_main.o

.rel.dyn        0x000000000803b904        0x0
 .rel.iplt      0x000000000803b904        0x0 Main_code/Main_Satellite/satellite_main.o

.ARM.exidx      0x000000000803b904        0x8
 .ARM.exidx     0x000000000803b904        0x8 /usr/lib/gcc/arm-none-eabi/10.3.1/thumb/v6-m/nofp/libgcc.a(_udivmoddi4.o)

.data           0x0000000020009000       0xf4 load address 0x000000000803b90c
                0x0000000020009000                . = ALIGN (0x4)
                0x0000000020009000                _sdata = .
 *(.data)
 .data          0x0000000020009000       0x64 /usr/lib/gcc/arm-none-eabi/10.3.1/../../../arm-none-eabi/lib/thumb/v6-m/nofp/libc_nano.a(lib_a-impure.o)
                0x0000000020009000                _impure_ptr
 *(.data*)
 .data.s_config
                0x0000000020009064       0x64 Main_code/Main_Satellite/satellite_app.o
 .data.s_sat_radio_events.0
                0x00000000200090c8       0x1c Main_code/Main_Satellite/satellite_app.o
 .data.s_radio_pa_select
                0x00000000200090e4        0x1 Mission/radio_app.o
 .data.s_radio_tx_power_dbm
                0x00000000200090e5        0x1 Mission/radio_app.o
 *fill*         0x00000000200090e6        0x2 
 .data.SystemCoreClock
                0x00000000200090e8        0x4 core/system_stm32wlxx.o
                0x00000000200090e8                SystemCoreClock
 .data.MaxPayloadLength
                0x00000000200090ec        0x1 radio_driver/radio.o
 .data.s_pa_enabled
                0x00000000200090ed        0x1 target/radio_board_if.o
 .data.uwTickFreq
                0x00000000200090ee        0x1 hal/Src/stm32wlxx_hal.o
                0x00000000200090ee                uwTickFreq
 *fill*         0x00000000200090ef        0x1 
 .data.uwTickPrio
                0x00000000200090f0        0x4 hal/Src/stm32wlxx_hal.o
                0x00000000200090f0                uwTickPrio
                0x00000000200090f4                . = ALIGN (0x4)
                0x00000000200090f4                _edata = .
                0x000000000803b90c                _sidata = LOADADDR (.data)

.igot.plt       0x00000000200090f4        0x0 load address 0x000000000803ba00
 .igot.plt      0x00000000200090f4        0x0 Main_code/Main_Satellite/satellite_main.o

MB_MEM3         0x00000000200090f4      0x200 load address 0x000000000803ba00
 MB_MEM3        0x00000000200090f4      0x200 core/stm32_adv_trace.o

.bss            0x00000000200092f4      0x5f0 load address 0x000000000803bc00
                0x00000000200092f4                . = ALIGN (0x4)
                0x00000000200092f4                _sbss = .
 *(.bss)
 .bss           0x00000000200092f4        0x8 /usr/lib/gcc/arm-none-eabi/10.3.1/../../../arm-none-eabi/lib/thumb/v6-m/nofp/libc_nano.a(lib_a-nano-mallocr.o)
                0x00000000200092f4                __malloc_free_list
                0x00000000200092f8                __malloc_sbrk_start
 .bss           0x00000000200092fc        0x4 /usr/lib/gcc/arm-none-eabi/10.3.1/../../../arm-none-eabi/lib/thumb/v6-m/nofp/libc_nano.a(lib_a-reent.o)
                0x00000000200092fc                errno
 .bss           0x0000000020009300        0x4 /usr/lib/gcc/arm-none-eabi/10.3.1/../../../arm-none-eabi/lib/thumb/v6-m/nofp/libnosys.a(sbrk.o)
 *(.bss*)
 .bss.rx_done_flag
                0x0000000020009304        0x1 Main_code/Main_Satellite/satellite_app.o
                0x0000000020009304                rx_done_flag
 .bss.rx_error_flag
                0x0000000020009305        0x1 Main_code/Main_Satellite/satellite_app.o
                0x0000000020009305                rx_error_flag
 *fill*         0x0000000020009306        0x2 
 .bss.rx_frame_buffer
                0x0000000020009308       0xa0 Main_code/Main_Satellite/satellite_app.o
                0x0000000020009308                rx_frame_buffer
 .bss.rx_frame_size
                0x00000000200093a8        0x2 Main_code/Main_Satellite/satellite_app.o
                0x00000000200093a8                rx_frame_size
 .bss.rx_timeout_flag
                0x00000000200093aa        0x1 Main_code/Main_Satellite/satellite_app.o
                0x00000000200093aa                rx_timeout_flag
 *fill*         0x00000000200093ab        0x1 
 .bss.s_burst_scrambled
                0x00000000200093ac      0x108 Main_code/Main_Satellite/satellite_app.o
 .bss.s_raw_frame
                0x00000000200094b4       0xe0 Main_code/Main_Satellite/satellite_app.o
 .bss.s_total_packets_sent
                0x0000000020009594        0x4 Main_code/Main_Satellite/satellite_app.o
 .bss.tx_busy   0x0000000020009598        0x1 Main_code/Main_Satellite/satellite_app.o
                0x0000000020009598                tx_busy
 *fill*         0x0000000020009599        0x3 
 .bss.s_config  0x000000002000959c       0x18 Mission/radio_app.o
 .bss.s_initialized
                0x00000000200095b4        0x1 Mission/radio_app.o
 *fill*         0x00000000200095b5        0x3 
 .bss.s_radio_events
                0x00000000200095b8       0x1c Mission/radio_app.o
 .bss.g_system_tick_ms
                0x00000000200095d4        0x4 protocol/stm32wlxx_it.o
                0x00000000200095d4                g_system_tick_ms
 .bss.StopModeDisable
                0x00000000200095d8        0x4 protocol/stm32_lpm.o
 .bss.RTC_Initialized
                0x00000000200095dc        0x1 core/timer_if.o
 *fill*         0x00000000200095dd        0x3 
 .bss.RtcTimerContext
                0x00000000200095e0        0x4 core/timer_if.o
 .bss.hrtc      0x00000000200095e4       0x38 core/rtc.o
                0x00000000200095e4                hrtc
 .bss.ADV_TRACE_Ctx
                0x000000002000961c       0x18 core/stm32_adv_trace.o
 .bss.sztmp     0x0000000020009634      0x100 core/stm32_adv_trace.o
 .bss.RadioBuffer
                0x0000000020009734       0xff radio_driver/radio.o
 *fill*         0x0000000020009833        0x1 
 .bss.RadioEvents
                0x0000000020009834        0x4 radio_driver/radio.o
 .bss.RxTimeoutTimer
                0x0000000020009838       0x18 radio_driver/radio.o
                0x0000000020009838                RxTimeoutTimer
 .bss.SubgRf    0x0000000020009850       0x5c radio_driver/radio.o
                0x0000000020009850                SubgRf
 .bss.TxTimeoutTimer
                0x00000000200098ac       0x18 radio_driver/radio.o
                0x00000000200098ac                TxTimeoutTimer
 .bss.FrequencyError
                0x00000000200098c4        0x4 radio_driver/radio_driver.o
                0x00000000200098c4                FrequencyError
 .bss.ImageCalibrated
                0x00000000200098c8        0x1 radio_driver/radio_driver.o
 .bss.LoRaHeaderType
                0x00000000200098c9        0x1 radio_driver/radio_driver.o
 .bss.OperatingMode
                0x00000000200098ca        0x1 radio_driver/radio_driver.o
 .bss.PacketType
                0x00000000200098cb        0x1 radio_driver/radio_driver.o
 .bss.RadioOnDioIrqCb
                0x00000000200098cc        0x4 radio_driver/radio_driver.o
 .bss.TimerListHead
                0x00000000200098d0        0x4 radio_driver/stm32_timer.o
 .bss.hsubghz   0x00000000200098d4        0xc subghz/subghz.o
                0x00000000200098d4                hsubghz
 .bss.uwTick    0x00000000200098e0        0x4 hal/Src/stm32wlxx_hal.o
                0x00000000200098e0                uwTick
 *(COMMON)
                0x00000000200098e4                . = ALIGN (0x4)
                0x00000000200098e4                _ebss = .

._user_heap_stack
                0x00000000200098e4      0x604 load address 0x000000000803bc00
                0x00000000200098e8                . = ALIGN (0x8)
 *fill*         0x00000000200098e4        0x4 
                0x00000000200098e8                PROVIDE (end = .)
                0x0000000020009ae8                . = (. + _Min_Heap_Size)
 *fill*         0x00000000200098e8      0x200 
                0x0000000020009ee8                . = (. + _Min_Stack_Size)
 *fill*         0x0000000020009ae8      0x400 
                0x0000000020009ee8                . = ALIGN (0x8)
OUTPUT(satellite.elf elf32-littlearm)
LOAD linker stubs

.debug_info     0x0000000000000000    0x33e9c
 .debug_info    0x0000000000000000      0x470 Main_code/Main_Satellite/satellite_main.o
 .debug_info    0x0000000000000470     0x4858 Main_code/Main_Satellite/satellite_app.o
 .debug_info    0x0000000000004cc8      0x573 uart/uart_debug.o
 .debug_info    0x000000000000523b      0xc95 protocol/ax25/ax25.o
 .debug_info    0x0000000000005ed0      0xc5a Mission/protocol.o
 .debug_info    0x0000000000006b2a     0x1f0b Mission/radio_app.o
 .debug_info    0x0000000000008a35      0x94a protocol/stm32wlxx_it.o
 .debug_info    0x000000000000937f      0x545 protocol/stm32_lpm.o
 .debug_info    0x00000000000098c4      0x23c core/stm32_mem.o
 .debug_info    0x0000000000009b00      0x5a0 core/system_stm32wlxx.o
 .debug_info    0x000000000000a0a0     0x15dd core/timer_if.o
 .debug_info    0x000000000000b67d      0xd2b core/rtc.o
 .debug_info    0x000000000000c3a8       0xe3 core/error_handler.o
 .debug_info    0x000000000000c48b     0x19c0 core/stm32_adv_trace.o
 .debug_info    0x000000000000de4b      0x45e core/stm32_tiny_vsnprintf.o
 .debug_info    0x000000000000e2a9      0x2c5 core/stm32_trace_driver.o
 .debug_info    0x000000000000e56e     0x4f97 radio_driver/radio.o
 .debug_info    0x0000000000013505     0x7daa radio_driver/radio_driver.o
 .debug_info    0x000000000001b2af      0xc7c radio_driver/radio_fw.o
 .debug_info    0x000000000001bf2b     0x1018 radio_driver/stm32_timer.o
 .debug_info    0x000000000001cf43      0xf41 radio_driver/sys_app.o
 .debug_info    0x000000000001de84      0xa0e target/radio_board_if.o
 .debug_info    0x000000000001e892      0x7d9 subghz/subghz.o
 .debug_info    0x000000000001f06b     0x12e0 hal/Src/stm32wlxx_hal.o
 .debug_info    0x000000000002034b     0x2784 hal/Src/stm32wlxx_hal_subghz.o
 .debug_info    0x0000000000022acf     0x19a4 hal/Src/stm32wlxx_hal_rtc.o
 .debug_info    0x0000000000024473     0x18d9 hal/Src/stm32wlxx_hal_rtc_ex.o
 .debug_info    0x0000000000025d4c     0x1fb1 hal/Src/stm32wlxx_hal_rcc.o
 .debug_info    0x0000000000027cfd     0x1b18 hal/Src/stm32wlxx_hal_rcc_ex.o
 .debug_info    0x0000000000029815      0x7ce hal/Src/stm32wlxx_hal_gpio.o
 .debug_info    0x0000000000029fe3      0xaf7 hal/Src/stm32wlxx_hal_cortex.o
 .debug_info    0x000000000002aada      0x8ba hal/Src/stm32wlxx_hal_pwr.o
 .debug_info    0x000000000002b394       0x22 startup_cm0p.o
 .debug_info    0x000000000002b3b6       0x26 /usr/lib/gcc/arm-none-eabi/10.3.1/thumb/v6-m/nofp/libgcc.a(_udivsi3.o)
 .debug_info    0x000000000002b3dc       0x26 /usr/lib/gcc/arm-none-eabi/10.3.1/thumb/v6-m/nofp/libgcc.a(_divsi3.o)
 .debug_info    0x000000000002b402       0x26 /usr/lib/gcc/arm-none-eabi/10.3.1/thumb/v6-m/nofp/libgcc.a(_dvmd_tls.o)
 .debug_info    0x000000000002b428       0x26 /usr/lib/gcc/arm-none-eabi/10.3.1/thumb/v6-m/nofp/libgcc.a(_aeabi_uldivmod.o)
 .debug_info    0x000000000002b44e      0x431 /usr/lib/gcc/arm-none-eabi/10.3.1/thumb/v6-m/nofp/libgcc.a(_muldi3.o)
 .debug_info    0x000000000002b87f      0x39f /usr/lib/gcc/arm-none-eabi/10.3.1/thumb/v6-m/nofp/libgcc.a(_udivmoddi4.o)
 .debug_info    0x000000000002bc1e       0x26 /usr/lib/gcc/arm-none-eabi/10.3.1/thumb/v6-m/nofp/libgcc.a(_clzsi2.o)
 .debug_info    0x000000000002bc44       0x26 /usr/lib/gcc/arm-none-eabi/10.3.1/thumb/v6-m/nofp/libgcc.a(_clzdi2.o)
 .debug_info    0x000000000002bc6a       0xb8 /usr/lib/gcc/arm-none-eabi/10.3.1/../../../arm-none-eabi/lib/thumb/v6-m/nofp/libc_nano.a(lib_a-ctype_.o)
 .debug_info    0x000000000002bd22      0x15c /usr/lib/gcc/arm-none-eabi/10.3.1/../../../arm-none-eabi/lib/thumb/v6-m/nofp/libc_nano.a(lib_a-memcpy-stub.o)
 .debug_info    0x000000000002be7e      0x13d /usr/lib/gcc/arm-none-eabi/10.3.1/../../../arm-none-eabi/lib/thumb/v6-m/nofp/libc_nano.a(lib_a-memset.o)
 .debug_info    0x000000000002bfbb      0x9b9 /usr/lib/gcc/arm-none-eabi/10.3.1/../../../arm-none-eabi/lib/thumb/v6-m/nofp/libc_nano.a(lib_a-snprintf.o)
 .debug_info    0x000000000002c974       0xee /usr/lib/gcc/arm-none-eabi/10.3.1/../../../arm-none-eabi/lib/thumb/v6-m/nofp/libc_nano.a(lib_a-strlen-stub.o)
 .debug_info    0x000000000002ca62      0xa07 /usr/lib/gcc/arm-none-eabi/10.3.1/../../../arm-none-eabi/lib/thumb/v6-m/nofp/libc_nano.a(lib_a-vsnprintf.o)
 .debug_info    0x000000000002d469      0x863 /usr/lib/gcc/arm-none-eabi/10.3.1/../../../arm-none-eabi/lib/thumb/v6-m/nofp/libc_nano.a(lib_a-impure.o)
 .debug_info    0x000000000002dccc     0x10e0 /usr/lib/gcc/arm-none-eabi/10.3.1/../../../arm-none-eabi/lib/thumb/v6-m/nofp/libc_nano.a(lib_a-nano-svfprintf.o)
 .debug_info    0x000000000002edac      0xeb3 /usr/lib/gcc/arm-none-eabi/10.3.1/../../../arm-none-eabi/lib/thumb/v6-m/nofp/libc_nano.a(lib_a-nano-vfprintf_i.o)
 .debug_info    0x000000000002fc5f      0x14e /usr/lib/gcc/arm-none-eabi/10.3.1/../../../arm-none-eabi/lib/thumb/v6-m/nofp/libc_nano.a(lib_a-memchr-stub.o)
 .debug_info    0x000000000002fdad      0x152 /usr/lib/gcc/arm-none-eabi/10.3.1/../../../arm-none-eabi/lib/thumb/v6-m/nofp/libc_nano.a(lib_a-memmove.o)
 .debug_info    0x000000000002feff      0x928 /usr/lib/gcc/arm-none-eabi/10.3.1/../../../arm-none-eabi/lib/thumb/v6-m/nofp/libc_nano.a(lib_a-nano-freer.o)
 .debug_info    0x0000000000030827      0xa09 /usr/lib/gcc/arm-none-eabi/10.3.1/../../../arm-none-eabi/lib/thumb/v6-m/nofp/libc_nano.a(lib_a-nano-mallocr.o)
 .debug_info    0x0000000000031230      0x910 /usr/lib/gcc/arm-none-eabi/10.3.1/../../../arm-none-eabi/lib/thumb/v6-m/nofp/libc_nano.a(lib_a-nano-reallocr.o)
 .debug_info    0x0000000000031b40      0x828 /usr/lib/gcc/arm-none-eabi/10.3.1/../../../arm-none-eabi/lib/thumb/v6-m/nofp/libc_nano.a(lib_a-sbrkr.o)
 .debug_info    0x0000000000032368      0x7dc /usr/lib/gcc/arm-none-eabi/10.3.1/../../../arm-none-eabi/lib/thumb/v6-m/nofp/libc_nano.a(lib_a-mlock.o)
 .debug_info    0x0000000000032b44      0x840 /usr/lib/gcc/arm-none-eabi/10.3.1/../../../arm-none-eabi/lib/thumb/v6-m/nofp/libc_nano.a(lib_a-nano-msizer.o)
 .debug_info    0x0000000000033384      0xa7b /usr/lib/gcc/arm-none-eabi/10.3.1/../../../arm-none-eabi/lib/thumb/v6-m/nofp/libc_nano.a(lib_a-reent.o)
 .debug_info    0x0000000000033dff       0x9d /usr/lib/gcc/arm-none-eabi/10.3.1/../../../arm-none-eabi/lib/thumb/v6-m/nofp/libnosys.a(sbrk.o)

.debug_abbrev   0x0000000000000000     0x8011
 .debug_abbrev  0x0000000000000000      0x159 Main_code/Main_Satellite/satellite_main.o
 .debug_abbrev  0x0000000000000159      0x6a2 Main_code/Main_Satellite/satellite_app.o
 .debug_abbrev  0x00000000000007fb      0x28e uart/uart_debug.o
 .debug_abbrev  0x0000000000000a89      0x332 protocol/ax25/ax25.o
 .debug_abbrev  0x0000000000000dbb      0x301 Mission/protocol.o
 .debug_abbrev  0x00000000000010bc      0x32b Mission/radio_app.o
 .debug_abbrev  0x00000000000013e7      0x250 protocol/stm32wlxx_it.o
 .debug_abbrev  0x0000000000001637      0x22d protocol/stm32_lpm.o
 .debug_abbrev  0x0000000000001864      0x109 core/stm32_mem.o
 .debug_abbrev  0x000000000000196d      0x153 core/system_stm32wlxx.o
 .debug_abbrev  0x0000000000001ac0      0x411 core/timer_if.o
 .debug_abbrev  0x0000000000001ed1      0x283 core/rtc.o
 .debug_abbrev  0x0000000000002154       0xa6 core/error_handler.o
 .debug_abbrev  0x00000000000021fa      0x4d2 core/stm32_adv_trace.o
 .debug_abbrev  0x00000000000026cc      0x1f3 core/stm32_tiny_vsnprintf.o
 .debug_abbrev  0x00000000000028bf      0x189 core/stm32_trace_driver.o
 .debug_abbrev  0x0000000000002a48      0x4a0 radio_driver/radio.o
 .debug_abbrev  0x0000000000002ee8      0x583 radio_driver/radio_driver.o
 .debug_abbrev  0x000000000000346b      0x262 radio_driver/radio_fw.o
 .debug_abbrev  0x00000000000036cd      0x492 radio_driver/stm32_timer.o
 .debug_abbrev  0x0000000000003b5f      0x334 radio_driver/sys_app.o
 .debug_abbrev  0x0000000000003e93      0x291 target/radio_board_if.o
 .debug_abbrev  0x0000000000004124      0x213 subghz/subghz.o
 .debug_abbrev  0x0000000000004337      0x3e6 hal/Src/stm32wlxx_hal.o
 .debug_abbrev  0x000000000000471d      0x401 hal/Src/stm32wlxx_hal_subghz.o
 .debug_abbrev  0x0000000000004b1e      0x32a hal/Src/stm32wlxx_hal_rtc.o
 .debug_abbrev  0x0000000000004e48      0x2af hal/Src/stm32wlxx_hal_rtc_ex.o
 .debug_abbrev  0x00000000000050f7      0x3ee hal/Src/stm32wlxx_hal_rcc.o
 .debug_abbrev  0x00000000000054e5      0x3ae hal/Src/stm32wlxx_hal_rcc_ex.o
 .debug_abbrev  0x0000000000005893      0x218 hal/Src/stm32wlxx_hal_gpio.o
 .debug_abbrev  0x0000000000005aab      0x2af hal/Src/stm32wlxx_hal_cortex.o
 .debug_abbrev  0x0000000000005d5a      0x212 hal/Src/stm32wlxx_hal_pwr.o
 .debug_abbrev  0x0000000000005f6c       0x12 startup_cm0p.o
 .debug_abbrev  0x0000000000005f7e       0x14 /usr/lib/gcc/arm-none-eabi/10.3.1/thumb/v6-m/nofp/libgcc.a(_udivsi3.o)
 .debug_abbrev  0x0000000000005f92       0x14 /usr/lib/gcc/arm-none-eabi/10.3.1/thumb/v6-m/nofp/libgcc.a(_divsi3.o)
 .debug_abbrev  0x0000000000005fa6       0x14 /usr/lib/gcc/arm-none-eabi/10.3.1/thumb/v6-m/nofp/libgcc.a(_dvmd_tls.o)
 .debug_abbrev  0x0000000000005fba       0x14 /usr/lib/gcc/arm-none-eabi/10.3.1/thumb/v6-m/nofp/libgcc.a(_aeabi_uldivmod.o)
 .debug_abbrev  0x0000000000005fce      0x13b /usr/lib/gcc/arm-none-eabi/10.3.1/thumb/v6-m/nofp/libgcc.a(_muldi3.o)
 .debug_abbrev  0x0000000000006109      0x11b /usr/lib/gcc/arm-none-eabi/10.3.1/thumb/v6-m/nofp/libgcc.a(_udivmoddi4.o)
 .debug_abbrev  0x0000000000006224       0x14 /usr/lib/gcc/arm-none-eabi/10.3.1/thumb/v6-m/nofp/libgcc.a(_clzsi2.o)
 .debug_abbrev  0x0000000000006238       0x14 /usr/lib/gcc/arm-none-eabi/10.3.1/thumb/v6-m/nofp/libgcc.a(_clzdi2.o)
 .debug_abbrev  0x000000000000624c       0x62 /usr/lib/gcc/arm-none-eabi/10.3.1/../../../arm-none-eabi/lib/thumb/v6-m/nofp/libc_nano.a(lib_a-ctype_.o)
 .debug_abbrev  0x00000000000062ae       0xc7 /usr/lib/gcc/arm-none-eabi/10.3.1/../../../arm-none-eabi/lib/thumb/v6-m/nofp/libc_nano.a(lib_a-memcpy-stub.o)
 .debug_abbrev  0x0000000000006375       0xb4 /usr/lib/gcc/arm-none-eabi/10.3.1/../../../arm-none-eabi/lib/thumb/v6-m/nofp/libc_nano.a(lib_a-memset.o)
 .debug_abbrev  0x0000000000006429      0x216 /usr/lib/gcc/arm-none-eabi/10.3.1/../../../arm-none-eabi/lib/thumb/v6-m/nofp/libc_nano.a(lib_a-snprintf.o)
 .debug_abbrev  0x000000000000663f       0x8f /usr/lib/gcc/arm-none-eabi/10.3.1/../../../arm-none-eabi/lib/thumb/v6-m/nofp/libc_nano.a(lib_a-strlen-stub.o)
 .debug_abbrev  0x00000000000066ce      0x27d /usr/lib/gcc/arm-none-eabi/10.3.1/../../../arm-none-eabi/lib/thumb/v6-m/nofp/libc_nano.a(lib_a-vsnprintf.o)
 .debug_abbrev  0x000000000000694b      0x151 /usr/lib/gcc/arm-none-eabi/10.3.1/../../../arm-none-eabi/lib/thumb/v6-m/nofp/libc_nano.a(lib_a-impure.o)
 .debug_abbrev  0x0000000000006a9c      0x2ca /usr/lib/gcc/arm-none-eabi/10.3.1/../../../arm-none-eabi/lib/thumb/v6-m/nofp/libc_nano.a(lib_a-nano-svfprintf.o)
 .debug_abbrev  0x0000000000006d66      0x292 /usr/lib/gcc/arm-none-eabi/10.3.1/../../../arm-none-eabi/lib/thumb/v6-m/nofp/libc_nano.a(lib_a-nano-vfprintf_i.o)
 .debug_abbrev  0x0000000000006ff8       0xd4 /usr/lib/gcc/arm-none-eabi/10.3.1/../../../arm-none-eabi/lib/thumb/v6-m/nofp/libc_nano.a(lib_a-memchr-stub.o)
 .debug_abbrev  0x00000000000070cc       0xc0 /usr/lib/gcc/arm-none-eabi/10.3.1/../../../arm-none-eabi/lib/thumb/v6-m/nofp/libc_nano.a(lib_a-memmove.o)
 .debug_abbrev  0x000000000000718c      0x232 /usr/lib/gcc/arm-none-eabi/10.3.1/../../../arm-none-eabi/lib/thumb/v6-m/nofp/libc_nano.a(lib_a-nano-freer.o)
 .debug_abbrev  0x00000000000073be      0x297 /usr/lib/gcc/arm-none-eabi/10.3.1/../../../arm-none-eabi/lib/thumb/v6-m/nofp/libc_nano.a(lib_a-nano-mallocr.o)
 .debug_abbrev  0x0000000000007655      0x1d3 /usr/lib/gcc/arm-none-eabi/10.3.1/../../../arm-none-eabi/lib/thumb/v6-m/nofp/libc_nano.a(lib_a-nano-reallocr.o)
 .debug_abbrev  0x0000000000007828      0x1d6 /usr/lib/gcc/arm-none-eabi/10.3.1/../../../arm-none-eabi/lib/thumb/v6-m/nofp/libc_nano.a(lib_a-sbrkr.o)
 .debug_abbrev  0x00000000000079fe      0x189 /usr/lib/gcc/arm-none-eabi/10.3.1/../../../arm-none-eabi/lib/thumb/v6-m/nofp/libc_nano.a(lib_a-mlock.o)
 .debug_abbrev  0x0000000000007b87      0x191 /usr/lib/gcc/arm-none-eabi/10.3.1/../../../arm-none-eabi/lib/thumb/v6-m/nofp/libc_nano.a(lib_a-nano-msizer.o)
 .debug_abbrev  0x0000000000007d18      0x257 /usr/lib/gcc/arm-none-eabi/10.3.1/../../../arm-none-eabi/lib/thumb/v6-m/nofp/libc_nano.a(lib_a-reent.o)
 .debug_abbrev  0x0000000000007f6f       0xa2 /usr/lib/gcc/arm-none-eabi/10.3.1/../../../arm-none-eabi/lib/thumb/v6-m/nofp/libnosys.a(sbrk.o)

.debug_loc      0x0000000000000000    0x19deb
 .debug_loc     0x0000000000000000       0x45 Main_code/Main_Satellite/satellite_main.o
 .debug_loc     0x0000000000000045     0x16ef Main_code/Main_Satellite/satellite_app.o
 .debug_loc     0x0000000000001734      0x2d5 uart/uart_debug.o
 .debug_loc     0x0000000000001a09     0x14b6 protocol/ax25/ax25.o
 .debug_loc     0x0000000000002ebf     0x11ea Mission/protocol.o
 .debug_loc     0x00000000000040a9      0x167 Mission/radio_app.o
 .debug_loc     0x0000000000004210       0xfc protocol/stm32wlxx_it.o
 .debug_loc     0x000000000000430c      0x206 protocol/stm32_lpm.o
 .debug_loc     0x0000000000004512      0x26d core/stm32_mem.o
 .debug_loc     0x000000000000477f      0x15e core/system_stm32wlxx.o
 .debug_loc     0x00000000000048dd      0x7c9 core/timer_if.o
 .debug_loc     0x00000000000050a6       0xb1 core/rtc.o
 .debug_loc     0x0000000000005157     0x1178 core/stm32_adv_trace.o
 .debug_loc     0x00000000000062cf     0x104b core/stm32_tiny_vsnprintf.o
 .debug_loc     0x000000000000731a       0x4a core/stm32_trace_driver.o
 .debug_loc     0x0000000000007364     0x228d radio_driver/radio.o
 .debug_loc     0x00000000000095f1     0x4b37 radio_driver/radio_driver.o
 .debug_loc     0x000000000000e128       0xde radio_driver/radio_fw.o
 .debug_loc     0x000000000000e206      0xcd8 radio_driver/stm32_timer.o
 .debug_loc     0x000000000000eede      0x202 radio_driver/sys_app.o
 .debug_loc     0x000000000000f0e0       0xd0 target/radio_board_if.o
 .debug_loc     0x000000000000f1b0       0x76 subghz/subghz.o
 .debug_loc     0x000000000000f226      0x4eb hal/Src/stm32wlxx_hal.o
 .debug_loc     0x000000000000f711     0x218e hal/Src/stm32wlxx_hal_subghz.o
 .debug_loc     0x000000000001189f     0x1780 hal/Src/stm32wlxx_hal_rtc.o
 .debug_loc     0x000000000001301f     0x1469 hal/Src/stm32wlxx_hal_rtc_ex.o
 .debug_loc     0x0000000000014488      0xd05 hal/Src/stm32wlxx_hal_rcc.o
 .debug_loc     0x000000000001518d      0xacf hal/Src/stm32wlxx_hal_rcc_ex.o
 .debug_loc     0x0000000000015c5c      0x593 hal/Src/stm32wlxx_hal_gpio.o
 .debug_loc     0x00000000000161ef      0x4c7 hal/Src/stm32wlxx_hal_cortex.o
 .debug_loc     0x00000000000166b6      0x21c hal/Src/stm32wlxx_hal_pwr.o
 .debug_loc     0x00000000000168d2      0x1c7 /usr/lib/gcc/arm-none-eabi/10.3.1/thumb/v6-m/nofp/libgcc.a(_muldi3.o)
 .debug_loc     0x0000000000016a99      0x3d3 /usr/lib/gcc/arm-none-eabi/10.3.1/thumb/v6-m/nofp/libgcc.a(_udivmoddi4.o)
 .debug_loc     0x0000000000016e6c      0x457 /usr/lib/gcc/arm-none-eabi/10.3.1/../../../arm-none-eabi/lib/thumb/v6-m/nofp/libc_nano.a(lib_a-memcpy-stub.o)
 .debug_loc     0x00000000000172c3      0x2a3 /usr/lib/gcc/arm-none-eabi/10.3.1/../../../arm-none-eabi/lib/thumb/v6-m/nofp/libc_nano.a(lib_a-memset.o)
 .debug_loc     0x0000000000017566      0x276 /usr/lib/gcc/arm-none-eabi/10.3.1/../../../arm-none-eabi/lib/thumb/v6-m/nofp/libc_nano.a(lib_a-snprintf.o)
 .debug_loc     0x00000000000177dc       0x90 /usr/lib/gcc/arm-none-eabi/10.3.1/../../../arm-none-eabi/lib/thumb/v6-m/nofp/libc_nano.a(lib_a-strlen-stub.o)
 .debug_loc     0x000000000001786c      0x4c0 /usr/lib/gcc/arm-none-eabi/10.3.1/../../../arm-none-eabi/lib/thumb/v6-m/nofp/libc_nano.a(lib_a-vsnprintf.o)
 .debug_loc     0x0000000000017d2c      0xa08 /usr/lib/gcc/arm-none-eabi/10.3.1/../../../arm-none-eabi/lib/thumb/v6-m/nofp/libc_nano.a(lib_a-nano-svfprintf.o)
 .debug_loc     0x0000000000018734      0x660 /usr/lib/gcc/arm-none-eabi/10.3.1/../../../arm-none-eabi/lib/thumb/v6-m/nofp/libc_nano.a(lib_a-nano-vfprintf_i.o)
 .debug_loc     0x0000000000018d94      0x21d /usr/lib/gcc/arm-none-eabi/10.3.1/../../../arm-none-eabi/lib/thumb/v6-m/nofp/libc_nano.a(lib_a-memchr-stub.o)
 .debug_loc     0x0000000000018fb1      0x508 /usr/lib/gcc/arm-none-eabi/10.3.1/../../../arm-none-eabi/lib/thumb/v6-m/nofp/libc_nano.a(lib_a-memmove.o)
 .debug_loc     0x00000000000194b9      0x1d8 /usr/lib/gcc/arm-none-eabi/10.3.1/../../../arm-none-eabi/lib/thumb/v6-m/nofp/libc_nano.a(lib_a-nano-freer.o)
 .debug_loc     0x0000000000019691      0x2a9 /usr/lib/gcc/arm-none-eabi/10.3.1/../../../arm-none-eabi/lib/thumb/v6-m/nofp/libc_nano.a(lib_a-nano-mallocr.o)
 .debug_loc     0x000000000001993a      0x17b /usr/lib/gcc/arm-none-eabi/10.3.1/../../../arm-none-eabi/lib/thumb/v6-m/nofp/libc_nano.a(lib_a-nano-reallocr.o)
 .debug_loc     0x0000000000019ab5       0x79 /usr/lib/gcc/arm-none-eabi/10.3.1/../../../arm-none-eabi/lib/thumb/v6-m/nofp/libc_nano.a(lib_a-sbrkr.o)
 .debug_loc     0x0000000000019b2e       0xcc /usr/lib/gcc/arm-none-eabi/10.3.1/../../../arm-none-eabi/lib/thumb/v6-m/nofp/libc_nano.a(lib_a-nano-msizer.o)
 .debug_loc     0x0000000000019bfa      0x199 /usr/lib/gcc/arm-none-eabi/10.3.1/../../../arm-none-eabi/lib/thumb/v6-m/nofp/libc_nano.a(lib_a-reent.o)
 .debug_loc     0x0000000000019d93       0x58 /usr/lib/gcc/arm-none-eabi/10.3.1/../../../arm-none-eabi/lib/thumb/v6-m/nofp/libnosys.a(sbrk.o)

.debug_aranges  0x0000000000000000     0x1570
 .debug_aranges
                0x0000000000000000       0x20 Main_code/Main_Satellite/satellite_main.o
 .debug_aranges
                0x0000000000000020      0x148 Main_code/Main_Satellite/satellite_app.o
 .debug_aranges
                0x0000000000000168       0x68 uart/uart_debug.o
 .debug_aranges
                0x00000000000001d0       0x70 protocol/ax25/ax25.o
 .debug_aranges
                0x0000000000000240       0x38 Mission/protocol.o
 .debug_aranges
                0x0000000000000278       0x58 Mission/radio_app.o
 .debug_aranges
                0x00000000000002d0       0x80 protocol/stm32wlxx_it.o
 .debug_aranges
                0x0000000000000350       0x48 protocol/stm32_lpm.o
 .debug_aranges
                0x0000000000000398       0x30 core/stm32_mem.o
 .debug_aranges
                0x00000000000003c8       0x28 core/system_stm32wlxx.o
 .debug_aranges
                0x00000000000003f0       0xb0 core/timer_if.o
 .debug_aranges
                0x00000000000004a0       0x30 core/rtc.o
 .debug_aranges
                0x00000000000004d0       0x20 core/error_handler.o
 .debug_aranges
                0x00000000000004f0       0xc8 core/stm32_adv_trace.o
 .debug_aranges
                0x00000000000005b8       0x20 core/stm32_tiny_vsnprintf.o
 .debug_aranges
                0x00000000000005d8       0x30 core/stm32_trace_driver.o
 .debug_aranges
                0x0000000000000608      0x138 radio_driver/radio.o
 .debug_aranges
                0x0000000000000740      0x238 radio_driver/radio_driver.o
 .debug_aranges
                0x0000000000000978       0x58 radio_driver/radio_fw.o
 .debug_aranges
                0x00000000000009d0       0xb8 radio_driver/stm32_timer.o
 .debug_aranges
                0x0000000000000a88       0x60 radio_driver/sys_app.o
 .debug_aranges
                0x0000000000000ae8       0x58 target/radio_board_if.o
 .debug_aranges
                0x0000000000000b40       0x30 subghz/subghz.o
 .debug_aranges
                0x0000000000000b70       0xe8 hal/Src/stm32wlxx_hal.o
 .debug_aranges
                0x0000000000000c58       0xb0 hal/Src/stm32wlxx_hal_subghz.o
 .debug_aranges
                0x0000000000000d08       0xd8 hal/Src/stm32wlxx_hal_rtc.o
 .debug_aranges
                0x0000000000000de0      0x158 hal/Src/stm32wlxx_hal_rtc_ex.o
 .debug_aranges
                0x0000000000000f38       0xa0 hal/Src/stm32wlxx_hal_rcc.o
 .debug_aranges
                0x0000000000000fd8       0x88 hal/Src/stm32wlxx_hal_rcc_ex.o
 .debug_aranges
                0x0000000000001060       0x60 hal/Src/stm32wlxx_hal_gpio.o
 .debug_aranges
                0x00000000000010c0       0xa0 hal/Src/stm32wlxx_hal_cortex.o
 .debug_aranges
                0x0000000000001160       0x98 hal/Src/stm32wlxx_hal_pwr.o
 .debug_aranges
                0x00000000000011f8       0x28 startup_cm0p.o
 .debug_aranges
                0x0000000000001220       0x20 /usr/lib/gcc/arm-none-eabi/10.3.1/thumb/v6-m/nofp/libgcc.a(_udivsi3.o)
 .debug_aranges
                0x0000000000001240       0x20 /usr/lib/gcc/arm-none-eabi/10.3.1/thumb/v6-m/nofp/libgcc.a(_divsi3.o)
 .debug_aranges
                0x0000000000001260       0x20 /usr/lib/gcc/arm-none-eabi/10.3.1/thumb/v6-m/nofp/libgcc.a(_dvmd_tls.o)
 .debug_aranges
                0x0000000000001280       0x20 /usr/lib/gcc/arm-none-eabi/10.3.1/thumb/v6-m/nofp/libgcc.a(_aeabi_uldivmod.o)
 .debug_aranges
                0x00000000000012a0       0x20 /usr/lib/gcc/arm-none-eabi/10.3.1/thumb/v6-m/nofp/libgcc.a(_muldi3.o)
 .debug_aranges
                0x00000000000012c0       0x20 /usr/lib/gcc/arm-none-eabi/10.3.1/thumb/v6-m/nofp/libgcc.a(_udivmoddi4.o)
 .debug_aranges
                0x00000000000012e0       0x20 /usr/lib/gcc/arm-none-eabi/10.3.1/thumb/v6-m/nofp/libgcc.a(_clzsi2.o)
 .debug_aranges
                0x0000000000001300       0x20 /usr/lib/gcc/arm-none-eabi/10.3.1/thumb/v6-m/nofp/libgcc.a(_clzdi2.o)
 .debug_aranges
                0x0000000000001320       0x18 /usr/lib/gcc/arm-none-eabi/10.3.1/../../../arm-none-eabi/lib/thumb/v6-m/nofp/libc_nano.a(lib_a-ctype_.o)
 .debug_aranges
                0x0000000000001338       0x20 /usr/lib/gcc/arm-none-eabi/10.3.1/../../../arm-none-eabi/lib/thumb/v6-m/nofp/libc_nano.a(lib_a-memcpy-stub.o)
 .debug_aranges
                0x0000000000001358       0x20 /usr/lib/gcc/arm-none-eabi/10.3.1/../../../arm-none-eabi/lib/thumb/v6-m/nofp/libc_nano.a(lib_a-memset.o)
 .debug_aranges
                0x0000000000001378       0x20 /usr/lib/gcc/arm-none-eabi/10.3.1/../../../arm-none-eabi/lib/thumb/v6-m/nofp/libc_nano.a(lib_a-snprintf.o)
 .debug_aranges
                0x0000000000001398       0x20 /usr/lib/gcc/arm-none-eabi/10.3.1/../../../arm-none-eabi/lib/thumb/v6-m/nofp/libc_nano.a(lib_a-strlen-stub.o)
 .debug_aranges
                0x00000000000013b8       0x20 /usr/lib/gcc/arm-none-eabi/10.3.1/../../../arm-none-eabi/lib/thumb/v6-m/nofp/libc_nano.a(lib_a-vsnprintf.o)
 .debug_aranges
                0x00000000000013d8       0x18 /usr/lib/gcc/arm-none-eabi/10.3.1/../../../arm-none-eabi/lib/thumb/v6-m/nofp/libc_nano.a(lib_a-impure.o)
 .debug_aranges
                0x00000000000013f0       0x20 /usr/lib/gcc/arm-none-eabi/10.3.1/../../../arm-none-eabi/lib/thumb/v6-m/nofp/libc_nano.a(lib_a-nano-svfprintf.o)
 .debug_aranges
                0x0000000000001410       0x20 /usr/lib/gcc/arm-none-eabi/10.3.1/../../../arm-none-eabi/lib/thumb/v6-m/nofp/libc_nano.a(lib_a-nano-vfprintf_i.o)
 .debug_aranges
                0x0000000000001430       0x20 /usr/lib/gcc/arm-none-eabi/10.3.1/../../../arm-none-eabi/lib/thumb/v6-m/nofp/libc_nano.a(lib_a-memchr-stub.o)
 .debug_aranges
                0x0000000000001450       0x20 /usr/lib/gcc/arm-none-eabi/10.3.1/../../../arm-none-eabi/lib/thumb/v6-m/nofp/libc_nano.a(lib_a-memmove.o)
 .debug_aranges
                0x0000000000001470       0x20 /usr/lib/gcc/arm-none-eabi/10.3.1/../../../arm-none-eabi/lib/thumb/v6-m/nofp/libc_nano.a(lib_a-nano-freer.o)
 .debug_aranges
                0x0000000000001490       0x20 /usr/lib/gcc/arm-none-eabi/10.3.1/../../../arm-none-eabi/lib/thumb/v6-m/nofp/libc_nano.a(lib_a-nano-mallocr.o)
 .debug_aranges
                0x00000000000014b0       0x20 /usr/lib/gcc/arm-none-eabi/10.3.1/../../../arm-none-eabi/lib/thumb/v6-m/nofp/libc_nano.a(lib_a-nano-reallocr.o)
 .debug_aranges
                0x00000000000014d0       0x20 /usr/lib/gcc/arm-none-eabi/10.3.1/../../../arm-none-eabi/lib/thumb/v6-m/nofp/libc_nano.a(lib_a-sbrkr.o)
 .debug_aranges
                0x00000000000014f0       0x20 /usr/lib/gcc/arm-none-eabi/10.3.1/../../../arm-none-eabi/lib/thumb/v6-m/nofp/libc_nano.a(lib_a-mlock.o)
 .debug_aranges
                0x0000000000001510       0x20 /usr/lib/gcc/arm-none-eabi/10.3.1/../../../arm-none-eabi/lib/thumb/v6-m/nofp/libc_nano.a(lib_a-nano-msizer.o)
 .debug_aranges
                0x0000000000001530       0x20 /usr/lib/gcc/arm-none-eabi/10.3.1/../../../arm-none-eabi/lib/thumb/v6-m/nofp/libc_nano.a(lib_a-reent.o)
 .debug_aranges
                0x0000000000001550       0x20 /usr/lib/gcc/arm-none-eabi/10.3.1/../../../arm-none-eabi/lib/thumb/v6-m/nofp/libnosys.a(sbrk.o)

.debug_ranges   0x0000000000000000     0x43e0
 .debug_ranges  0x0000000000000000       0x30 Main_code/Main_Satellite/satellite_main.o
 .debug_ranges  0x0000000000000030      0x570 Main_code/Main_Satellite/satellite_app.o
 .debug_ranges  0x00000000000005a0       0xd8 uart/uart_debug.o
 .debug_ranges  0x0000000000000678      0x318 protocol/ax25/ax25.o
 .debug_ranges  0x0000000000000990      0x488 Mission/protocol.o
 .debug_ranges  0x0000000000000e18       0x60 Mission/radio_app.o
 .debug_ranges  0x0000000000000e78       0xc0 protocol/stm32wlxx_it.o
 .debug_ranges  0x0000000000000f38       0x50 protocol/stm32_lpm.o
 .debug_ranges  0x0000000000000f88       0x20 core/stm32_mem.o
 .debug_ranges  0x0000000000000fa8       0x18 core/system_stm32wlxx.o
 .debug_ranges  0x0000000000000fc0      0x200 core/timer_if.o
 .debug_ranges  0x00000000000011c0       0x40 core/rtc.o
 .debug_ranges  0x0000000000001200       0x10 core/error_handler.o
 .debug_ranges  0x0000000000001210      0x228 core/stm32_adv_trace.o
 .debug_ranges  0x0000000000001438       0x80 core/stm32_tiny_vsnprintf.o
 .debug_ranges  0x00000000000014b8       0x20 core/stm32_trace_driver.o
 .debug_ranges  0x00000000000014d8      0x550 radio_driver/radio.o
 .debug_ranges  0x0000000000001a28      0x6a0 radio_driver/radio_driver.o
 .debug_ranges  0x00000000000020c8       0x48 radio_driver/radio_fw.o
 .debug_ranges  0x0000000000002110      0x208 radio_driver/stm32_timer.o
 .debug_ranges  0x0000000000002318       0xe8 radio_driver/sys_app.o
 .debug_ranges  0x0000000000002400       0x60 target/radio_board_if.o
 .debug_ranges  0x0000000000002460       0x70 subghz/subghz.o
 .debug_ranges  0x00000000000024d0      0x238 hal/Src/stm32wlxx_hal.o
 .debug_ranges  0x0000000000002708      0x850 hal/Src/stm32wlxx_hal_subghz.o
 .debug_ranges  0x0000000000002f58      0x288 hal/Src/stm32wlxx_hal_rtc.o
 .debug_ranges  0x00000000000031e0      0x148 hal/Src/stm32wlxx_hal_rtc_ex.o
 .debug_ranges  0x0000000000003328      0x778 hal/Src/stm32wlxx_hal_rcc.o
 .debug_ranges  0x0000000000003aa0      0x580 hal/Src/stm32wlxx_hal_rcc_ex.o
 .debug_ranges  0x0000000000004020       0x50 hal/Src/stm32wlxx_hal_gpio.o
 .debug_ranges  0x0000000000004070      0x128 hal/Src/stm32wlxx_hal_cortex.o
 .debug_ranges  0x0000000000004198       0xa8 hal/Src/stm32wlxx_hal_pwr.o
 .debug_ranges  0x0000000000004240       0x20 startup_cm0p.o
 .debug_ranges  0x0000000000004260       0x30 /usr/lib/gcc/arm-none-eabi/10.3.1/thumb/v6-m/nofp/libgcc.a(_muldi3.o)
 .debug_ranges  0x0000000000004290       0x20 /usr/lib/gcc/arm-none-eabi/10.3.1/../../../arm-none-eabi/lib/thumb/v6-m/nofp/libc_nano.a(lib_a-vsnprintf.o)
 .debug_ranges  0x00000000000042b0       0x50 /usr/lib/gcc/arm-none-eabi/10.3.1/../../../arm-none-eabi/lib/thumb/v6-m/nofp/libc_nano.a(lib_a-nano-svfprintf.o)
 .debug_ranges  0x0000000000004300       0x88 /usr/lib/gcc/arm-none-eabi/10.3.1/../../../arm-none-eabi/lib/thumb/v6-m/nofp/libc_nano.a(lib_a-nano-vfprintf_i.o)
 .debug_ranges  0x0000000000004388       0x18 /usr/lib/gcc/arm-none-eabi/10.3.1/../../../arm-none-eabi/lib/thumb/v6-m/nofp/libc_nano.a(lib_a-nano-freer.o)
 .debug_ranges  0x00000000000043a0       0x40 /usr/lib/gcc/arm-none-eabi/10.3.1/../../../arm-none-eabi/lib/thumb/v6-m/nofp/libc_nano.a(lib_a-nano-mallocr.o)

.debug_line     0x0000000000000000    0x1a33b
 .debug_line    0x0000000000000000      0x203 Main_code/Main_Satellite/satellite_main.o
 .debug_line    0x0000000000000203     0x1a6a Main_code/Main_Satellite/satellite_app.o
 .debug_line    0x0000000000001c6d      0x66e uart/uart_debug.o
 .debug_line    0x00000000000022db      0x933 protocol/ax25/ax25.o
 .debug_line    0x0000000000002c0e      0x918 Mission/protocol.o
 .debug_line    0x0000000000003526      0x3bc Mission/radio_app.o
 .debug_line    0x00000000000038e2      0x4d9 protocol/stm32wlxx_it.o
 .debug_line    0x0000000000003dbb      0x30a protocol/stm32_lpm.o
 .debug_line    0x00000000000040c5      0x12e core/stm32_mem.o
 .debug_line    0x00000000000041f3      0x1f0 core/system_stm32wlxx.o
 .debug_line    0x00000000000043e3      0xa01 core/timer_if.o
 .debug_line    0x0000000000004de4      0x376 core/rtc.o
 .debug_line    0x000000000000515a       0xfb core/error_handler.o
 .debug_line    0x0000000000005255     0x1178 core/stm32_adv_trace.o
 .debug_line    0x00000000000063cd      0x659 core/stm32_tiny_vsnprintf.o
 .debug_line    0x0000000000006a26      0x109 core/stm32_trace_driver.o
 .debug_line    0x0000000000006b2f     0x2159 radio_driver/radio.o
 .debug_line    0x0000000000008c88     0x354a radio_driver/radio_driver.o
 .debug_line    0x000000000000c1d2      0x1a4 radio_driver/radio_fw.o
 .debug_line    0x000000000000c376      0xacb radio_driver/stm32_timer.o
 .debug_line    0x000000000000ce41      0x4d6 radio_driver/sys_app.o
 .debug_line    0x000000000000d317      0x390 target/radio_board_if.o
 .debug_line    0x000000000000d6a7      0x242 subghz/subghz.o
 .debug_line    0x000000000000d8e9      0x8e1 hal/Src/stm32wlxx_hal.o
 .debug_line    0x000000000000e1ca     0x1c43 hal/Src/stm32wlxx_hal_subghz.o
 .debug_line    0x000000000000fe0d     0x1582 hal/Src/stm32wlxx_hal_rtc.o
 .debug_line    0x000000000001138f     0x1a99 hal/Src/stm32wlxx_hal_rtc_ex.o
 .debug_line    0x0000000000012e28     0x1cb0 hal/Src/stm32wlxx_hal_rcc.o
 .debug_line    0x0000000000014ad8     0x125e hal/Src/stm32wlxx_hal_rcc_ex.o
 .debug_line    0x0000000000015d36      0x689 hal/Src/stm32wlxx_hal_gpio.o
 .debug_line    0x00000000000163bf      0x64d hal/Src/stm32wlxx_hal_cortex.o
 .debug_line    0x0000000000016a0c      0x499 hal/Src/stm32wlxx_hal_pwr.o
 .debug_line    0x0000000000016ea5       0x76 startup_cm0p.o
 .debug_line    0x0000000000016f1b       0x6c /usr/lib/gcc/arm-none-eabi/10.3.1/thumb/v6-m/nofp/libgcc.a(_udivsi3.o)
 .debug_line    0x0000000000016f87       0x73 /usr/lib/gcc/arm-none-eabi/10.3.1/thumb/v6-m/nofp/libgcc.a(_divsi3.o)
 .debug_line    0x0000000000016ffa       0x60 /usr/lib/gcc/arm-none-eabi/10.3.1/thumb/v6-m/nofp/libgcc.a(_dvmd_tls.o)
 .debug_line    0x000000000001705a       0x6b /usr/lib/gcc/arm-none-eabi/10.3.1/thumb/v6-m/nofp/libgcc.a(_aeabi_uldivmod.o)
 .debug_line    0x00000000000170c5      0x12e /usr/lib/gcc/arm-none-eabi/10.3.1/thumb/v6-m/nofp/libgcc.a(_muldi3.o)
 .debug_line    0x00000000000171f3      0x1c2 /usr/lib/gcc/arm-none-eabi/10.3.1/thumb/v6-m/nofp/libgcc.a(_udivmoddi4.o)
 .debug_line    0x00000000000173b5       0x74 /usr/lib/gcc/arm-none-eabi/10.3.1/thumb/v6-m/nofp/libgcc.a(_clzsi2.o)
 .debug_line    0x0000000000017429       0x6a /usr/lib/gcc/arm-none-eabi/10.3.1/thumb/v6-m/nofp/libgcc.a(_clzdi2.o)
 .debug_line    0x0000000000017493       0x5e /usr/lib/gcc/arm-none-eabi/10.3.1/../../../arm-none-eabi/lib/thumb/v6-m/nofp/libc_nano.a(lib_a-ctype_.o)
 .debug_line    0x00000000000174f1      0x1b5 /usr/lib/gcc/arm-none-eabi/10.3.1/../../../arm-none-eabi/lib/thumb/v6-m/nofp/libc_nano.a(lib_a-memcpy-stub.o)
 .debug_line    0x00000000000176a6      0x1ce /usr/lib/gcc/arm-none-eabi/10.3.1/../../../arm-none-eabi/lib/thumb/v6-m/nofp/libc_nano.a(lib_a-memset.o)
 .debug_line    0x0000000000017874      0x366 /usr/lib/gcc/arm-none-eabi/10.3.1/../../../arm-none-eabi/lib/thumb/v6-m/nofp/libc_nano.a(lib_a-snprintf.o)
 .debug_line    0x0000000000017bda      0x172 /usr/lib/gcc/arm-none-eabi/10.3.1/../../../arm-none-eabi/lib/thumb/v6-m/nofp/libc_nano.a(lib_a-strlen-stub.o)
 .debug_line    0x0000000000017d4c      0x2fa /usr/lib/gcc/arm-none-eabi/10.3.1/../../../arm-none-eabi/lib/thumb/v6-m/nofp/libc_nano.a(lib_a-vsnprintf.o)
 .debug_line    0x0000000000018046       0xe4 /usr/lib/gcc/arm-none-eabi/10.3.1/../../../arm-none-eabi/lib/thumb/v6-m/nofp/libc_nano.a(lib_a-impure.o)
 .debug_line    0x000000000001812a      0x8be /usr/lib/gcc/arm-none-eabi/10.3.1/../../../arm-none-eabi/lib/thumb/v6-m/nofp/libc_nano.a(lib_a-nano-svfprintf.o)
 .debug_line    0x00000000000189e8      0x718 /usr/lib/gcc/arm-none-eabi/10.3.1/../../../arm-none-eabi/lib/thumb/v6-m/nofp/libc_nano.a(lib_a-nano-vfprintf_i.o)
 .debug_line    0x0000000000019100      0x1b1 /usr/lib/gcc/arm-none-eabi/10.3.1/../../../arm-none-eabi/lib/thumb/v6-m/nofp/libc_nano.a(lib_a-memchr-stub.o)
 .debug_line    0x00000000000192b1      0x1e1 /usr/lib/gcc/arm-none-eabi/10.3.1/../../../arm-none-eabi/lib/thumb/v6-m/nofp/libc_nano.a(lib_a-memmove.o)
 .debug_line    0x0000000000019492      0x2d0 /usr/lib/gcc/arm-none-eabi/10.3.1/../../../arm-none-eabi/lib/thumb/v6-m/nofp/libc_nano.a(lib_a-nano-freer.o)
 .debug_line    0x0000000000019762      0x2ca /usr/lib/gcc/arm-none-eabi/10.3.1/../../../arm-none-eabi/lib/thumb/v6-m/nofp/libc_nano.a(lib_a-nano-mallocr.o)
 .debug_line    0x0000000000019a2c      0x1ab /usr/lib/gcc/arm-none-eabi/10.3.1/../../../arm-none-eabi/lib/thumb/v6-m/nofp/libc_nano.a(lib_a-nano-reallocr.o)
 .debug_line    0x0000000000019bd7      0x183 /usr/lib/gcc/arm-none-eabi/10.3.1/../../../arm-none-eabi/lib/thumb/v6-m/nofp/libc_nano.a(lib_a-sbrkr.o)
 .debug_line    0x0000000000019d5a      0x13e /usr/lib/gcc/arm-none-eabi/10.3.1/../../../arm-none-eabi/lib/thumb/v6-m/nofp/libc_nano.a(lib_a-mlock.o)
 .debug_line    0x0000000000019e98      0x163 /usr/lib/gcc/arm-none-eabi/10.3.1/../../../arm-none-eabi/lib/thumb/v6-m/nofp/libc_nano.a(lib_a-nano-msizer.o)
 .debug_line    0x0000000000019ffb      0x2ba /usr/lib/gcc/arm-none-eabi/10.3.1/../../../arm-none-eabi/lib/thumb/v6-m/nofp/libc_nano.a(lib_a-reent.o)
 .debug_line    0x000000000001a2b5       0x86 /usr/lib/gcc/arm-none-eabi/10.3.1/../../../arm-none-eabi/lib/thumb/v6-m/nofp/libnosys.a(sbrk.o)

.debug_str      0x0000000000000000     0x9b11
 .debug_str     0x0000000000000000      0x48d Main_code/Main_Satellite/satellite_main.o
                                        0x4ec (size before relaxing)
 .debug_str     0x000000000000048d     0x1d26 Main_code/Main_Satellite/satellite_app.o
                                       0x2487 (size before relaxing)
 .debug_str     0x00000000000021b3       0xef uart/uart_debug.o
                                        0x284 (size before relaxing)
 .debug_str     0x00000000000022a2      0x234 protocol/ax25/ax25.o
                                        0x42d (size before relaxing)
 .debug_str     0x00000000000024d6      0x1dc Mission/protocol.o
                                        0x501 (size before relaxing)
 .debug_str     0x00000000000026b2      0x4d5 Mission/radio_app.o
                                       0x1d5a (size before relaxing)
 .debug_str     0x0000000000002b87      0x43c protocol/stm32wlxx_it.o
                                        0x627 (size before relaxing)
 .debug_str     0x0000000000002fc3      0x1f3 protocol/stm32_lpm.o
                                        0x47f (size before relaxing)
 .debug_str     0x00000000000031b6       0x49 core/stm32_mem.o
                                        0x1d6 (size before relaxing)
 .debug_str     0x00000000000031ff       0x8c core/system_stm32wlxx.o
                                        0x41b (size before relaxing)
 .debug_str     0x000000000000328b      0x69a core/timer_if.o
                                        0xc4c (size before relaxing)
 .debug_str     0x0000000000003925      0x22e core/rtc.o
                                        0xb1c (size before relaxing)
 .debug_str     0x0000000000003b53       0x15 core/error_handler.o
                                        0x18d (size before relaxing)
 .debug_str     0x0000000000003b68      0x53b core/stm32_adv_trace.o
                                        0x89c (size before relaxing)
 .debug_str     0x00000000000040a3       0x76 core/stm32_tiny_vsnprintf.o
                                        0x245 (size before relaxing)
 .debug_str     0x0000000000004119       0x3d core/stm32_trace_driver.o
                                        0x3cf (size before relaxing)
 .debug_str     0x0000000000004156      0xaf3 radio_driver/radio.o
                                       0x278a (size before relaxing)